------------------------------------------------------------
TimeQuest Timing Analyzer Summary
------------------------------------------------------------

Type  : Slow 1200mV 85C Model Setup 'DE0_SOPC_inst|the_altpll_0|sd1|pll7|clk[0]'
Slack : 7.230
TNS   : 0.000

Type  : Slow 1200mV 85C Model Setup 'DE0_SOPC_inst|the_altpll_0|sd1|pll7|clk[1]'
Slack : 10.236
TNS   : 0.000

Type  : Slow 1200mV 85C Model Setup 'CLOCK_50'
Slack : 18.354
TNS   : 0.000

Type  : Slow 1200mV 85C Model Setup 'altera_reserved_tck'
Slack : 46.908
TNS   : 0.000

Type  : Slow 1200mV 85C Model Setup 'DE0_SOPC_inst|the_altpll_0|sd1|pll7|clk[2]'
Slack : 89.981
TNS   : 0.000

Type  : Slow 1200mV 85C Model Hold 'DE0_SOPC_inst|the_altpll_0|sd1|pll7|clk[0]'
Slack : 0.238
TNS   : 0.000

Type  : Slow 1200mV 85C Model Hold 'altera_reserved_tck'
Slack : 0.344
TNS   : 0.000

Type  : Slow 1200mV 85C Model Hold 'DE0_SOPC_inst|the_altpll_0|sd1|pll7|clk[2]'
Slack : 0.356
TNS   : 0.000

Type  : Slow 1200mV 85C Model Hold 'DE0_SOPC_inst|the_altpll_0|sd1|pll7|clk[1]'
Slack : 0.358
TNS   : 0.000

Type  : Slow 1200mV 85C Model Hold 'CLOCK_50'
Slack : 0.359
TNS   : 0.000

Type  : Slow 1200mV 85C Model Recovery 'DE0_SOPC_inst|the_altpll_0|sd1|pll7|clk[0]'
Slack : 6.425
TNS   : 0.000

Type  : Slow 1200mV 85C Model Recovery 'DE0_SOPC_inst|the_altpll_0|sd1|pll7|clk[1]'
Slack : 14.050
TNS   : 0.000

Type  : Slow 1200mV 85C Model Recovery 'DE0_SOPC_inst|the_altpll_0|sd1|pll7|clk[2]'
Slack : 16.183
TNS   : 0.000

Type  : Slow 1200mV 85C Model Recovery 'CLOCK_50'
Slack : 18.276
TNS   : 0.000

Type  : Slow 1200mV 85C Model Recovery 'altera_reserved_tck'
Slack : 48.359
TNS   : 0.000

Type  : Slow 1200mV 85C Model Removal 'CLOCK_50'
Slack : 0.599
TNS   : 0.000

Type  : Slow 1200mV 85C Model Removal 'altera_reserved_tck'
Slack : 0.890
TNS   : 0.000

Type  : Slow 1200mV 85C Model Removal 'DE0_SOPC_inst|the_altpll_0|sd1|pll7|clk[2]'
Slack : 2.191
TNS   : 0.000

Type  : Slow 1200mV 85C Model Removal 'DE0_SOPC_inst|the_altpll_0|sd1|pll7|clk[0]'
Slack : 2.561
TNS   : 0.000

Type  : Slow 1200mV 85C Model Removal 'DE0_SOPC_inst|the_altpll_0|sd1|pll7|clk[1]'
Slack : 2.936
TNS   : 0.000

Type  : Slow 1200mV 85C Model Minimum Pulse Width 'CLOCK_50'
Slack : 9.591
TNS   : 0.000

Type  : Slow 1200mV 85C Model Minimum Pulse Width 'DE0_SOPC_inst|the_altpll_0|sd1|pll7|clk[0]'
Slack : 9.652
TNS   : 0.000

Type  : Slow 1200mV 85C Model Minimum Pulse Width 'DE0_SOPC_inst|the_altpll_0|sd1|pll7|clk[1]'
Slack : 9.754
TNS   : 0.000

Type  : Slow 1200mV 85C Model Minimum Pulse Width 'CLOCK_50_2'
Slack : 16.000
TNS   : 0.000

Type  : Slow 1200mV 85C Model Minimum Pulse Width 'altera_reserved_tck'
Slack : 49.524
TNS   : 0.000

Type  : Slow 1200mV 85C Model Minimum Pulse Width 'DE0_SOPC_inst|the_altpll_0|sd1|pll7|clk[2]'
Slack : 49.733
TNS   : 0.000

Type  : Slow 1200mV 0C Model Setup 'DE0_SOPC_inst|the_altpll_0|sd1|pll7|clk[0]'
Slack : 7.584
TNS   : 0.000

Type  : Slow 1200mV 0C Model Setup 'DE0_SOPC_inst|the_altpll_0|sd1|pll7|clk[1]'
Slack : 11.221
TNS   : 0.000

Type  : Slow 1200mV 0C Model Setup 'CLOCK_50'
Slack : 18.542
TNS   : 0.000

Type  : Slow 1200mV 0C Model Setup 'altera_reserved_tck'
Slack : 47.271
TNS   : 0.000

Type  : Slow 1200mV 0C Model Setup 'DE0_SOPC_inst|the_altpll_0|sd1|pll7|clk[2]'
Slack : 90.919
TNS   : 0.000

Type  : Slow 1200mV 0C Model Hold 'DE0_SOPC_inst|the_altpll_0|sd1|pll7|clk[0]'
Slack : 0.232
TNS   : 0.000

Type  : Slow 1200mV 0C Model Hold 'altera_reserved_tck'
Slack : 0.300
TNS   : 0.000

Type  : Slow 1200mV 0C Model Hold 'DE0_SOPC_inst|the_altpll_0|sd1|pll7|clk[2]'
Slack : 0.311
TNS   : 0.000

Type  : Slow 1200mV 0C Model Hold 'CLOCK_50'
Slack : 0.312
TNS   : 0.000

Type  : Slow 1200mV 0C Model Hold 'DE0_SOPC_inst|the_altpll_0|sd1|pll7|clk[1]'
Slack : 0.312
TNS   : 0.000

Type  : Slow 1200mV 0C Model Recovery 'DE0_SOPC_inst|the_altpll_0|sd1|pll7|clk[0]'
Slack : 6.824
TNS   : 0.000

Type  : Slow 1200mV 0C Model Recovery 'DE0_SOPC_inst|the_altpll_0|sd1|pll7|clk[1]'
Slack : 14.335
TNS   : 0.000

Type  : Slow 1200mV 0C Model Recovery 'DE0_SOPC_inst|the_altpll_0|sd1|pll7|clk[2]'
Slack : 16.599
TNS   : 0.000

Type  : Slow 1200mV 0C Model Recovery 'CLOCK_50'
Slack : 18.402
TNS   : 0.000

Type  : Slow 1200mV 0C Model Recovery 'altera_reserved_tck'
Slack : 48.587
TNS   : 0.000

Type  : Slow 1200mV 0C Model Removal 'CLOCK_50'
Slack : 0.666
TNS   : 0.000

Type  : Slow 1200mV 0C Model Removal 'altera_reserved_tck'
Slack : 0.799
TNS   : 0.000

Type  : Slow 1200mV 0C Model Removal 'DE0_SOPC_inst|the_altpll_0|sd1|pll7|clk[2]'
Slack : 2.007
TNS   : 0.000

Type  : Slow 1200mV 0C Model Removal 'DE0_SOPC_inst|the_altpll_0|sd1|pll7|clk[0]'
Slack : 2.301
TNS   : 0.000

Type  : Slow 1200mV 0C Model Removal 'DE0_SOPC_inst|the_altpll_0|sd1|pll7|clk[1]'
Slack : 2.645
TNS   : 0.000

Type  : Slow 1200mV 0C Model Minimum Pulse Width 'CLOCK_50'
Slack : 9.588
TNS   : 0.000

Type  : Slow 1200mV 0C Model Minimum Pulse Width 'DE0_SOPC_inst|the_altpll_0|sd1|pll7|clk[0]'
Slack : 9.681
TNS   : 0.000

Type  : Slow 1200mV 0C Model Minimum Pulse Width 'DE0_SOPC_inst|the_altpll_0|sd1|pll7|clk[1]'
Slack : 9.749
TNS   : 0.000

Type  : Slow 1200mV 0C Model Minimum Pulse Width 'CLOCK_50_2'
Slack : 16.000
TNS   : 0.000

Type  : Slow 1200mV 0C Model Minimum Pulse Width 'altera_reserved_tck'
Slack : 49.466
TNS   : 0.000

Type  : Slow 1200mV 0C Model Minimum Pulse Width 'DE0_SOPC_inst|the_altpll_0|sd1|pll7|clk[2]'
Slack : 49.740
TNS   : 0.000

Type  : Fast 1200mV 0C Model Setup 'DE0_SOPC_inst|the_altpll_0|sd1|pll7|clk[0]'
Slack : 8.527
TNS   : 0.000

Type  : Fast 1200mV 0C Model Setup 'DE0_SOPC_inst|the_altpll_0|sd1|pll7|clk[1]'
Slack : 14.389
TNS   : 0.000

Type  : Fast 1200mV 0C Model Setup 'CLOCK_50'
Slack : 19.091
TNS   : 0.000

Type  : Fast 1200mV 0C Model Setup 'altera_reserved_tck'
Slack : 48.609
TNS   : 0.000

Type  : Fast 1200mV 0C Model Setup 'DE0_SOPC_inst|the_altpll_0|sd1|pll7|clk[2]'
Slack : 94.175
TNS   : 0.000

Type  : Fast 1200mV 0C Model Hold 'DE0_SOPC_inst|the_altpll_0|sd1|pll7|clk[0]'
Slack : 0.104
TNS   : 0.000

Type  : Fast 1200mV 0C Model Hold 'altera_reserved_tck'
Slack : 0.178
TNS   : 0.000

Type  : Fast 1200mV 0C Model Hold 'DE0_SOPC_inst|the_altpll_0|sd1|pll7|clk[2]'
Slack : 0.184
TNS   : 0.000

Type  : Fast 1200mV 0C Model Hold 'CLOCK_50'
Slack : 0.187
TNS   : 0.000

Type  : Fast 1200mV 0C Model Hold 'DE0_SOPC_inst|the_altpll_0|sd1|pll7|clk[1]'
Slack : 0.187
TNS   : 0.000

Type  : Fast 1200mV 0C Model Recovery 'DE0_SOPC_inst|the_altpll_0|sd1|pll7|clk[0]'
Slack : 7.896
TNS   : 0.000

Type  : Fast 1200mV 0C Model Recovery 'DE0_SOPC_inst|the_altpll_0|sd1|pll7|clk[1]'
Slack : 15.125
TNS   : 0.000

Type  : Fast 1200mV 0C Model Recovery 'DE0_SOPC_inst|the_altpll_0|sd1|pll7|clk[2]'
Slack : 17.749
TNS   : 0.000

Type  : Fast 1200mV 0C Model Recovery 'CLOCK_50'
Slack : 18.922
TNS   : 0.000

Type  : Fast 1200mV 0C Model Recovery 'altera_reserved_tck'
Slack : 49.367
TNS   : 0.000

Type  : Fast 1200mV 0C Model Removal 'CLOCK_50'
Slack : 0.278
TNS   : 0.000

Type  : Fast 1200mV 0C Model Removal 'altera_reserved_tck'
Slack : 0.489
TNS   : 0.000

Type  : Fast 1200mV 0C Model Removal 'DE0_SOPC_inst|the_altpll_0|sd1|pll7|clk[2]'
Slack : 1.211
TNS   : 0.000

Type  : Fast 1200mV 0C Model Removal 'DE0_SOPC_inst|the_altpll_0|sd1|pll7|clk[0]'
Slack : 1.482
TNS   : 0.000

Type  : Fast 1200mV 0C Model Removal 'DE0_SOPC_inst|the_altpll_0|sd1|pll7|clk[1]'
Slack : 1.692
TNS   : 0.000

Type  : Fast 1200mV 0C Model Minimum Pulse Width 'CLOCK_50'
Slack : 9.267
TNS   : 0.000

Type  : Fast 1200mV 0C Model Minimum Pulse Width 'DE0_SOPC_inst|the_altpll_0|sd1|pll7|clk[0]'
Slack : 9.746
TNS   : 0.000

Type  : Fast 1200mV 0C Model Minimum Pulse Width 'DE0_SOPC_inst|the_altpll_0|sd1|pll7|clk[1]'
Slack : 9.781
TNS   : 0.000

Type  : Fast 1200mV 0C Model Minimum Pulse Width 'CLOCK_50_2'
Slack : 16.000
TNS   : 0.000

Type  : Fast 1200mV 0C Model Minimum Pulse Width 'altera_reserved_tck'
Slack : 49.293
TNS   : 0.000

Type  : Fast 1200mV 0C Model Minimum Pulse Width 'DE0_SOPC_inst|the_altpll_0|sd1|pll7|clk[2]'
Slack : 49.747
TNS   : 0.000

------------------------------------------------------------
