Archive member included because of file (symbol)

c:/altera/12.0sp2/nios2eds/bin/gnu/h-i686-mingw32/bin/../lib/gcc/nios2-elf/4.1.2/../../../../nios2-elf/lib\libc.a(lib_a-puts.o)
                              obj/default/hello_world.o (puts)
c:/altera/12.0sp2/nios2eds/bin/gnu/h-i686-mingw32/bin/../lib/gcc/nios2-elf/4.1.2/../../../../nios2-elf/lib\libc.a(lib_a-strlen.o)
                              c:/altera/12.0sp2/nios2eds/bin/gnu/h-i686-mingw32/bin/../lib/gcc/nios2-elf/4.1.2/../../../../nios2-elf/lib\libc.a(lib_a-puts.o) (strlen)
c:/altera/12.0sp2/nios2eds/bin/gnu/h-i686-mingw32/bin/../lib/gcc/nios2-elf/4.1.2/../../../../nios2-elf/lib\libc.a(lib_a-fvwrite.o)
                              c:/altera/12.0sp2/nios2eds/bin/gnu/h-i686-mingw32/bin/../lib/gcc/nios2-elf/4.1.2/../../../../nios2-elf/lib\libc.a(lib_a-puts.o) (__sfvwrite_r)
c:/altera/12.0sp2/nios2eds/bin/gnu/h-i686-mingw32/bin/../lib/gcc/nios2-elf/4.1.2/../../../../nios2-elf/lib\libc.a(lib_a-impure.o)
                              c:/altera/12.0sp2/nios2eds/bin/gnu/h-i686-mingw32/bin/../lib/gcc/nios2-elf/4.1.2/../../../../nios2-elf/lib\libc.a(lib_a-puts.o) (_impure_ptr)
c:/altera/12.0sp2/nios2eds/bin/gnu/h-i686-mingw32/bin/../lib/gcc/nios2-elf/4.1.2/../../../../nios2-elf/lib\libc.a(lib_a-mallocr.o)
                              c:/altera/12.0sp2/nios2eds/bin/gnu/h-i686-mingw32/bin/../lib/gcc/nios2-elf/4.1.2/../../../../nios2-elf/lib\libc.a(lib_a-fvwrite.o) (_malloc_r)
c:/altera/12.0sp2/nios2eds/bin/gnu/h-i686-mingw32/bin/../lib/gcc/nios2-elf/4.1.2/../../../../nios2-elf/lib\libc.a(lib_a-memchr.o)
                              c:/altera/12.0sp2/nios2eds/bin/gnu/h-i686-mingw32/bin/../lib/gcc/nios2-elf/4.1.2/../../../../nios2-elf/lib\libc.a(lib_a-fvwrite.o) (memchr)
c:/altera/12.0sp2/nios2eds/bin/gnu/h-i686-mingw32/bin/../lib/gcc/nios2-elf/4.1.2/../../../../nios2-elf/lib\libc.a(lib_a-memcpy.o)
                              c:/altera/12.0sp2/nios2eds/bin/gnu/h-i686-mingw32/bin/../lib/gcc/nios2-elf/4.1.2/../../../../nios2-elf/lib\libc.a(lib_a-fvwrite.o) (memcpy)
c:/altera/12.0sp2/nios2eds/bin/gnu/h-i686-mingw32/bin/../lib/gcc/nios2-elf/4.1.2/../../../../nios2-elf/lib\libc.a(lib_a-memmove.o)
                              c:/altera/12.0sp2/nios2eds/bin/gnu/h-i686-mingw32/bin/../lib/gcc/nios2-elf/4.1.2/../../../../nios2-elf/lib\libc.a(lib_a-fvwrite.o) (memmove)
c:/altera/12.0sp2/nios2eds/bin/gnu/h-i686-mingw32/bin/../lib/gcc/nios2-elf/4.1.2/../../../../nios2-elf/lib\libc.a(lib_a-reallocr.o)
                              c:/altera/12.0sp2/nios2eds/bin/gnu/h-i686-mingw32/bin/../lib/gcc/nios2-elf/4.1.2/../../../../nios2-elf/lib\libc.a(lib_a-fvwrite.o) (_realloc_r)
c:/altera/12.0sp2/nios2eds/bin/gnu/h-i686-mingw32/bin/../lib/gcc/nios2-elf/4.1.2/../../../../nios2-elf/lib\libc.a(lib_a-sbrkr.o)
                              c:/altera/12.0sp2/nios2eds/bin/gnu/h-i686-mingw32/bin/../lib/gcc/nios2-elf/4.1.2/../../../../nios2-elf/lib\libc.a(lib_a-mallocr.o) (_sbrk_r)
c:/altera/12.0sp2/nios2eds/bin/gnu/h-i686-mingw32/bin/../lib/gcc/nios2-elf/4.1.2/../../../../nios2-elf/lib\libc.a(lib_a-wsetup.o)
                              c:/altera/12.0sp2/nios2eds/bin/gnu/h-i686-mingw32/bin/../lib/gcc/nios2-elf/4.1.2/../../../../nios2-elf/lib\libc.a(lib_a-fvwrite.o) (__swsetup_r)
c:/altera/12.0sp2/nios2eds/bin/gnu/h-i686-mingw32/bin/../lib/gcc/nios2-elf/4.1.2/../../../../nios2-elf/lib\libc.a(lib_a-fflush.o)
                              c:/altera/12.0sp2/nios2eds/bin/gnu/h-i686-mingw32/bin/../lib/gcc/nios2-elf/4.1.2/../../../../nios2-elf/lib\libc.a(lib_a-fvwrite.o) (_fflush_r)
c:/altera/12.0sp2/nios2eds/bin/gnu/h-i686-mingw32/bin/../lib/gcc/nios2-elf/4.1.2/../../../../nios2-elf/lib\libc.a(lib_a-findfp.o)
                              c:/altera/12.0sp2/nios2eds/bin/gnu/h-i686-mingw32/bin/../lib/gcc/nios2-elf/4.1.2/../../../../nios2-elf/lib\libc.a(lib_a-wsetup.o) (__sinit)
c:/altera/12.0sp2/nios2eds/bin/gnu/h-i686-mingw32/bin/../lib/gcc/nios2-elf/4.1.2/../../../../nios2-elf/lib\libc.a(lib_a-freer.o)
                              c:/altera/12.0sp2/nios2eds/bin/gnu/h-i686-mingw32/bin/../lib/gcc/nios2-elf/4.1.2/../../../../nios2-elf/lib\libc.a(lib_a-fvwrite.o) (_free_r)
c:/altera/12.0sp2/nios2eds/bin/gnu/h-i686-mingw32/bin/../lib/gcc/nios2-elf/4.1.2/../../../../nios2-elf/lib\libc.a(lib_a-fwalk.o)
                              c:/altera/12.0sp2/nios2eds/bin/gnu/h-i686-mingw32/bin/../lib/gcc/nios2-elf/4.1.2/../../../../nios2-elf/lib\libc.a(lib_a-fflush.o) (_fwalk_reent)
c:/altera/12.0sp2/nios2eds/bin/gnu/h-i686-mingw32/bin/../lib/gcc/nios2-elf/4.1.2/../../../../nios2-elf/lib\libc.a(lib_a-int_errno.o)
                              c:/altera/12.0sp2/nios2eds/bin/gnu/h-i686-mingw32/bin/../lib/gcc/nios2-elf/4.1.2/../../../../nios2-elf/lib\libc.a(lib_a-sbrkr.o) (errno)
c:/altera/12.0sp2/nios2eds/bin/gnu/h-i686-mingw32/bin/../lib/gcc/nios2-elf/4.1.2/../../../../nios2-elf/lib\libc.a(lib_a-makebuf.o)
[...]
Memory Configuration

Name             Origin             Length             Attributes
sdram            0x01800000         0x00800000
reset            0x02400000         0x00000020
cfi_flash        0x02400020         0x003fffe0
onchip_mem_BEFORE_EXCEPTION 0x02808000         0x00000020
onchip_mem       0x02808020         0x000077e0
*default*        0x00000000         0xffffffff

Linker script and memory map

LOAD ../testing_bsp//obj/HAL/src/crt0.o
LOAD obj/default/hello_world.o
LOAD c:/altera/12.0sp2/nios2eds/bin/gnu/h-i686-mingw32/bin/../lib/gcc/nios2-elf/4.1.2/../../../../nios2-elf/lib\libstdc++.a
LOAD c:/altera/12.0sp2/nios2eds/bin/gnu/h-i686-mingw32/bin/../lib/gcc/nios2-elf/4.1.2/../../../../nios2-elf/lib\libm.a
LOAD c:/altera/12.0sp2/nios2eds/bin/gnu/h-i686-mingw32/bin/../lib/gcc/nios2-elf/4.1.2\libgcc.a
START GROUP
LOAD c:/altera/12.0sp2/nios2eds/bin/gnu/h-i686-mingw32/bin/../lib/gcc/nios2-elf/4.1.2/../../../../nios2-elf/lib\libc.a
LOAD c:/altera/12.0sp2/nios2eds/bin/gnu/h-i686-mingw32/bin/../lib/gcc/nios2-elf/4.1.2\libgcc.a
LOAD ../testing_bsp/\libhal_bsp.a
END GROUP
LOAD c:/altera/12.0sp2/nios2eds/bin/gnu/h-i686-mingw32/bin/../lib/gcc/nios2-elf/4.1.2\libgcc.a
                0x01800000                __alt_mem_sdram = 0x1800000
                0x02400000                __alt_mem_cfi_flash = 0x2400000
                0x02808000                __alt_mem_onchip_mem = 0x2808000

.entry          0x02400000        0x0
 *(.entry)
 .entry         0x02400000        0x0 ../testing_bsp//obj/HAL/src/crt0.o
                0x02400000                __reset

.exceptions     0x02808020      0x20c
                0x02808020                PROVIDE (__ram_exceptions_start, ABSOLUTE (.))
                0x02808020                . = ALIGN (0x20)
 *(.irq)
 *(.exceptions.entry.label)
 .exceptions.entry.label
                0x02808020        0x0 ../testing_bsp/\libhal_bsp.a(alt_irq_entry.o)
                0x02808020                alt_irq_entry
 .exceptions.entry.label
                0x02808020        0x0 ../testing_bsp/\libhal_bsp.a(alt_exception_entry.o)
                0x02808020                alt_exception
 *(.exceptions.entry.user)
 *(.exceptions.entry)
 .exceptions.entry
                0x02808020       0x54 ../testing_bsp/\libhal_bsp.a(alt_exception_entry.o)
 *(.exceptions.irqtest.user)
 *(.exceptions.irqtest)
 .exceptions.irqtest
                0x02808074       0x10 ../testing_bsp/\libhal_bsp.a(alt_irq_entry.o)
 *(.exceptions.irqhandler.user)
 *(.exceptions.irqhandler)
 .exceptions.irqhandler
                0x02808084        0x4 ../testing_bsp/\libhal_bsp.a(alt_irq_entry.o)
 *(.exceptions.irqreturn.user)
 *(.exceptions.irqreturn)
 .exceptions.irqreturn
                0x02808088        0x4 ../testing_bsp/\libhal_bsp.a(alt_irq_entry.o)
 *(.exceptions.notirq.label)
 .exceptions.notirq.label
                0x0280808c        0x0 ../testing_bsp/\libhal_bsp.a(alt_irq_entry.o)
 *(.exceptions.notirq.user)
 *(.exceptions.notirq)
 .exceptions.notirq
                0x0280808c        0x8 ../testing_bsp/\libhal_bsp.a(alt_exception_entry.o)
 *(.exceptions.soft.user)
 *(.exceptions.soft)
 *(.exceptions.unknown.user)
 *(.exceptions.unknown)
 .exceptions.unknown
                0x02808094       0x14 ../testing_bsp/\libhal_bsp.a(alt_exception_entry.o)
 *(.exceptions.exit.label)
 .exceptions.exit.label
                0x028080a8        0x0 ../testing_bsp/\libhal_bsp.a(alt_irq_entry.o)
 .exceptions.exit.label
                0x028080a8        0x0 ../testing_bsp/\libhal_bsp.a(alt_exception_entry.o)
 *(.exceptions.exit.user)
 *(.exceptions.exit)
 .exceptions.exit
                0x028080a8       0x54 ../testing_bsp/\libhal_bsp.a(alt_exception_entry.o)
 *(.exceptions)
 .exceptions    0x028080fc       0xc8 ../testing_bsp/\libhal_bsp.a(alt_irq_handler.o)
                0x028080fc                alt_irq_handler
 .exceptions    0x028081c4       0x68 ../testing_bsp/\libhal_bsp.a(alt_instruction_exception_entry.o)
                0x028081c4                alt_instruction_exception_entry
                0x0280822c                PROVIDE (__ram_exceptions_end, ABSOLUTE (.))
                0x02808020                PROVIDE (__flash_exceptions_start, LOADADDR (.exceptions))

.text           0x01800000     0x94b4
                0x01800000                PROVIDE (stext, ABSOLUTE (.))
 *(.interp)
 *(.hash)
 *(.dynsym)
 *(.dynstr)
 *(.gnu.version)
 *(.gnu.version_d)
 *(.gnu.version_r)
 *(.rel.init)
 *(.rela.init)
 *(.rel.text .rel.text.* .rel.gnu.linkonce.t.*)
 *(.rela.text .rela.text.* .rela.gnu.linkonce.t.*)
 *(.rel.fini)
 *(.rela.fini)
 *(.rel.rodata .rel.rodata.* .rel.gnu.linkonce.r.*)
 *(.rela.rodata .rela.rodata.* .rela.gnu.linkonce.r.*)
 *(.rel.data .rel.data.* .rel.gnu.linkonce.d.*)
 *(.rela.data .rela.data.* .rela.gnu.linkonce.d.*)
 *(.rel.tdata .rel.tdata.* .rel.gnu.linkonce.td.*)
 *(.rela.tdata .rela.tdata.* .rela.gnu.linkonce.td.*)
 *(.rel.tbss .rel.tbss.* .rel.gnu.linkonce.tb.*)
 *(.rela.tbss .rela.tbss.* .rela.gnu.linkonce.tb.*)
 *(.rel.ctors)
 *(.rela.ctors)
 *(.rel.dtors)
 *(.rela.dtors)
 *(.rel.got)
 *(.rela.got)
 *(.rel.sdata .rel.sdata.* .rel.gnu.linkonce.s.*)
 *(.rela.sdata .rela.sdata.* .rela.gnu.linkonce.s.*)
 *(.rel.sbss .rel.sbss.* .rel.gnu.linkonce.sb.*)
 *(.rela.sbss .rela.sbss.* .rela.gnu.linkonce.sb.*)
 *(.rel.sdata2 .rel.sdata2.* .rel.gnu.linkonce.s2.*)
 *(.rela.sdata2 .rela.sdata2.* .rela.gnu.linkonce.s2.*)
 *(.rel.sbss2 .rel.sbss2.* .rel.gnu.linkonce.sb2.*)
 *(.rela.sbss2 .rela.sbss2.* .rela.gnu.linkonce.sb2.*)
 *(.rel.bss .rel.bss.* .rel.gnu.linkonce.b.*)
 *(.rela.bss .rela.bss.* .rela.gnu.linkonce.b.*)
 *(.rel.plt)
 *(.rela.plt)
 *(.rel.dyn)
 *(.init)
 *(.plt)
 *(.text .stub .text.* .gnu.linkonce.t.*)
 .text          0x01800000       0x48 ../testing_bsp//obj/HAL/src/crt0.o
                0x01800000                _start
 .text          0x01800048       0x34 obj/default/hello_world.o
                0x01800048                main
 .text          0x0180007c       0xb4 c:/altera/12.0sp2/nios2eds/bin/gnu/h-i686-mingw32/bin/../lib/gcc/nios2-elf/4.1.2/../../../../nios2-elf/lib\libc.a(lib_a-puts.o)
                0x0180007c                _puts_r
                0x0180011c                puts
 .text          0x01800130       0x74 c:/altera/12.0sp2/nios2eds/bin/gnu/h-i686-mingw32/bin/../lib/gcc/nios2-elf/4.1.2/../../../../nios2-elf/lib\libc.a(lib_a-strlen.o)
                0x01800130                strlen
 .text          0x018001a4      0x49c c:/altera/12.0sp2/nios2eds/bin/gnu/h-i686-mingw32/bin/../lib/gcc/nios2-elf/4.1.2/../../../../nios2-elf/lib\libc.a(lib_a-fvwrite.o)
                0x018001a4                __sfvwrite_r
 .text          0x01800640        0x0 c:/altera/12.0sp2/nios2eds/bin/gnu/h-i686-mingw32/bin/../lib/gcc/nios2-elf/4.1.2/../../../../nios2-elf/lib\libc.a(lib_a-impure.o)
 .text          0x01800640      0x740 c:/altera/12.0sp2/nios2eds/bin/gnu/h-i686-mingw32/bin/../lib/gcc/nios2-elf/4.1.2/../../../../nios2-elf/lib\libc.a(lib_a-mallocr.o)
                0x01800640                _malloc_r
 .text          0x01800d80       0xe4 c:/altera/12.0sp2/nios2eds/bin/gnu/h-i686-mingw32/bin/../lib/gcc/nios2-elf/4.1.2/../../../../nios2-elf/lib\libc.a(lib_a-memchr.o)
                0x01800d80                memchr
 .text          0x01800e64       0xa0 c:/altera/12.0sp2/nios2eds/bin/gnu/h-i686-mingw32/bin/../lib/gcc/nios2-elf/4.1.2/../../../../nios2-elf/lib\libc.a(lib_a-memcpy.o)
                0x01800e64                memcpy
 .text          0x01800f04       0xe0 c:/altera/12.0sp2/nios2eds/bin/gnu/h-i686-mingw32/bin/../lib/gcc/nios2-elf/4.1.2/../../../../nios2-elf/lib\libc.a(lib_a-memmove.o)
                0x01800f04                memmove
 .text          0x01800fe4      0x5f4 c:/altera/12.0sp2/nios2eds/bin/gnu/h-i686-mingw32/bin/../lib/gcc/nios2-elf/4.1.2/../../../../nios2-elf/lib\libc.a(lib_a-reallocr.o)
                0x01800fe4                _realloc_r
 .text          0x018015d8       0x70 c:/altera/12.0sp2/nios2eds/bin/gnu/h-i686-mingw32/bin/../lib/gcc/nios2-elf/4.1.2/../../../../nios2-elf/lib\libc.a(lib_a-sbrkr.o)
                0x018015d8                _sbrk_r
 .text          0x01801648      0x13c c:/altera/12.0sp2/nios2eds/bin/gnu/h-i686-mingw32/bin/../lib/gcc/nios2-elf/4.1.2/../../../../nios2-elf/lib\libc.a(lib_a-wsetup.o)
                0x01801648                __swsetup_r
 .text          0x01801784      0x230 c:/altera/12.0sp2/nios2eds/bin/gnu/h-i686-mingw32/bin/../lib/gcc/nios2-elf/4.1.2/../../../../nios2-elf/lib\libc.a(lib_a-fflush.o)
                0x01801784                _fflush_r
                0x01801980                fflush
 .text          0x018019b4      0x2c0 c:/altera/12.0sp2/nios2eds/bin/gnu/h-i686-mingw32/bin/../lib/gcc/nios2-elf/4.1.2/../../../../nios2-elf/lib\libc.a(lib_a-findfp.o)
                0x01801a0c                __sfp_lock_acquire
                0x01801a10                __sfp_lock_release
                0x01801a14                __sinit_lock_acquire
                0x01801a18                __sinit_lock_release
                0x01801a1c                __sinit
                0x01801ad0                __fp_unlock_all
                0x01801ae8                __fp_lock_all
                0x01801b00                _cleanup_r
                0x01801b0c                _cleanup
                0x01801b1c                __sfmoreglue
                0x01801b84                __sfp
 .text          0x01801c74      0x440 c:/altera/12.0sp2/nios2eds/bin/gnu/h-i686-mingw32/bin/../lib/gcc/nios2-elf/4.1.2/../../../../nios2-elf/lib\libc.a(lib_a-freer.o)
                0x01801c74                _malloc_trim_r
                0x01801da0                _free_r
 .text          0x018020b4      0x180 c:/altera/12.0sp2/nios2eds/bin/gnu/h-i686-mingw32/bin/../lib/gcc/nios2-elf/4.1.2/../../../../nios2-elf/lib\libc.a(lib_a-fwalk.o)
                0x018020b4                _fwalk_reent
                0x0180217c                _fwalk
 .text          0x01802234        0x0 c:/altera/12.0sp2/nios2eds/bin/gnu/h-i686-mingw32/bin/../lib/gcc/nios2-elf/4.1.2/../../../../nios2-elf/lib\libc.a(lib_a-int_errno.o)
 .text          0x01802234      0x194 c:/altera/12.0sp2/nios2eds/bin/gnu/h-i686-mingw32/bin/../lib/gcc/nios2-elf/4.1.2/../../../../nios2-elf/lib\libc.a(lib_a-makebuf.o)
                0x01802234                __smakebuf_r
 .text          0x018023c8       0x98 c:/altera/12.0sp2/nios2eds/bin/gnu/h-i686-mingw32/bin/../lib/gcc/nios2-elf/4.1.2/../../../../nios2-elf/lib\libc.a(lib_a-memset.o)
                0x018023c8                memset
 .text          0x01802460      0x14c c:/altera/12.0sp2/nios2eds/bin/gnu/h-i686-mingw32/bin/../lib/gcc/nios2-elf/4.1.2/../../../../nios2-elf/lib\libc.a(lib_a-stdio.o)
                0x01802460                __sclose
                0x01802468                __sseek
                0x018024d0                __swrite
                0x0180254c                __sread
 .text          0x018025ac       0x78 c:/altera/12.0sp2/nios2eds/bin/gnu/h-i686-mingw32/bin/../lib/gcc/nios2-elf/4.1.2/../../../../nios2-elf/lib\libc.a(lib_a-writer.o)
                0x018025ac                _write_r
 .text          0x01802624       0x70 c:/altera/12.0sp2/nios2eds/bin/gnu/h-i686-mingw32/bin/../lib/gcc/nios2-elf/4.1.2/../../../../nios2-elf/lib\libc.a(lib_a-closer.o)
                0x01802624                _close_r
 .text          0x01802694      0x124 c:/altera/12.0sp2/nios2eds/bin/gnu/h-i686-mingw32/bin/../lib/gcc/nios2-elf/4.1.2/../../../../nios2-elf/lib\libc.a(lib_a-fclose.o)
                0x01802694                _fclose_r
                0x018027a4                fclose
 .text          0x018027b8       0x74 c:/altera/12.0sp2/nios2eds/bin/gnu/h-i686-mingw32/bin/../lib/gcc/nios2-elf/4.1.2/../../../../nios2-elf/lib\libc.a(lib_a-fstatr.o)
                0x018027b8                _fstat_r
 .text          0x0180282c       0x70 c:/altera/12.0sp2/nios2eds/bin/gnu/h-i686-mingw32/bin/../lib/gcc/nios2-elf/4.1.2/../../../../nios2-elf/lib\libc.a(lib_a-isattyr.o)
                0x0180282c                _isatty_r
 .text          0x0180289c       0x78 c:/altera/12.0sp2/nios2eds/bin/gnu/h-i686-mingw32/bin/../lib/gcc/nios2-elf/4.1.2/../../../../nios2-elf/lib\libc.a(lib_a-lseekr.o)
                0x0180289c                _lseek_r
 .text          0x01802914       0x78 c:/altera/12.0sp2/nios2eds/bin/gnu/h-i686-mingw32/bin/../lib/gcc/nios2-elf/4.1.2/../../../../nios2-elf/lib\libc.a(lib_a-readr.o)
                0x01802914                _read_r
 .text          0x0180298c      0x15c ../testing_bsp/\libhal_bsp.a(alt_close.o)
                0x0180298c                close
 .text          0x01802ae8       0x2c ../testing_bsp/\libhal_bsp.a(alt_dev.o)
 .text          0x01802b14        0x0 ../testing_bsp/\libhal_bsp.a(alt_errno.o)
 .text          0x01802b14      0x134 ../testing_bsp/\libhal_bsp.a(alt_fstat.o)
                0x01802b14                fstat
 .text          0x01802c48      0x120 ../testing_bsp/\libhal_bsp.a(alt_isatty.o)
                0x01802c48                isatty
 .text          0x01802d68      0x150 ../testing_bsp/\libhal_bsp.a(alt_lseek.o)
                0x01802d68                lseek
 .text          0x01802eb8       0x6c ../testing_bsp/\libhal_bsp.a(alt_main.o)
                0x01802eb8                alt_main
 .text          0x01802f24       0x40 ../testing_bsp/\libhal_bsp.a(alt_malloc_lock.o)
                0x01802f24                __malloc_lock
                0x01802f44                __malloc_unlock
 .text          0x01802f64      0x180 ../testing_bsp/\libhal_bsp.a(alt_read.o)
                0x01802f64                read
 .text          0x018030e4       0x60 ../testing_bsp/\libhal_bsp.a(alt_release_fd.o)
                0x018030e4                alt_release_fd
 .text          0x01803144       0xbc ../testing_bsp/\libhal_bsp.a(alt_sbrk.o)
                0x01803144                sbrk
 .text          0x01803200      0x180 ../testing_bsp/\libhal_bsp.a(alt_write.o)
                0x01803200                write
 .text          0x01803380      0x108 ../testing_bsp/\libhal_bsp.a(alt_sys_init.o)
                0x01803380                alt_irq_init
                0x018033b4                alt_sys_init
 .text          0x01803488      0x8d8 ../testing_bsp/\libhal_bsp.a(altera_avalon_cfi_flash.o)
                0x01803488                alt_flash_cfi_init
                0x0180355c                alt_flash_cfi_write
                0x0180381c                alt_flash_cfi_get_info
                0x018038ac                alt_flash_cfi_read
                0x01803914                alt_write_value_to_flash
                0x01803a78                alt_flash_program_block
 .text          0x01803d60     0x1448 ../testing_bsp/\libhal_bsp.a(altera_avalon_cfi_flash_table.o)
                0x01803d60                alt_read_query_entry_8bit
                0x01803da0                alt_read_query_entry_16bit
                0x01803de4                alt_read_query_entry_32bit
                0x01803e2c                alt_write_flash_command_8bit_device_8bit_mode
                0x01803e68                alt_write_flash_command_16bit_device_8bit_mode
                0x01803ee4                alt_write_flash_command_32bit_device_8bit_mode
                0x01803f2c                alt_write_flash_command_16bit_device_16bit_mode
                0x01803f70                alt_write_flash_command_32bit_device_16bit_mode
                0x01803fb8                alt_write_flash_command_32bit_device_32bit_mode
                0x01804000                alt_write_native_8bit
                0x01804034                alt_write_native_16bit
                0x01804068                alt_write_native_32bit
                0x01804098                alt_set_flash_width_func
                0x01804278                alt_set_flash_algorithm_func
                0x018043a0                alt_read_cfi_table
                0x01804920                alt_read_cfi_width
                0x018050cc                alt_check_primary_table
 .text          0x018051a8      0x148 ../testing_bsp/\libhal_bsp.a(altera_avalon_jtag_uart_fd.o)
                0x018051a8                altera_avalon_jtag_uart_read_fd
                0x01805200                altera_avalon_jtag_uart_write_fd
                0x01805258                altera_avalon_jtag_uart_close_fd
                0x018052a0                altera_avalon_jtag_uart_ioctl_fd
 .text          0x018052f0      0x40c ../testing_bsp/\libhal_bsp.a(altera_avalon_jtag_uart_init.o)
                0x018052f0                altera_avalon_jtag_uart_init
                0x01805688                altera_avalon_jtag_uart_close
 .text          0x018056fc       0xf4 ../testing_bsp/\libhal_bsp.a(altera_avalon_jtag_uart_ioctl.o)
                0x018056fc                altera_avalon_jtag_uart_ioctl
 .text          0x018057f0      0x224 ../testing_bsp/\libhal_bsp.a(altera_avalon_jtag_uart_read.o)
                0x018057f0                altera_avalon_jtag_uart_read
 .text          0x01805a14      0x240 ../testing_bsp/\libhal_bsp.a(altera_avalon_jtag_uart_write.o)
                0x01805a14                altera_avalon_jtag_uart_write
 .text          0x01805c54      0xee0 ../testing_bsp/\libhal_bsp.a(altera_avalon_lcd_16207.o)
                0x01806428                altera_avalon_lcd_16207_write
                0x018069f8                altera_avalon_lcd_16207_init
 .text          0x01806b34       0x58 ../testing_bsp/\libhal_bsp.a(altera_avalon_lcd_16207_fd.o)
                0x01806b34                altera_avalon_lcd_16207_write_fd
 .text          0x01806b8c      0x100 ../testing_bsp/\libhal_bsp.a(altera_avalon_timer_sc.o)
                0x01806bfc                alt_avalon_timer_sc_init
 .text          0x01806c8c       0xf8 ../testing_bsp/\libhal_bsp.a(altera_avalon_uart_fd.o)
                0x01806c8c                altera_avalon_uart_read_fd
                0x01806ce4                altera_avalon_uart_write_fd
                0x01806d3c                altera_avalon_uart_close_fd
 .text          0x01806d84      0x400 ../testing_bsp/\libhal_bsp.a(altera_avalon_uart_init.o)
                0x01806d84                altera_avalon_uart_init
                0x01807124                altera_avalon_uart_close
 .text          0x01807184      0x290 ../testing_bsp/\libhal_bsp.a(altera_avalon_uart_read.o)
                0x01807184                altera_avalon_uart_read
 .text          0x01807414      0x228 ../testing_bsp/\libhal_bsp.a(altera_avalon_uart_write.o)
                0x01807414                altera_avalon_uart_write
 .text          0x0180763c      0x154 ../testing_bsp/\libhal_bsp.a(alt_alarm_start.o)
                0x0180763c                alt_alarm_start
 .text          0x01807790       0x78 ../testing_bsp/\libhal_bsp.a(alt_dcache_flush.o)
                0x01807790                alt_dcache_flush
 .text          0x01807808      0x114 ../testing_bsp/\libhal_bsp.a(alt_dev_llist_insert.o)
                0x01807808                alt_dev_llist_insert
 .text          0x0180791c       0x64 ../testing_bsp/\libhal_bsp.a(alt_do_ctors.o)
                0x0180791c                _do_ctors
 .text          0x01807980       0x64 ../testing_bsp/\libhal_bsp.a(alt_do_dtors.o)
                0x01807980                _do_dtors
 .text          0x018079e4       0xd0 ../testing_bsp/\libhal_bsp.a(alt_flash_dev.o)
                0x018079e4                alt_flash_open_dev
                0x01807a60                alt_flash_close_dev
 .text          0x01807ab4      0x1d4 ../testing_bsp/\libhal_bsp.a(alt_iic.o)
                0x01807ab4                alt_ic_isr_register
                0x01807b04                alt_ic_irq_enable
                0x01807ba0                alt_ic_irq_disable
                0x01807c40                alt_ic_irq_enabled
 .text          0x01807c88       0xf8 ../testing_bsp/\libhal_bsp.a(alt_iic_isr_register.o)
                0x01807c88                alt_iic_isr_register
 .text          0x01807d80      0x13c ../testing_bsp/\libhal_bsp.a(alt_io_redirect.o)
                0x01807e44                alt_io_redirect
 .text          0x01807ebc        0x0 ../testing_bsp/\libhal_bsp.a(alt_irq_entry.o)
 .text          0x01807ebc        0x0 ../testing_bsp/\libhal_bsp.a(alt_irq_handler.o)
 .text          0x01807ebc        0x0 ../testing_bsp/\libhal_bsp.a(alt_irq_vars.o)
 .text          0x01807ebc      0x2c4 ../testing_bsp/\libhal_bsp.a(alt_open.o)
                0x01807f98                open
 .text          0x01808180      0x1a4 ../testing_bsp/\libhal_bsp.a(alt_tick.o)
                0x01808180                alt_alarm_stop
                0x01808218                alt_tick
 .text          0x01808324       0x30 ../testing_bsp/\libhal_bsp.a(alt_usleep.o)
                0x01808324                usleep
 .text          0x01808354       0x20 ../testing_bsp/\libhal_bsp.a(altera_nios2_irq.o)
                0x01808354                altera_nios2_irq_init
 .text          0x01808374      0x460 ../testing_bsp/\libhal_bsp.a(altera_avalon_cfi_flash_amd.o)
                0x01808374                alt_program_amd
                0x018083dc                alt_erase_block_amd
 .text          0x018087d4      0x460 ../testing_bsp/\libhal_bsp.a(altera_avalon_cfi_flash_intel.o)
                0x018087d4                alt_program_intel
                0x01808858                alt_erase_block_intel
 .text          0x01808c34      0x12c ../testing_bsp/\libhal_bsp.a(alt_busy_sleep.o)
                0x01808c34                alt_busy_sleep
 .text          0x01808d60        0x0 ../testing_bsp/\libhal_bsp.a(alt_exception_entry.o)
 .text          0x01808d60       0x94 ../testing_bsp/\libhal_bsp.a(alt_find_dev.o)
                0x01808d60                alt_find_dev
 .text          0x01808df4      0x120 ../testing_bsp/\libhal_bsp.a(alt_find_file.o)
                0x01808df4                alt_find_file
 .text          0x01808f14       0xb8 ../testing_bsp/\libhal_bsp.a(alt_get_fd.o)
                0x01808f14                alt_get_fd
 .text          0x01808fcc       0xdc ../testing_bsp/\libhal_bsp.a(alt_instruction_exception_entry.o)
                0x01808fcc                alt_exception_cause_generated_bad_addr
 .text          0x018090a8       0x14 c:/altera/12.0sp2/nios2eds/bin/gnu/h-i686-mingw32/bin/../lib/gcc/nios2-elf/4.1.2/../../../../nios2-elf/lib\libc.a(lib_a-atexit.o)
                0x018090a8                atexit
 .text          0x018090bc        0x0 c:/altera/12.0sp2/nios2eds/bin/gnu/h-i686-mingw32/bin/../lib/gcc/nios2-elf/4.1.2/../../../../nios2-elf/lib\libc.a(lib_a-ctype_.o)
 .text          0x018090bc       0x38 c:/altera/12.0sp2/nios2eds/bin/gnu/h-i686-mingw32/bin/../lib/gcc/nios2-elf/4.1.2/../../../../nios2-elf/lib\libc.a(lib_a-exit.o)
                0x018090bc                exit
 .text          0x018090f4       0x74 c:/altera/12.0sp2/nios2eds/bin/gnu/h-i686-mingw32/bin/../lib/gcc/nios2-elf/4.1.2/../../../../nios2-elf/lib\libc.a(lib_a-memcmp.o)
                0x018090f4                memcmp
 .text          0x01809168      0x134 c:/altera/12.0sp2/nios2eds/bin/gnu/h-i686-mingw32/bin/../lib/gcc/nios2-elf/4.1.2/../../../../nios2-elf/lib\libc.a(lib_a-__atexit.o)
                0x01809168                __register_exitproc
 .text          0x0180929c      0x1b4 c:/altera/12.0sp2/nios2eds/bin/gnu/h-i686-mingw32/bin/../lib/gcc/nios2-elf/4.1.2/../../../../nios2-elf/lib\libc.a(lib_a-__call_atexit.o)
                0x018092a0                __call_exitprocs
 .text          0x01809450       0x60 ../testing_bsp/\libhal_bsp.a(alt_exit.o)
                0x01809490                _exit
 *(.gnu.warning.*)
 *(.fini)
                0x018094b0                PROVIDE (__etext, ABSOLUTE (.))
                0x018094b0                PROVIDE (_etext, ABSOLUTE (.))
                0x018094b0                PROVIDE (etext, ABSOLUTE (.))
 *(.eh_frame_hdr)
                0x018094b0                . = ALIGN (0x4)
                0x018094b0                PROVIDE (__preinit_array_start, ABSOLUTE (.))
 *(.preinit_array)
                0x018094b0                PROVIDE (__preinit_array_end, ABSOLUTE (.))
                0x018094b0                PROVIDE (__init_array_start, ABSOLUTE (.))
 *(.init_array)
                0x018094b0                PROVIDE (__init_array_end, ABSOLUTE (.))
                0x018094b0                PROVIDE (__fini_array_start, ABSOLUTE (.))
 *(.fini_array)
                0x018094b0                PROVIDE (__fini_array_end, ABSOLUTE (.))
 *(.eh_frame)
 *(.gcc_except_table)
 *(.dynamic)
                0x018094b0                PROVIDE (__CTOR_LIST__, ABSOLUTE (.))
 *(.ctors)
 *(SORT(.ctors.*))
 .ctors.65535   0x018094b0        0x4 c:/altera/12.0sp2/nios2eds/bin/gnu/h-i686-mingw32/bin/../lib/gcc/nios2-elf/4.1.2/../../../../nios2-elf/lib\libc.a(lib_a-__call_atexit.o)
                0x018094b4                PROVIDE (__CTOR_END__, ABSOLUTE (.))
                0x018094b4                PROVIDE (__DTOR_LIST__, ABSOLUTE (.))
 *(.dtors)
 *(SORT(.dtors.*))
                0x018094b4                PROVIDE (__DTOR_END__, ABSOLUTE (.))
 *(.jcr)
                0x018094b4                . = ALIGN (0x4)

.rodata         0x018094b4      0x2f4
                0x018094b4                PROVIDE (__ram_rodata_start, ABSOLUTE (.))
                0x018094b4                . = ALIGN (0x4)
 *(.rodata .rodata.* .gnu.linkonce.r.*)
 .rodata        0x018094b4       0x14 obj/default/hello_world.o
 .rodata.str1.4
                0x018094c8        0x2 c:/altera/12.0sp2/nios2eds/bin/gnu/h-i686-mingw32/bin/../lib/gcc/nios2-elf/4.1.2/../../../../nios2-elf/lib\libc.a(lib_a-puts.o)
                                  0x4 (size before relaxing)
 *fill*         0x018094ca        0x2 00
 .rodata.str1.4
                0x018094cc        0x4 c:/altera/12.0sp2/nios2eds/bin/gnu/h-i686-mingw32/bin/../lib/gcc/nios2-elf/4.1.2/../../../../nios2-elf/lib\libc.a(lib_a-impure.o)
 .rodata        0x018094d0        0xc ../testing_bsp/\libhal_bsp.a(alt_dev.o)
 .rodata        0x018094dc       0x10 ../testing_bsp/\libhal_bsp.a(alt_main.o)
 .rodata        0x018094ec       0x38 ../testing_bsp/\libhal_bsp.a(alt_sys_init.o)
 .rodata        0x01809524      0x281 c:/altera/12.0sp2/nios2eds/bin/gnu/h-i686-mingw32/bin/../lib/gcc/nios2-elf/4.1.2/../../../../nios2-elf/lib\libc.a(lib_a-ctype_.o)
                0x01809524                _ctype_
 *(.rodata1)
                0x018097a8                . = ALIGN (0x4)
 *fill*         0x018097a5        0x3 00
                0x018097a8                PROVIDE (__ram_rodata_end, ABSOLUTE (.))
                0x018094b4                PROVIDE (__flash_rodata_start, LOADADDR (.rodata))

.rwdata         0x018097a8     0x1d14
                0x018097a8                PROVIDE (__ram_rwdata_start, ABSOLUTE (.))
                0x018097a8                . = ALIGN (0x4)
 *(.got.plt)
 *(.got)
 *(.data1)
 *(.data .data.* .gnu.linkonce.d.*)
 .data          0x018097a8        0x0 ../testing_bsp//obj/HAL/src/crt0.o
 .data          0x018097a8        0x0 obj/default/hello_world.o
 .data          0x018097a8        0x0 c:/altera/12.0sp2/nios2eds/bin/gnu/h-i686-mingw32/bin/../lib/gcc/nios2-elf/4.1.2/../../../../nios2-elf/lib\libc.a(lib_a-puts.o)
 .data          0x018097a8        0x0 c:/altera/12.0sp2/nios2eds/bin/gnu/h-i686-mingw32/bin/../lib/gcc/nios2-elf/4.1.2/../../../../nios2-elf/lib\libc.a(lib_a-strlen.o)
 .data          0x018097a8        0x0 c:/altera/12.0sp2/nios2eds/bin/gnu/h-i686-mingw32/bin/../lib/gcc/nios2-elf/4.1.2/../../../../nios2-elf/lib\libc.a(lib_a-fvwrite.o)
 .data          0x018097a8      0x400 c:/altera/12.0sp2/nios2eds/bin/gnu/h-i686-mingw32/bin/../lib/gcc/nios2-elf/4.1.2/../../../../nios2-elf/lib\libc.a(lib_a-impure.o)
 .data          0x01809ba8      0x408 c:/altera/12.0sp2/nios2eds/bin/gnu/h-i686-mingw32/bin/../lib/gcc/nios2-elf/4.1.2/../../../../nios2-elf/lib\libc.a(lib_a-mallocr.o)
                0x01809ba8                __malloc_av_
 .data          0x01809fb0        0x0 c:/altera/12.0sp2/nios2eds/bin/gnu/h-i686-mingw32/bin/../lib/gcc/nios2-elf/4.1.2/../../../../nios2-elf/lib\libc.a(lib_a-memchr.o)
 .data          0x01809fb0        0x0 c:/altera/12.0sp2/nios2eds/bin/gnu/h-i686-mingw32/bin/../lib/gcc/nios2-elf/4.1.2/../../../../nios2-elf/lib\libc.a(lib_a-memcpy.o)
 .data          0x01809fb0        0x0 c:/altera/12.0sp2/nios2eds/bin/gnu/h-i686-mingw32/bin/../lib/gcc/nios2-elf/4.1.2/../../../../nios2-elf/lib\libc.a(lib_a-memmove.o)
 .data          0x01809fb0        0x0 c:/altera/12.0sp2/nios2eds/bin/gnu/h-i686-mingw32/bin/../lib/gcc/nios2-elf/4.1.2/../../../../nios2-elf/lib\libc.a(lib_a-reallocr.o)
 .data          0x01809fb0        0x0 c:/altera/12.0sp2/nios2eds/bin/gnu/h-i686-mingw32/bin/../lib/gcc/nios2-elf/4.1.2/../../../../nios2-elf/lib\libc.a(lib_a-sbrkr.o)
 .data          0x01809fb0        0x0 c:/altera/12.0sp2/nios2eds/bin/gnu/h-i686-mingw32/bin/../lib/gcc/nios2-elf/4.1.2/../../../../nios2-elf/lib\libc.a(lib_a-wsetup.o)
 .data          0x01809fb0        0x0 c:/altera/12.0sp2/nios2eds/bin/gnu/h-i686-mingw32/bin/../lib/gcc/nios2-elf/4.1.2/../../../../nios2-elf/lib\libc.a(lib_a-fflush.o)
 .data          0x01809fb0        0x0 c:/altera/12.0sp2/nios2eds/bin/gnu/h-i686-mingw32/bin/../lib/gcc/nios2-elf/4.1.2/../../../../nios2-elf/lib\libc.a(lib_a-findfp.o)
 .data          0x01809fb0        0x0 c:/altera/12.0sp2/nios2eds/bin/gnu/h-i686-mingw32/bin/../lib/gcc/nios2-elf/4.1.2/../../../../nios2-elf/lib\libc.a(lib_a-freer.o)
 .data          0x01809fb0        0x0 c:/altera/12.0sp2/nios2eds/bin/gnu/h-i686-mingw32/bin/../lib/gcc/nios2-elf/4.1.2/../../../../nios2-elf/lib\libc.a(lib_a-fwalk.o)
 .data          0x01809fb0        0x0 c:/altera/12.0sp2/nios2eds/bin/gnu/h-i686-mingw32/bin/../lib/gcc/nios2-elf/4.1.2/../../../../nios2-elf/lib\libc.a(lib_a-int_errno.o)
 .data          0x01809fb0        0x0 c:/altera/12.0sp2/nios2eds/bin/gnu/h-i686-mingw32/bin/../lib/gcc/nios2-elf/4.1.2/../../../../nios2-elf/lib\libc.a(lib_a-makebuf.o)
 .data          0x01809fb0        0x0 c:/altera/12.0sp2/nios2eds/bin/gnu/h-i686-mingw32/bin/../lib/gcc/nios2-elf/4.1.2/../../../../nios2-elf/lib\libc.a(lib_a-memset.o)
 .data          0x01809fb0        0x0 c:/altera/12.0sp2/nios2eds/bin/gnu/h-i686-mingw32/bin/../lib/gcc/nios2-elf/4.1.2/../../../../nios2-elf/lib\libc.a(lib_a-stdio.o)
 .data          0x01809fb0        0x0 c:/altera/12.0sp2/nios2eds/bin/gnu/h-i686-mingw32/bin/../lib/gcc/nios2-elf/4.1.2/../../../../nios2-elf/lib\libc.a(lib_a-writer.o)
 .data          0x01809fb0        0x0 c:/altera/12.0sp2/nios2eds/bin/gnu/h-i686-mingw32/bin/../lib/gcc/nios2-elf/4.1.2/../../../../nios2-elf/lib\libc.a(lib_a-closer.o)
 .data          0x01809fb0        0x0 c:/altera/12.0sp2/nios2eds/bin/gnu/h-i686-mingw32/bin/../lib/gcc/nios2-elf/4.1.2/../../../../nios2-elf/lib\libc.a(lib_a-fclose.o)
 .data          0x01809fb0        0x0 c:/altera/12.0sp2/nios2eds/bin/gnu/h-i686-mingw32/bin/../lib/gcc/nios2-elf/4.1.2/../../../../nios2-elf/lib\libc.a(lib_a-fstatr.o)
 .data          0x01809fb0        0x0 c:/altera/12.0sp2/nios2eds/bin/gnu/h-i686-mingw32/bin/../lib/gcc/nios2-elf/4.1.2/../../../../nios2-elf/lib\libc.a(lib_a-isattyr.o)
 .data          0x01809fb0        0x0 c:/altera/12.0sp2/nios2eds/bin/gnu/h-i686-mingw32/bin/../lib/gcc/nios2-elf/4.1.2/../../../../nios2-elf/lib\libc.a(lib_a-lseekr.o)
 .data          0x01809fb0        0x0 c:/altera/12.0sp2/nios2eds/bin/gnu/h-i686-mingw32/bin/../lib/gcc/nios2-elf/4.1.2/../../../../nios2-elf/lib\libc.a(lib_a-readr.o)
 .data          0x01809fb0        0x0 ../testing_bsp/\libhal_bsp.a(alt_close.o)
 .data          0x01809fb0      0x1a8 ../testing_bsp/\libhal_bsp.a(alt_dev.o)
                0x01809fb0                alt_dev_null
                0x01809fd8                alt_fd_list
 .data          0x0180a158        0x0 ../testing_bsp/\libhal_bsp.a(alt_errno.o)
 .data          0x0180a158        0x0 ../testing_bsp/\libhal_bsp.a(alt_fstat.o)
 .data          0x0180a158        0x0 ../testing_bsp/\libhal_bsp.a(alt_isatty.o)
 .data          0x0180a158        0x0 ../testing_bsp/\libhal_bsp.a(alt_lseek.o)
 .data          0x0180a158        0x0 ../testing_bsp/\libhal_bsp.a(alt_main.o)
 .data          0x0180a158        0x0 ../testing_bsp/\libhal_bsp.a(alt_malloc_lock.o)
 .data          0x0180a158        0x0 ../testing_bsp/\libhal_bsp.a(alt_read.o)
 .data          0x0180a158        0x0 ../testing_bsp/\libhal_bsp.a(alt_release_fd.o)
 .data          0x0180a158        0x0 ../testing_bsp/\libhal_bsp.a(alt_sbrk.o)
 .data          0x0180a158        0x0 ../testing_bsp/\libhal_bsp.a(alt_write.o)
 .data          0x0180a158     0x131c ../testing_bsp/\libhal_bsp.a(alt_sys_init.o)
 .data          0x0180b474        0x0 ../testing_bsp/\libhal_bsp.a(altera_avalon_cfi_flash.o)
 .data          0x0180b474        0x0 ../testing_bsp/\libhal_bsp.a(altera_avalon_cfi_flash_table.o)
 .data          0x0180b474        0x0 ../testing_bsp/\libhal_bsp.a(altera_avalon_jtag_uart_fd.o)
 .data          0x0180b474        0x0 ../testing_bsp/\libhal_bsp.a(altera_avalon_jtag_uart_init.o)
 .data          0x0180b474        0x0 ../testing_bsp/\libhal_bsp.a(altera_avalon_jtag_uart_ioctl.o)
 .data          0x0180b474        0x0 ../testing_bsp/\libhal_bsp.a(altera_avalon_jtag_uart_read.o)
 .data          0x0180b474        0x0 ../testing_bsp/\libhal_bsp.a(altera_avalon_jtag_uart_write.o)
 .data          0x0180b474        0x0 ../testing_bsp/\libhal_bsp.a(altera_avalon_lcd_16207.o)
 .data          0x0180b474        0x0 ../testing_bsp/\libhal_bsp.a(altera_avalon_lcd_16207_fd.o)
 .data          0x0180b474        0x0 ../testing_bsp/\libhal_bsp.a(altera_avalon_timer_sc.o)
 .data          0x0180b474        0x0 ../testing_bsp/\libhal_bsp.a(altera_avalon_uart_fd.o)
 .data          0x0180b474        0x0 ../testing_bsp/\libhal_bsp.a(altera_avalon_uart_init.o)
 .data          0x0180b474        0x0 ../testing_bsp/\libhal_bsp.a(altera_avalon_uart_read.o)
 .data          0x0180b474        0x0 ../testing_bsp/\libhal_bsp.a(altera_avalon_uart_write.o)
 .data          0x0180b474        0x0 ../testing_bsp/\libhal_bsp.a(alt_alarm_start.o)
 .data          0x0180b474        0x0 ../testing_bsp/\libhal_bsp.a(alt_dcache_flush.o)
 .data          0x0180b474        0x0 ../testing_bsp/\libhal_bsp.a(alt_dev_llist_insert.o)
 .data          0x0180b474        0x0 ../testing_bsp/\libhal_bsp.a(alt_do_ctors.o)
 .data          0x0180b474        0x0 ../testing_bsp/\libhal_bsp.a(alt_do_dtors.o)
 .data          0x0180b474        0x0 ../testing_bsp/\libhal_bsp.a(alt_flash_dev.o)
 .data          0x0180b474        0x0 ../testing_bsp/\libhal_bsp.a(alt_iic.o)
 .data          0x0180b474        0x0 ../testing_bsp/\libhal_bsp.a(alt_iic_isr_register.o)
 .data          0x0180b474        0x0 ../testing_bsp/\libhal_bsp.a(alt_io_redirect.o)
 .data          0x0180b474        0x0 ../testing_bsp/\libhal_bsp.a(alt_irq_entry.o)
 .data          0x0180b474        0x0 ../testing_bsp/\libhal_bsp.a(alt_irq_handler.o)
 .data          0x0180b474        0x0 ../testing_bsp/\libhal_bsp.a(alt_irq_vars.o)
 .data          0x0180b474        0x0 ../testing_bsp/\libhal_bsp.a(alt_open.o)
 .data          0x0180b474        0x0 ../testing_bsp/\libhal_bsp.a(alt_tick.o)
 .data          0x0180b474        0x0 ../testing_bsp/\libhal_bsp.a(alt_usleep.o)
 .data          0x0180b474        0x0 ../testing_bsp/\libhal_bsp.a(altera_nios2_irq.o)
 .data          0x0180b474        0x0 ../testing_bsp/\libhal_bsp.a(altera_avalon_cfi_flash_amd.o)
 .data          0x0180b474        0x0 ../testing_bsp/\libhal_bsp.a(altera_avalon_cfi_flash_intel.o)
 .data          0x0180b474        0x0 ../testing_bsp/\libhal_bsp.a(alt_busy_sleep.o)
 .data          0x0180b474        0x0 ../testing_bsp/\libhal_bsp.a(alt_exception_entry.o)
 .data          0x0180b474        0x0 ../testing_bsp/\libhal_bsp.a(alt_find_dev.o)
 .data          0x0180b474        0x0 ../testing_bsp/\libhal_bsp.a(alt_find_file.o)
 .data          0x0180b474        0x0 ../testing_bsp/\libhal_bsp.a(alt_get_fd.o)
 .data          0x0180b474        0x0 ../testing_bsp/\libhal_bsp.a(alt_instruction_exception_entry.o)
 .data          0x0180b474        0x0 c:/altera/12.0sp2/nios2eds/bin/gnu/h-i686-mingw32/bin/../lib/gcc/nios2-elf/4.1.2/../../../../nios2-elf/lib\libc.a(lib_a-atexit.o)
 .data          0x0180b474        0x0 c:/altera/12.0sp2/nios2eds/bin/gnu/h-i686-mingw32/bin/../lib/gcc/nios2-elf/4.1.2/../../../../nios2-elf/lib\libc.a(lib_a-ctype_.o)
 .data          0x0180b474        0x0 c:/altera/12.0sp2/nios2eds/bin/gnu/h-i686-mingw32/bin/../lib/gcc/nios2-elf/4.1.2/../../../../nios2-elf/lib\libc.a(lib_a-exit.o)
 .data          0x0180b474        0x0 c:/altera/12.0sp2/nios2eds/bin/gnu/h-i686-mingw32/bin/../lib/gcc/nios2-elf/4.1.2/../../../../nios2-elf/lib\libc.a(lib_a-memcmp.o)
 .data          0x0180b474        0x0 c:/altera/12.0sp2/nios2eds/bin/gnu/h-i686-mingw32/bin/../lib/gcc/nios2-elf/4.1.2/../../../../nios2-elf/lib\libc.a(lib_a-__atexit.o)
 .data          0x0180b474        0x0 c:/altera/12.0sp2/nios2eds/bin/gnu/h-i686-mingw32/bin/../lib/gcc/nios2-elf/4.1.2/../../../../nios2-elf/lib\libc.a(lib_a-__call_atexit.o)
 .data          0x0180b474        0x0 ../testing_bsp/\libhal_bsp.a(alt_exit.o)
                0x01813474                _gp = ABSOLUTE ((. + 0x8000))
                0x01813474                PROVIDE (gp, _gp)
 *(.rwdata .rwdata.*)
 *(.sdata .sdata.* .gnu.linkonce.s.*)
 .sdata         0x0180b474        0x8 c:/altera/12.0sp2/nios2eds/bin/gnu/h-i686-mingw32/bin/../lib/gcc/nios2-elf/4.1.2/../../../../nios2-elf/lib\libc.a(lib_a-impure.o)
                0x0180b474                _impure_ptr
                0x0180b478                _global_impure_ptr
 .sdata         0x0180b47c        0x8 c:/altera/12.0sp2/nios2eds/bin/gnu/h-i686-mingw32/bin/../lib/gcc/nios2-elf/4.1.2/../../../../nios2-elf/lib\libc.a(lib_a-mallocr.o)
                0x0180b47c                __malloc_trim_threshold
                0x0180b480                __malloc_sbrk_base
 .sdata         0x0180b484       0x14 ../testing_bsp/\libhal_bsp.a(alt_dev.o)
                0x0180b484                alt_fs_list
                0x0180b48c                alt_dev_list
                0x0180b494                alt_max_fd
 .sdata         0x0180b498        0x4 ../testing_bsp/\libhal_bsp.a(alt_errno.o)
                0x0180b498                alt_errno
 .sdata         0x0180b49c        0x4 ../testing_bsp/\libhal_bsp.a(alt_sbrk.o)
 .sdata         0x0180b4a0        0x4 ../testing_bsp/\libhal_bsp.a(altera_avalon_lcd_16207.o)
 .sdata         0x0180b4a4        0x8 ../testing_bsp/\libhal_bsp.a(alt_flash_dev.o)
                0x0180b4a4                alt_flash_dev_list
 .sdata         0x0180b4ac        0x4 ../testing_bsp/\libhal_bsp.a(alt_irq_vars.o)
                0x0180b4ac                alt_priority_mask
 .sdata         0x0180b4b0        0x8 ../testing_bsp/\libhal_bsp.a(alt_tick.o)
                0x0180b4b0                alt_alarm_list
 .sdata         0x0180b4b8        0x4 c:/altera/12.0sp2/nios2eds/bin/gnu/h-i686-mingw32/bin/../lib/gcc/nios2-elf/4.1.2/../../../../nios2-elf/lib\libc.a(lib_a-ctype_.o)
                0x0180b4b8                __ctype_ptr
 *(.sdata2 .sdata2.* .gnu.linkonce.s2.*)
                0x0180b4bc                . = ALIGN (0x4)
                0x0180b4bc                _edata = ABSOLUTE (.)
                0x0180b4bc                PROVIDE (edata, ABSOLUTE (.))
                0x0180b4bc                PROVIDE (__ram_rwdata_end, ABSOLUTE (.))
                0x018097a8                PROVIDE (__flash_rwdata_start, LOADADDR (.rwdata))

.bss            0x0180b4bc      0x2e4
                0x0180b4bc                __bss_start = ABSOLUTE (.)
                0x0180b4bc                PROVIDE (__sbss_start, ABSOLUTE (.))
                0x0180b4bc                PROVIDE (___sbss_start, ABSOLUTE (.))
 *(.dynsbss)
 *(.sbss .sbss.* .gnu.linkonce.sb.*)
 .sbss          0x0180b4bc        0xc c:/altera/12.0sp2/nios2eds/bin/gnu/h-i686-mingw32/bin/../lib/gcc/nios2-elf/4.1.2/../../../../nios2-elf/lib\libc.a(lib_a-mallocr.o)
                0x0180b4bc                __malloc_top_pad
                0x0180b4c0                __malloc_max_sbrked_mem
                0x0180b4c4                __malloc_max_total_mem
 .sbss          0x0180b4c8        0x4 c:/altera/12.0sp2/nios2eds/bin/gnu/h-i686-mingw32/bin/../lib/gcc/nios2-elf/4.1.2/../../../../nios2-elf/lib\libc.a(lib_a-int_errno.o)
                0x0180b4c8                errno
 .sbss          0x0180b4cc        0xc ../testing_bsp/\libhal_bsp.a(alt_main.o)
                0x0180b4cc                alt_argc
                0x0180b4d0                alt_argv
                0x0180b4d4                alt_envp
 .sbss          0x0180b4d8        0x4 ../testing_bsp/\libhal_bsp.a(alt_irq_vars.o)
                0x0180b4d8                alt_irq_active
 .sbss          0x0180b4dc        0x8 ../testing_bsp/\libhal_bsp.a(alt_tick.o)
                0x0180b4dc                _alt_tick_rate
                0x0180b4e0                _alt_nticks
 .sbss          0x0180b4e4        0x4 ../testing_bsp/\libhal_bsp.a(alt_instruction_exception_entry.o)
                0x0180b4e4                alt_instruction_exception_handler
 *(.sbss2 .sbss2.* .gnu.linkonce.sb2.*)
 *(.scommon)
                0x0180b4e8                PROVIDE (__sbss_end, ABSOLUTE (.))
                0x0180b4e8                PROVIDE (___sbss_end, ABSOLUTE (.))
 *(.dynbss)
 *(.bss .bss.* .gnu.linkonce.b.*)
 .bss           0x0180b4e8        0x0 ../testing_bsp//obj/HAL/src/crt0.o
 .bss           0x0180b4e8        0x0 obj/default/hello_world.o
 .bss           0x0180b4e8        0x0 c:/altera/12.0sp2/nios2eds/bin/gnu/h-i686-mingw32/bin/../lib/gcc/nios2-elf/4.1.2/../../../../nios2-elf/lib\libc.a(lib_a-puts.o)
 .bss           0x0180b4e8        0x0 c:/altera/12.0sp2/nios2eds/bin/gnu/h-i686-mingw32/bin/../lib/gcc/nios2-elf/4.1.2/../../../../nios2-elf/lib\libc.a(lib_a-strlen.o)
 .bss           0x0180b4e8        0x0 c:/altera/12.0sp2/nios2eds/bin/gnu/h-i686-mingw32/bin/../lib/gcc/nios2-elf/4.1.2/../../../../nios2-elf/lib\libc.a(lib_a-fvwrite.o)
 .bss           0x0180b4e8        0x0 c:/altera/12.0sp2/nios2eds/bin/gnu/h-i686-mingw32/bin/../lib/gcc/nios2-elf/4.1.2/../../../../nios2-elf/lib\libc.a(lib_a-impure.o)
 .bss           0x0180b4e8       0x28 c:/altera/12.0sp2/nios2eds/bin/gnu/h-i686-mingw32/bin/../lib/gcc/nios2-elf/4.1.2/../../../../nios2-elf/lib\libc.a(lib_a-mallocr.o)
                0x0180b4e8                __malloc_current_mallinfo
 .bss           0x0180b510        0x0 c:/altera/12.0sp2/nios2eds/bin/gnu/h-i686-mingw32/bin/../lib/gcc/nios2-elf/4.1.2/../../../../nios2-elf/lib\libc.a(lib_a-memchr.o)
 .bss           0x0180b510        0x0 c:/altera/12.0sp2/nios2eds/bin/gnu/h-i686-mingw32/bin/../lib/gcc/nios2-elf/4.1.2/../../../../nios2-elf/lib\libc.a(lib_a-memcpy.o)
 .bss           0x0180b510        0x0 c:/altera/12.0sp2/nios2eds/bin/gnu/h-i686-mingw32/bin/../lib/gcc/nios2-elf/4.1.2/../../../../nios2-elf/lib\libc.a(lib_a-memmove.o)
 .bss           0x0180b510        0x0 c:/altera/12.0sp2/nios2eds/bin/gnu/h-i686-mingw32/bin/../lib/gcc/nios2-elf/4.1.2/../../../../nios2-elf/lib\libc.a(lib_a-reallocr.o)
 .bss           0x0180b510        0x0 c:/altera/12.0sp2/nios2eds/bin/gnu/h-i686-mingw32/bin/../lib/gcc/nios2-elf/4.1.2/../../../../nios2-elf/lib\libc.a(lib_a-sbrkr.o)
 .bss           0x0180b510        0x0 c:/altera/12.0sp2/nios2eds/bin/gnu/h-i686-mingw32/bin/../lib/gcc/nios2-elf/4.1.2/../../../../nios2-elf/lib\libc.a(lib_a-wsetup.o)
 .bss           0x0180b510        0x0 c:/altera/12.0sp2/nios2eds/bin/gnu/h-i686-mingw32/bin/../lib/gcc/nios2-elf/4.1.2/../../../../nios2-elf/lib\libc.a(lib_a-fflush.o)
 .bss           0x0180b510        0x0 c:/altera/12.0sp2/nios2eds/bin/gnu/h-i686-mingw32/bin/../lib/gcc/nios2-elf/4.1.2/../../../../nios2-elf/lib\libc.a(lib_a-findfp.o)
 .bss           0x0180b510        0x0 c:/altera/12.0sp2/nios2eds/bin/gnu/h-i686-mingw32/bin/../lib/gcc/nios2-elf/4.1.2/../../../../nios2-elf/lib\libc.a(lib_a-freer.o)
 .bss           0x0180b510        0x0 c:/altera/12.0sp2/nios2eds/bin/gnu/h-i686-mingw32/bin/../lib/gcc/nios2-elf/4.1.2/../../../../nios2-elf/lib\libc.a(lib_a-fwalk.o)
 .bss           0x0180b510        0x0 c:/altera/12.0sp2/nios2eds/bin/gnu/h-i686-mingw32/bin/../lib/gcc/nios2-elf/4.1.2/../../../../nios2-elf/lib\libc.a(lib_a-int_errno.o)
 .bss           0x0180b510        0x0 c:/altera/12.0sp2/nios2eds/bin/gnu/h-i686-mingw32/bin/../lib/gcc/nios2-elf/4.1.2/../../../../nios2-elf/lib\libc.a(lib_a-makebuf.o)
 .bss           0x0180b510        0x0 c:/altera/12.0sp2/nios2eds/bin/gnu/h-i686-mingw32/bin/../lib/gcc/nios2-elf/4.1.2/../../../../nios2-elf/lib\libc.a(lib_a-memset.o)
 .bss           0x0180b510        0x0 c:/altera/12.0sp2/nios2eds/bin/gnu/h-i686-mingw32/bin/../lib/gcc/nios2-elf/4.1.2/../../../../nios2-elf/lib\libc.a(lib_a-stdio.o)
 .bss           0x0180b510        0x0 c:/altera/12.0sp2/nios2eds/bin/gnu/h-i686-mingw32/bin/../lib/gcc/nios2-elf/4.1.2/../../../../nios2-elf/lib\libc.a(lib_a-writer.o)
 .bss           0x0180b510        0x0 c:/altera/12.0sp2/nios2eds/bin/gnu/h-i686-mingw32/bin/../lib/gcc/nios2-elf/4.1.2/../../../../nios2-elf/lib\libc.a(lib_a-closer.o)
 .bss           0x0180b510        0x0 c:/altera/12.0sp2/nios2eds/bin/gnu/h-i686-mingw32/bin/../lib/gcc/nios2-elf/4.1.2/../../../../nios2-elf/lib\libc.a(lib_a-fclose.o)
 .bss           0x0180b510        0x0 c:/altera/12.0sp2/nios2eds/bin/gnu/h-i686-mingw32/bin/../lib/gcc/nios2-elf/4.1.2/../../../../nios2-elf/lib\libc.a(lib_a-fstatr.o)
 .bss           0x0180b510        0x0 c:/altera/12.0sp2/nios2eds/bin/gnu/h-i686-mingw32/bin/../lib/gcc/nios2-elf/4.1.2/../../../../nios2-elf/lib\libc.a(lib_a-isattyr.o)
 .bss           0x0180b510        0x0 c:/altera/12.0sp2/nios2eds/bin/gnu/h-i686-mingw32/bin/../lib/gcc/nios2-elf/4.1.2/../../../../nios2-elf/lib\libc.a(lib_a-lseekr.o)
 .bss           0x0180b510        0x0 c:/altera/12.0sp2/nios2eds/bin/gnu/h-i686-mingw32/bin/../lib/gcc/nios2-elf/4.1.2/../../../../nios2-elf/lib\libc.a(lib_a-readr.o)
 .bss           0x0180b510        0x0 ../testing_bsp/\libhal_bsp.a(alt_close.o)
 .bss           0x0180b510        0x0 ../testing_bsp/\libhal_bsp.a(alt_dev.o)
 .bss           0x0180b510        0x0 ../testing_bsp/\libhal_bsp.a(alt_errno.o)
 .bss           0x0180b510        0x0 ../testing_bsp/\libhal_bsp.a(alt_fstat.o)
 .bss           0x0180b510        0x0 ../testing_bsp/\libhal_bsp.a(alt_isatty.o)
 .bss           0x0180b510        0x0 ../testing_bsp/\libhal_bsp.a(alt_lseek.o)
 .bss           0x0180b510        0x0 ../testing_bsp/\libhal_bsp.a(alt_main.o)
 .bss           0x0180b510        0x0 ../testing_bsp/\libhal_bsp.a(alt_malloc_lock.o)
 .bss           0x0180b510        0x0 ../testing_bsp/\libhal_bsp.a(alt_read.o)
 .bss           0x0180b510        0x0 ../testing_bsp/\libhal_bsp.a(alt_release_fd.o)
 .bss           0x0180b510        0x0 ../testing_bsp/\libhal_bsp.a(alt_sbrk.o)
 .bss           0x0180b510        0x0 ../testing_bsp/\libhal_bsp.a(alt_write.o)
 .bss           0x0180b510        0x0 ../testing_bsp/\libhal_bsp.a(alt_sys_init.o)
 .bss           0x0180b510        0x0 ../testing_bsp/\libhal_bsp.a(altera_avalon_cfi_flash.o)
 .bss           0x0180b510        0x0 ../testing_bsp/\libhal_bsp.a(altera_avalon_cfi_flash_table.o)
 .bss           0x0180b510        0x0 ../testing_bsp/\libhal_bsp.a(altera_avalon_jtag_uart_fd.o)
 .bss           0x0180b510        0x0 ../testing_bsp/\libhal_bsp.a(altera_avalon_jtag_uart_init.o)
 .bss           0x0180b510        0x0 ../testing_bsp/\libhal_bsp.a(altera_avalon_jtag_uart_ioctl.o)
 .bss           0x0180b510        0x0 ../testing_bsp/\libhal_bsp.a(altera_avalon_jtag_uart_read.o)
 .bss           0x0180b510        0x0 ../testing_bsp/\libhal_bsp.a(altera_avalon_jtag_uart_write.o)
 .bss           0x0180b510        0x0 ../testing_bsp/\libhal_bsp.a(altera_avalon_lcd_16207.o)
 .bss           0x0180b510        0x0 ../testing_bsp/\libhal_bsp.a(altera_avalon_lcd_16207_fd.o)
 .bss           0x0180b510        0x0 ../testing_bsp/\libhal_bsp.a(altera_avalon_timer_sc.o)
 .bss           0x0180b510        0x0 ../testing_bsp/\libhal_bsp.a(altera_avalon_uart_fd.o)
 .bss           0x0180b510        0x0 ../testing_bsp/\libhal_bsp.a(altera_avalon_uart_init.o)
 .bss           0x0180b510        0x0 ../testing_bsp/\libhal_bsp.a(altera_avalon_uart_read.o)
 .bss           0x0180b510        0x0 ../testing_bsp/\libhal_bsp.a(altera_avalon_uart_write.o)
 .bss           0x0180b510        0x0 ../testing_bsp/\libhal_bsp.a(alt_alarm_start.o)
 .bss           0x0180b510        0x0 ../testing_bsp/\libhal_bsp.a(alt_dcache_flush.o)
 .bss           0x0180b510        0x0 ../testing_bsp/\libhal_bsp.a(alt_dev_llist_insert.o)
 .bss           0x0180b510        0x0 ../testing_bsp/\libhal_bsp.a(alt_do_ctors.o)
 .bss           0x0180b510        0x0 ../testing_bsp/\libhal_bsp.a(alt_do_dtors.o)
 .bss           0x0180b510        0x0 ../testing_bsp/\libhal_bsp.a(alt_flash_dev.o)
 .bss           0x0180b510        0x0 ../testing_bsp/\libhal_bsp.a(alt_iic.o)
 .bss           0x0180b510        0x0 ../testing_bsp/\libhal_bsp.a(alt_iic_isr_register.o)
 .bss           0x0180b510        0x0 ../testing_bsp/\libhal_bsp.a(alt_io_redirect.o)
 .bss           0x0180b510        0x0 ../testing_bsp/\libhal_bsp.a(alt_irq_entry.o)
 .bss           0x0180b510        0x0 ../testing_bsp/\libhal_bsp.a(alt_irq_handler.o)
 .bss           0x0180b510        0x0 ../testing_bsp/\libhal_bsp.a(alt_irq_vars.o)
 .bss           0x0180b510        0x0 ../testing_bsp/\libhal_bsp.a(alt_open.o)
 .bss           0x0180b510        0x0 ../testing_bsp/\libhal_bsp.a(alt_tick.o)
 .bss           0x0180b510        0x0 ../testing_bsp/\libhal_bsp.a(alt_usleep.o)
 .bss           0x0180b510        0x0 ../testing_bsp/\libhal_bsp.a(altera_nios2_irq.o)
 .bss           0x0180b510        0x0 ../testing_bsp/\libhal_bsp.a(altera_avalon_cfi_flash_amd.o)
 .bss           0x0180b510        0x0 ../testing_bsp/\libhal_bsp.a(altera_avalon_cfi_flash_intel.o)
 .bss           0x0180b510        0x0 ../testing_bsp/\libhal_bsp.a(alt_busy_sleep.o)
 .bss           0x0180b510        0x0 ../testing_bsp/\libhal_bsp.a(alt_exception_entry.o)
 .bss           0x0180b510        0x0 ../testing_bsp/\libhal_bsp.a(alt_find_dev.o)
 .bss           0x0180b510        0x0 ../testing_bsp/\libhal_bsp.a(alt_find_file.o)
 .bss           0x0180b510        0x0 ../testing_bsp/\libhal_bsp.a(alt_get_fd.o)
 .bss           0x0180b510        0x0 ../testing_bsp/\libhal_bsp.a(alt_instruction_exception_entry.o)
 .bss           0x0180b510        0x0 c:/altera/12.0sp2/nios2eds/bin/gnu/h-i686-mingw32/bin/../lib/gcc/nios2-elf/4.1.2/../../../../nios2-elf/lib\libc.a(lib_a-atexit.o)
 .bss           0x0180b510        0x0 c:/altera/12.0sp2/nios2eds/bin/gnu/h-i686-mingw32/bin/../lib/gcc/nios2-elf/4.1.2/../../../../nios2-elf/lib\libc.a(lib_a-ctype_.o)
 .bss           0x0180b510        0x0 c:/altera/12.0sp2/nios2eds/bin/gnu/h-i686-mingw32/bin/../lib/gcc/nios2-elf/4.1.2/../../../../nios2-elf/lib\libc.a(lib_a-exit.o)
 .bss           0x0180b510        0x0 c:/altera/12.0sp2/nios2eds/bin/gnu/h-i686-mingw32/bin/../lib/gcc/nios2-elf/4.1.2/../../../../nios2-elf/lib\libc.a(lib_a-memcmp.o)
 .bss           0x0180b510        0x0 c:/altera/12.0sp2/nios2eds/bin/gnu/h-i686-mingw32/bin/../lib/gcc/nios2-elf/4.1.2/../../../../nios2-elf/lib\libc.a(lib_a-__atexit.o)
 .bss           0x0180b510        0x0 c:/altera/12.0sp2/nios2eds/bin/gnu/h-i686-mingw32/bin/../lib/gcc/nios2-elf/4.1.2/../../../../nios2-elf/lib\libc.a(lib_a-__call_atexit.o)
 .bss           0x0180b510        0x0 ../testing_bsp/\libhal_bsp.a(alt_exit.o)
 *(COMMON)
 COMMON         0x0180b510      0x100 ../testing_bsp/\libhal_bsp.a(alt_irq_handler.o)
                0x0180b510                alt_irq
 COMMON         0x0180b610      0x190 c:/altera/12.0sp2/nios2eds/bin/gnu/h-i686-mingw32/bin/../lib/gcc/nios2-elf/4.1.2/../../../../nios2-elf/lib\libc.a(lib_a-atexit.o)
                0x0180b610                _atexit0
                0x0180b7a0                . = ALIGN (0x4)
                0x0180b7a0                __bss_end = ABSOLUTE (.)

.sdram          0x0180b7a0        0x0
                0x0180b7a0                PROVIDE (_alt_partition_sdram_start, ABSOLUTE (.))
 *(.sdram. sdram.*)
                0x0180b7a0                . = ALIGN (0x4)
                0x0180b7a0                PROVIDE (_alt_partition_sdram_end, ABSOLUTE (.))
                0x0180b7a0                _end = ABSOLUTE (.)
                0x0180b7a0                end = ABSOLUTE (.)
                0x0180b7a0                __alt_stack_base = ABSOLUTE (.)
                0x0180b7a0                PROVIDE (_alt_partition_sdram_load_addr, LOADADDR (.sdram))

.cfi_flash      0x02400020        0x0
                0x02400020                PROVIDE (_alt_partition_cfi_flash_start, ABSOLUTE (.))
 *(.cfi_flash. cfi_flash.*)
                0x02400020                . = ALIGN (0x4)
                0x02400020                PROVIDE (_alt_partition_cfi_flash_end, ABSOLUTE (.))
                0x02400020                PROVIDE (_alt_partition_cfi_flash_load_addr, LOADADDR (.cfi_flash))

.onchip_mem     0x0280822c        0x0
                0x0280822c                PROVIDE (_alt_partition_onchip_mem_start, ABSOLUTE (.))
 *(.onchip_mem. onchip_mem.*)
                0x0280822c                . = ALIGN (0x4)
                0x0280822c                PROVIDE (_alt_partition_onchip_mem_end, ABSOLUTE (.))
                0x0280822c                PROVIDE (_alt_partition_onchip_mem_load_addr, LOADADDR (.onchip_mem))

.stab
 *(.stab)

.stabstr
 *(.stabstr)

.stab.excl
 *(.stab.excl)

.stab.exclstr
 *(.stab.exclstr)

.stab.index
 *(.stab.index)

.stab.indexstr
 *(.stab.indexstr)

.comment        0x00000000       0x26
 *(.comment)
 .comment       0x00000000       0x26 obj/default/hello_world.o
                                 0x27 (size before relaxing)
 .comment       0x00000000       0x27 c:/altera/12.0sp2/nios2eds/bin/gnu/h-i686-mingw32/bin/../lib/gcc/nios2-elf/4.1.2/../../../../nios2-elf/lib\libc.a(lib_a-puts.o)
 .comment       0x00000000       0x27 c:/altera/12.0sp2/nios2eds/bin/gnu/h-i686-mingw32/bin/../lib/gcc/nios2-elf/4.1.2/../../../../nios2-elf/lib\libc.a(lib_a-strlen.o)
 .comment       0x00000000       0x27 c:/altera/12.0sp2/nios2eds/bin/gnu/h-i686-mingw32/bin/../lib/gcc/nios2-elf/4.1.2/../../../../nios2-elf/lib\libc.a(lib_a-fvwrite.o)
 .comment       0x00000000       0x27 c:/altera/12.0sp2/nios2eds/bin/gnu/h-i686-mingw32/bin/../lib/gcc/nios2-elf/4.1.2/../../../../nios2-elf/lib\libc.a(lib_a-impure.o)
 .comment       0x00000000       0x27 c:/altera/12.0sp2/nios2eds/bin/gnu/h-i686-mingw32/bin/../lib/gcc/nios2-elf/4.1.2/../../../../nios2-elf/lib\libc.a(lib_a-mallocr.o)
 .comment       0x00000000       0x27 c:/altera/12.0sp2/nios2eds/bin/gnu/h-i686-mingw32/bin/../lib/gcc/nios2-elf/4.1.2/../../../../nios2-elf/lib\libc.a(lib_a-memchr.o)
 .comment       0x00000000       0x27 c:/altera/12.0sp2/nios2eds/bin/gnu/h-i686-mingw32/bin/../lib/gcc/nios2-elf/4.1.2/../../../../nios2-elf/lib\libc.a(lib_a-memcpy.o)
 .comment       0x00000000       0x27 c:/altera/12.0sp2/nios2eds/bin/gnu/h-i686-mingw32/bin/../lib/gcc/nios2-elf/4.1.2/../../../../nios2-elf/lib\libc.a(lib_a-memmove.o)
 .comment       0x00000000       0x27 c:/altera/12.0sp2/nios2eds/bin/gnu/h-i686-mingw32/bin/../lib/gcc/nios2-elf/4.1.2/../../../../nios2-elf/lib\libc.a(lib_a-reallocr.o)
 .comment       0x00000000       0x27 c:/altera/12.0sp2/nios2eds/bin/gnu/h-i686-mingw32/bin/../lib/gcc/nios2-elf/4.1.2/../../../../nios2-elf/lib\libc.a(lib_a-sbrkr.o)
 .comment       0x00000000       0x27 c:/altera/12.0sp2/nios2eds/bin/gnu/h-i686-mingw32/bin/../lib/gcc/nios2-elf/4.1.2/../../../../nios2-elf/lib\libc.a(lib_a-wsetup.o)
 .comment       0x00000000       0x27 c:/altera/12.0sp2/nios2eds/bin/gnu/h-i686-mingw32/bin/../lib/gcc/nios2-elf/4.1.2/../../../../nios2-elf/lib\libc.a(lib_a-fflush.o)
 .comment       0x00000000       0x27 c:/altera/12.0sp2/nios2eds/bin/gnu/h-i686-mingw32/bin/../lib/gcc/nios2-elf/4.1.2/../../../../nios2-elf/lib\libc.a(lib_a-findfp.o)
 .comment       0x00000000       0x27 c:/altera/12.0sp2/nios2eds/bin/gnu/h-i686-mingw32/bin/../lib/gcc/nios2-elf/4.1.2/../../../../nios2-elf/lib\libc.a(lib_a-freer.o)
 .comment       0x00000000       0x27 c:/altera/12.0sp2/nios2eds/bin/gnu/h-i686-mingw32/bin/../lib/gcc/nios2-elf/4.1.2/../../../../nios2-elf/lib\libc.a(lib_a-fwalk.o)
 .comment       0x00000000       0x27 c:/altera/12.0sp2/nios2eds/bin/gnu/h-i686-mingw32/bin/../lib/gcc/nios2-elf/4.1.2/../../../../nios2-elf/lib\libc.a(lib_a-int_errno.o)
 .comment       0x00000000       0x27 c:/altera/12.0sp2/nios2eds/bin/gnu/h-i686-mingw32/bin/../lib/gcc/nios2-elf/4.1.2/../../../../nios2-elf/lib\libc.a(lib_a-makebuf.o)
 .comment       0x00000000       0x27 c:/altera/12.0sp2/nios2eds/bin/gnu/h-i686-mingw32/bin/../lib/gcc/nios2-elf/4.1.2/../../../../nios2-elf/lib\libc.a(lib_a-memset.o)
 .comment       0x00000000       0x27 c:/altera/12.0sp2/nios2eds/bin/gnu/h-i686-mingw32/bin/../lib/gcc/nios2-elf/4.1.2/../../../../nios2-elf/lib\libc.a(lib_a-stdio.o)
 .comment       0x00000000       0x27 c:/altera/12.0sp2/nios2eds/bin/gnu/h-i686-mingw32/bin/../lib/gcc/nios2-elf/4.1.2/../../../../nios2-elf/lib\libc.a(lib_a-writer.o)
 .comment       0x00000000       0x27 c:/altera/12.0sp2/nios2eds/bin/gnu/h-i686-mingw32/bin/../lib/gcc/nios2-elf/4.1.2/../../../../nios2-elf/lib\libc.a(lib_a-closer.o)
 .comment       0x00000000       0x27 c:/altera/12.0sp2/nios2eds/bin/gnu/h-i686-mingw32/bin/../lib/gcc/nios2-elf/4.1.2/../../../../nios2-elf/lib\libc.a(lib_a-fclose.o)
 .comment       0x00000000       0x27 c:/altera/12.0sp2/nios2eds/bin/gnu/h-i686-mingw32/bin/../lib/gcc/nios2-elf/4.1.2/../../../../nios2-elf/lib\libc.a(lib_a-fstatr.o)
 .comment       0x00000000       0x27 c:/altera/12.0sp2/nios2eds/bin/gnu/h-i686-mingw32/bin/../lib/gcc/nios2-elf/4.1.2/../../../../nios2-elf/lib\libc.a(lib_a-isattyr.o)
 .comment       0x00000000       0x27 c:/altera/12.0sp2/nios2eds/bin/gnu/h-i686-mingw32/bin/../lib/gcc/nios2-elf/4.1.2/../../../../nios2-elf/lib\libc.a(lib_a-lseekr.o)
 .comment       0x00000000       0x27 c:/altera/12.0sp2/nios2eds/bin/gnu/h-i686-mingw32/bin/../lib/gcc/nios2-elf/4.1.2/../../../../nios2-elf/lib\libc.a(lib_a-readr.o)
 .comment       0x00000000       0x27 ../testing_bsp/\libhal_bsp.a(alt_close.o)
 .comment       0x00000000       0x27 ../testing_bsp/\libhal_bsp.a(alt_dev.o)
 .comment       0x00000000       0x27 ../testing_bsp/\libhal_bsp.a(alt_errno.o)
 .comment       0x00000000       0x27 ../testing_bsp/\libhal_bsp.a(alt_fstat.o)
 .comment       0x00000000       0x27 ../testing_bsp/\libhal_bsp.a(alt_isatty.o)
 .comment       0x00000000       0x27 ../testing_bsp/\libhal_bsp.a(alt_lseek.o)
 .comment       0x00000000       0x27 ../testing_bsp/\libhal_bsp.a(alt_main.o)
 .comment       0x00000000       0x27 ../testing_bsp/\libhal_bsp.a(alt_malloc_lock.o)
 .comment       0x00000000       0x27 ../testing_bsp/\libhal_bsp.a(alt_read.o)
 .comment       0x00000000       0x27 ../testing_bsp/\libhal_bsp.a(alt_release_fd.o)
 .comment       0x00000000       0x27 ../testing_bsp/\libhal_bsp.a(alt_sbrk.o)
 .comment       0x00000000       0x27 ../testing_bsp/\libhal_bsp.a(alt_write.o)
 .comment       0x00000000       0x27 ../testing_bsp/\libhal_bsp.a(alt_sys_init.o)
 .comment       0x00000000       0x27 ../testing_bsp/\libhal_bsp.a(altera_avalon_cfi_flash.o)
 .comment       0x00000000       0x27 ../testing_bsp/\libhal_bsp.a(altera_avalon_cfi_flash_table.o)
 .comment       0x00000000       0x27 ../testing_bsp/\libhal_bsp.a(altera_avalon_jtag_uart_fd.o)
 .comment       0x00000000       0x27 ../testing_bsp/\libhal_bsp.a(altera_avalon_jtag_uart_init.o)
 .comment       0x00000000       0x27 ../testing_bsp/\libhal_bsp.a(altera_avalon_jtag_uart_ioctl.o)
 .comment       0x00000000       0x27 ../testing_bsp/\libhal_bsp.a(altera_avalon_jtag_uart_read.o)
 .comment       0x00000000       0x27 ../testing_bsp/\libhal_bsp.a(altera_avalon_jtag_uart_write.o)
 .comment       0x00000000       0x27 ../testing_bsp/\libhal_bsp.a(altera_avalon_lcd_16207.o)
 .comment       0x00000000       0x27 ../testing_bsp/\libhal_bsp.a(altera_avalon_lcd_16207_fd.o)
 .comment       0x00000000       0x27 ../testing_bsp/\libhal_bsp.a(altera_avalon_timer_sc.o)
 .comment       0x00000000       0x27 ../testing_bsp/\libhal_bsp.a(altera_avalon_uart_fd.o)
 .comment       0x00000000       0x27 ../testing_bsp/\libhal_bsp.a(altera_avalon_uart_init.o)
 .comment       0x00000000       0x27 ../testing_bsp/\libhal_bsp.a(altera_avalon_uart_read.o)
 .comment       0x00000000       0x27 ../testing_bsp/\libhal_bsp.a(altera_avalon_uart_write.o)
 .comment       0x00000000       0x27 ../testing_bsp/\libhal_bsp.a(alt_alarm_start.o)
 .comment       0x00000000       0x27 ../testing_bsp/\libhal_bsp.a(alt_dcache_flush.o)
 .comment       0x00000000       0x27 ../testing_bsp/\libhal_bsp.a(alt_dev_llist_insert.o)
 .comment       0x00000000       0x27 ../testing_bsp/\libhal_bsp.a(alt_do_ctors.o)
 .comment       0x00000000       0x27 ../testing_bsp/\libhal_bsp.a(alt_do_dtors.o)
 .comment       0x00000000       0x27 ../testing_bsp/\libhal_bsp.a(alt_flash_dev.o)
 .comment       0x00000000       0x27 ../testing_bsp/\libhal_bsp.a(alt_iic.o)
 .comment       0x00000000       0x27 ../testing_bsp/\libhal_bsp.a(alt_iic_isr_register.o)
 .comment       0x00000000       0x27 ../testing_bsp/\libhal_bsp.a(alt_io_redirect.o)
 .comment       0x00000000       0x27 ../testing_bsp/\libhal_bsp.a(alt_irq_handler.o)
 .comment       0x00000000       0x27 ../testing_bsp/\libhal_bsp.a(alt_irq_vars.o)
 .comment       0x00000000       0x27 ../testing_bsp/\libhal_bsp.a(alt_open.o)
 .comment       0x00000000       0x27 ../testing_bsp/\libhal_bsp.a(alt_tick.o)
 .comment       0x00000000       0x27 ../testing_bsp/\libhal_bsp.a(alt_usleep.o)
 .comment       0x00000000       0x27 ../testing_bsp/\libhal_bsp.a(altera_nios2_irq.o)
 .comment       0x00000000       0x27 ../testing_bsp/\libhal_bsp.a(altera_avalon_cfi_flash_amd.o)
 .comment       0x00000000       0x27 ../testing_bsp/\libhal_bsp.a(altera_avalon_cfi_flash_intel.o)
 .comment       0x00000000       0x27 ../testing_bsp/\libhal_bsp.a(alt_busy_sleep.o)
 .comment       0x00000000       0x27 ../testing_bsp/\libhal_bsp.a(alt_find_dev.o)
 .comment       0x00000000       0x27 ../testing_bsp/\libhal_bsp.a(alt_find_file.o)
 .comment       0x00000000       0x27 ../testing_bsp/\libhal_bsp.a(alt_get_fd.o)
 .comment       0x00000000       0x27 ../testing_bsp/\libhal_bsp.a(alt_instruction_exception_entry.o)
 .comment       0x00000000       0x27 c:/altera/12.0sp2/nios2eds/bin/gnu/h-i686-mingw32/bin/../lib/gcc/nios2-elf/4.1.2/../../../../nios2-elf/lib\libc.a(lib_a-atexit.o)
 .comment       0x00000000       0x27 c:/altera/12.0sp2/nios2eds/bin/gnu/h-i686-mingw32/bin/../lib/gcc/nios2-elf/4.1.2/../../../../nios2-elf/lib\libc.a(lib_a-ctype_.o)
 .comment       0x00000000       0x27 c:/altera/12.0sp2/nios2eds/bin/gnu/h-i686-mingw32/bin/../lib/gcc/nios2-elf/4.1.2/../../../../nios2-elf/lib\libc.a(lib_a-exit.o)
 .comment       0x00000000       0x27 c:/altera/12.0sp2/nios2eds/bin/gnu/h-i686-mingw32/bin/../lib/gcc/nios2-elf/4.1.2/../../../../nios2-elf/lib\libc.a(lib_a-memcmp.o)
 .comment       0x00000000       0x27 c:/altera/12.0sp2/nios2eds/bin/gnu/h-i686-mingw32/bin/../lib/gcc/nios2-elf/4.1.2/../../../../nios2-elf/lib\libc.a(lib_a-__atexit.o)
 .comment       0x00000000       0x27 c:/altera/12.0sp2/nios2eds/bin/gnu/h-i686-mingw32/bin/../lib/gcc/nios2-elf/4.1.2/../../../../nios2-elf/lib\libc.a(lib_a-__call_atexit.o)
 .comment       0x00000000       0x27 ../testing_bsp/\libhal_bsp.a(alt_exit.o)

.debug
 *(.debug)

.line
 *(.line)

.debug_srcinfo
 *(.debug_srcinfo)

.debug_sfnames
 *(.debug_sfnames)

.debug_aranges  0x00000000      0xa58
 *(.debug_aranges)
 .debug_aranges
                0x00000000       0x20 ../testing_bsp//obj/HAL/src/crt0.o
 .debug_aranges
                0x00000020       0x20 obj/default/hello_world.o
 .debug_aranges
                0x00000040       0x20 c:/altera/12.0sp2/nios2eds/bin/gnu/h-i686-mingw32/bin/../lib/gcc/nios2-elf/4.1.2/../../../../nios2-elf/lib\libc.a(lib_a-puts.o)
 .debug_aranges
                0x00000060       0x20 c:/altera/12.0sp2/nios2eds/bin/gnu/h-i686-mingw32/bin/../lib/gcc/nios2-elf/4.1.2/../../../../nios2-elf/lib\libc.a(lib_a-strlen.o)
 .debug_aranges
                0x00000080       0x20 c:/altera/12.0sp2/nios2eds/bin/gnu/h-i686-mingw32/bin/../lib/gcc/nios2-elf/4.1.2/../../../../nios2-elf/lib\libc.a(lib_a-fvwrite.o)
 .debug_aranges
                0x000000a0       0x20 c:/altera/12.0sp2/nios2eds/bin/gnu/h-i686-mingw32/bin/../lib/gcc/nios2-elf/4.1.2/../../../../nios2-elf/lib\libc.a(lib_a-mallocr.o)
 .debug_aranges
                0x000000c0       0x20 c:/altera/12.0sp2/nios2eds/bin/gnu/h-i686-mingw32/bin/../lib/gcc/nios2-elf/4.1.2/../../../../nios2-elf/lib\libc.a(lib_a-memchr.o)
 .debug_aranges
                0x000000e0       0x20 c:/altera/12.0sp2/nios2eds/bin/gnu/h-i686-mingw32/bin/../lib/gcc/nios2-elf/4.1.2/../../../../nios2-elf/lib\libc.a(lib_a-memcpy.o)
 .debug_aranges
                0x00000100       0x20 c:/altera/12.0sp2/nios2eds/bin/gnu/h-i686-mingw32/bin/../lib/gcc/nios2-elf/4.1.2/../../../../nios2-elf/lib\libc.a(lib_a-memmove.o)
 .debug_aranges
                0x00000120       0x20 c:/altera/12.0sp2/nios2eds/bin/gnu/h-i686-mingw32/bin/../lib/gcc/nios2-elf/4.1.2/../../../../nios2-elf/lib\libc.a(lib_a-reallocr.o)
 .debug_aranges
                0x00000140       0x20 c:/altera/12.0sp2/nios2eds/bin/gnu/h-i686-mingw32/bin/../lib/gcc/nios2-elf/4.1.2/../../../../nios2-elf/lib\libc.a(lib_a-sbrkr.o)
 .debug_aranges
                0x00000160       0x20 c:/altera/12.0sp2/nios2eds/bin/gnu/h-i686-mingw32/bin/../lib/gcc/nios2-elf/4.1.2/../../../../nios2-elf/lib\libc.a(lib_a-wsetup.o)
 .debug_aranges
                0x00000180       0x20 c:/altera/12.0sp2/nios2eds/bin/gnu/h-i686-mingw32/bin/../lib/gcc/nios2-elf/4.1.2/../../../../nios2-elf/lib\libc.a(lib_a-fflush.o)
 .debug_aranges
                0x000001a0       0x20 c:/altera/12.0sp2/nios2eds/bin/gnu/h-i686-mingw32/bin/../lib/gcc/nios2-elf/4.1.2/../../../../nios2-elf/lib\libc.a(lib_a-findfp.o)
 .debug_aranges
                0x000001c0       0x20 c:/altera/12.0sp2/nios2eds/bin/gnu/h-i686-mingw32/bin/../lib/gcc/nios2-elf/4.1.2/../../../../nios2-elf/lib\libc.a(lib_a-freer.o)
 .debug_aranges
                0x000001e0       0x20 c:/altera/12.0sp2/nios2eds/bin/gnu/h-i686-mingw32/bin/../lib/gcc/nios2-elf/4.1.2/../../../../nios2-elf/lib\libc.a(lib_a-fwalk.o)
 .debug_aranges
                0x00000200       0x20 c:/altera/12.0sp2/nios2eds/bin/gnu/h-i686-mingw32/bin/../lib/gcc/nios2-elf/4.1.2/../../../../nios2-elf/lib\libc.a(lib_a-makebuf.o)
 .debug_aranges
                0x00000220       0x20 c:/altera/12.0sp2/nios2eds/bin/gnu/h-i686-mingw32/bin/../lib/gcc/nios2-elf/4.1.2/../../../../nios2-elf/lib\libc.a(lib_a-memset.o)
 .debug_aranges
                0x00000240       0x20 c:/altera/12.0sp2/nios2eds/bin/gnu/h-i686-mingw32/bin/../lib/gcc/nios2-elf/4.1.2/../../../../nios2-elf/lib\libc.a(lib_a-stdio.o)
 .debug_aranges
                0x00000260       0x20 c:/altera/12.0sp2/nios2eds/bin/gnu/h-i686-mingw32/bin/../lib/gcc/nios2-elf/4.1.2/../../../../nios2-elf/lib\libc.a(lib_a-writer.o)
 .debug_aranges
                0x00000280       0x20 c:/altera/12.0sp2/nios2eds/bin/gnu/h-i686-mingw32/bin/../lib/gcc/nios2-elf/4.1.2/../../../../nios2-elf/lib\libc.a(lib_a-closer.o)
 .debug_aranges
                0x000002a0       0x20 c:/altera/12.0sp2/nios2eds/bin/gnu/h-i686-mingw32/bin/../lib/gcc/nios2-elf/4.1.2/../../../../nios2-elf/lib\libc.a(lib_a-fclose.o)
 .debug_aranges
                0x000002c0       0x20 c:/altera/12.0sp2/nios2eds/bin/gnu/h-i686-mingw32/bin/../lib/gcc/nios2-elf/4.1.2/../../../../nios2-elf/lib\libc.a(lib_a-fstatr.o)
 .debug_aranges
                0x000002e0       0x20 c:/altera/12.0sp2/nios2eds/bin/gnu/h-i686-mingw32/bin/../lib/gcc/nios2-elf/4.1.2/../../../../nios2-elf/lib\libc.a(lib_a-isattyr.o)
 .debug_aranges
                0x00000300       0x20 c:/altera/12.0sp2/nios2eds/bin/gnu/h-i686-mingw32/bin/../lib/gcc/nios2-elf/4.1.2/../../../../nios2-elf/lib\libc.a(lib_a-lseekr.o)
 .debug_aranges
                0x00000320       0x20 c:/altera/12.0sp2/nios2eds/bin/gnu/h-i686-mingw32/bin/../lib/gcc/nios2-elf/4.1.2/../../../../nios2-elf/lib\libc.a(lib_a-readr.o)
 .debug_aranges
                0x00000340       0x20 ../testing_bsp/\libhal_bsp.a(alt_close.o)
 .debug_aranges
                0x00000360       0x20 ../testing_bsp/\libhal_bsp.a(alt_dev.o)
 .debug_aranges
                0x00000380       0x20 ../testing_bsp/\libhal_bsp.a(alt_fstat.o)
 .debug_aranges
                0x000003a0       0x20 ../testing_bsp/\libhal_bsp.a(alt_isatty.o)
 .debug_aranges
                0x000003c0       0x20 ../testing_bsp/\libhal_bsp.a(alt_lseek.o)
 .debug_aranges
                0x000003e0       0x20 ../testing_bsp/\libhal_bsp.a(alt_main.o)
 .debug_aranges
                0x00000400       0x20 ../testing_bsp/\libhal_bsp.a(alt_malloc_lock.o)
 .debug_aranges
                0x00000420       0x20 ../testing_bsp/\libhal_bsp.a(alt_read.o)
 .debug_aranges
                0x00000440       0x20 ../testing_bsp/\libhal_bsp.a(alt_release_fd.o)
 .debug_aranges
                0x00000460       0x20 ../testing_bsp/\libhal_bsp.a(alt_sbrk.o)
 .debug_aranges
                0x00000480       0x20 ../testing_bsp/\libhal_bsp.a(alt_write.o)
 .debug_aranges
                0x000004a0       0x20 ../testing_bsp/\libhal_bsp.a(alt_sys_init.o)
 .debug_aranges
                0x000004c0       0x20 ../testing_bsp/\libhal_bsp.a(altera_avalon_cfi_flash.o)
 .debug_aranges
                0x000004e0       0x20 ../testing_bsp/\libhal_bsp.a(altera_avalon_cfi_flash_table.o)
 .debug_aranges
                0x00000500       0x20 ../testing_bsp/\libhal_bsp.a(altera_avalon_jtag_uart_fd.o)
 .debug_aranges
                0x00000520       0x20 ../testing_bsp/\libhal_bsp.a(altera_avalon_jtag_uart_init.o)
 .debug_aranges
                0x00000540       0x20 ../testing_bsp/\libhal_bsp.a(altera_avalon_jtag_uart_ioctl.o)
 .debug_aranges
                0x00000560       0x20 ../testing_bsp/\libhal_bsp.a(altera_avalon_jtag_uart_read.o)
 .debug_aranges
                0x00000580       0x20 ../testing_bsp/\libhal_bsp.a(altera_avalon_jtag_uart_write.o)
 .debug_aranges
                0x000005a0       0x20 ../testing_bsp/\libhal_bsp.a(altera_avalon_lcd_16207.o)
 .debug_aranges
                0x000005c0       0x20 ../testing_bsp/\libhal_bsp.a(altera_avalon_lcd_16207_fd.o)
 .debug_aranges
                0x000005e0       0x20 ../testing_bsp/\libhal_bsp.a(altera_avalon_timer_sc.o)
 .debug_aranges
                0x00000600       0x20 ../testing_bsp/\libhal_bsp.a(altera_avalon_uart_fd.o)
 .debug_aranges
                0x00000620       0x20 ../testing_bsp/\libhal_bsp.a(altera_avalon_uart_init.o)
 .debug_aranges
                0x00000640       0x20 ../testing_bsp/\libhal_bsp.a(altera_avalon_uart_read.o)
 .debug_aranges
                0x00000660       0x20 ../testing_bsp/\libhal_bsp.a(altera_avalon_uart_write.o)
 .debug_aranges
                0x00000680       0x20 ../testing_bsp/\libhal_bsp.a(alt_alarm_start.o)
 .debug_aranges
                0x000006a0       0x20 ../testing_bsp/\libhal_bsp.a(alt_dcache_flush.o)
 .debug_aranges
                0x000006c0       0x20 ../testing_bsp/\libhal_bsp.a(alt_dev_llist_insert.o)
 .debug_aranges
                0x000006e0       0x20 ../testing_bsp/\libhal_bsp.a(alt_do_ctors.o)
 .debug_aranges
                0x00000700       0x20 ../testing_bsp/\libhal_bsp.a(alt_do_dtors.o)
 .debug_aranges
                0x00000720       0x20 ../testing_bsp/\libhal_bsp.a(alt_flash_dev.o)
 .debug_aranges
                0x00000740       0x20 ../testing_bsp/\libhal_bsp.a(alt_iic.o)
 .debug_aranges
                0x00000760       0x20 ../testing_bsp/\libhal_bsp.a(alt_iic_isr_register.o)
 .debug_aranges
                0x00000780       0x20 ../testing_bsp/\libhal_bsp.a(alt_io_redirect.o)
 .debug_aranges
                0x000007a0       0x30 ../testing_bsp/\libhal_bsp.a(alt_irq_entry.o)
 .debug_aranges
                0x000007d0       0x28 ../testing_bsp/\libhal_bsp.a(alt_irq_handler.o)
 .debug_aranges
                0x000007f8       0x20 ../testing_bsp/\libhal_bsp.a(alt_open.o)
 .debug_aranges
                0x00000818       0x20 ../testing_bsp/\libhal_bsp.a(alt_tick.o)
 .debug_aranges
                0x00000838       0x20 ../testing_bsp/\libhal_bsp.a(alt_usleep.o)
 .debug_aranges
                0x00000858       0x20 ../testing_bsp/\libhal_bsp.a(altera_nios2_irq.o)
 .debug_aranges
                0x00000878       0x20 ../testing_bsp/\libhal_bsp.a(altera_avalon_cfi_flash_amd.o)
 .debug_aranges
                0x00000898       0x20 ../testing_bsp/\libhal_bsp.a(altera_avalon_cfi_flash_intel.o)
 .debug_aranges
                0x000008b8       0x20 ../testing_bsp/\libhal_bsp.a(alt_busy_sleep.o)
 .debug_aranges
                0x000008d8       0x38 ../testing_bsp/\libhal_bsp.a(alt_exception_entry.o)
 .debug_aranges
                0x00000910       0x20 ../testing_bsp/\libhal_bsp.a(alt_find_dev.o)
 .debug_aranges
                0x00000930       0x20 ../testing_bsp/\libhal_bsp.a(alt_find_file.o)
 .debug_aranges
                0x00000950       0x20 ../testing_bsp/\libhal_bsp.a(alt_get_fd.o)
 .debug_aranges
                0x00000970       0x28 ../testing_bsp/\libhal_bsp.a(alt_instruction_exception_entry.o)
 .debug_aranges
                0x00000998       0x20 c:/altera/12.0sp2/nios2eds/bin/gnu/h-i686-mingw32/bin/../lib/gcc/nios2-elf/4.1.2/../../../../nios2-elf/lib\libc.a(lib_a-atexit.o)
 .debug_aranges
                0x000009b8       0x20 c:/altera/12.0sp2/nios2eds/bin/gnu/h-i686-mingw32/bin/../lib/gcc/nios2-elf/4.1.2/../../../../nios2-elf/lib\libc.a(lib_a-exit.o)
 .debug_aranges
                0x000009d8       0x20 c:/altera/12.0sp2/nios2eds/bin/gnu/h-i686-mingw32/bin/../lib/gcc/nios2-elf/4.1.2/../../../../nios2-elf/lib\libc.a(lib_a-memcmp.o)
 .debug_aranges
                0x000009f8       0x20 c:/altera/12.0sp2/nios2eds/bin/gnu/h-i686-mingw32/bin/../lib/gcc/nios2-elf/4.1.2/../../../../nios2-elf/lib\libc.a(lib_a-__atexit.o)
 .debug_aranges
                0x00000a18       0x20 c:/altera/12.0sp2/nios2eds/bin/gnu/h-i686-mingw32/bin/../lib/gcc/nios2-elf/4.1.2/../../../../nios2-elf/lib\libc.a(lib_a-__call_atexit.o)
 .debug_aranges
                0x00000a38       0x20 ../testing_bsp/\libhal_bsp.a(alt_exit.o)

.debug_pubnames
                0x00000000     0x1371
 *(.debug_pubnames)
 .debug_pubnames
                0x00000000       0x1b obj/default/hello_world.o
 .debug_pubnames
                0x0000001b       0x27 c:/altera/12.0sp2/nios2eds/bin/gnu/h-i686-mingw32/bin/../lib/gcc/nios2-elf/4.1.2/../../../../nios2-elf/lib\libc.a(lib_a-puts.o)
 .debug_pubnames
                0x00000042       0x1d c:/altera/12.0sp2/nios2eds/bin/gnu/h-i686-mingw32/bin/../lib/gcc/nios2-elf/4.1.2/../../../../nios2-elf/lib\libc.a(lib_a-strlen.o)
 .debug_pubnames
                0x0000005f       0x23 c:/altera/12.0sp2/nios2eds/bin/gnu/h-i686-mingw32/bin/../lib/gcc/nios2-elf/4.1.2/../../../../nios2-elf/lib\libc.a(lib_a-fvwrite.o)
 .debug_pubnames
                0x00000082       0x39 c:/altera/12.0sp2/nios2eds/bin/gnu/h-i686-mingw32/bin/../lib/gcc/nios2-elf/4.1.2/../../../../nios2-elf/lib\libc.a(lib_a-impure.o)
 .debug_pubnames
                0x000000bb       0xce c:/altera/12.0sp2/nios2eds/bin/gnu/h-i686-mingw32/bin/../lib/gcc/nios2-elf/4.1.2/../../../../nios2-elf/lib\libc.a(lib_a-mallocr.o)
 .debug_pubnames
                0x00000189       0x1d c:/altera/12.0sp2/nios2eds/bin/gnu/h-i686-mingw32/bin/../lib/gcc/nios2-elf/4.1.2/../../../../nios2-elf/lib\libc.a(lib_a-memchr.o)
 .debug_pubnames
                0x000001a6       0x1d c:/altera/12.0sp2/nios2eds/bin/gnu/h-i686-mingw32/bin/../lib/gcc/nios2-elf/4.1.2/../../../../nios2-elf/lib\libc.a(lib_a-memcpy.o)
 .debug_pubnames
                0x000001c3       0x1e c:/altera/12.0sp2/nios2eds/bin/gnu/h-i686-mingw32/bin/../lib/gcc/nios2-elf/4.1.2/../../../../nios2-elf/lib\libc.a(lib_a-memmove.o)
 .debug_pubnames
                0x000001e1       0x21 c:/altera/12.0sp2/nios2eds/bin/gnu/h-i686-mingw32/bin/../lib/gcc/nios2-elf/4.1.2/../../../../nios2-elf/lib\libc.a(lib_a-reallocr.o)
 .debug_pubnames
                0x00000202       0x1e c:/altera/12.0sp2/nios2eds/bin/gnu/h-i686-mingw32/bin/../lib/gcc/nios2-elf/4.1.2/../../../../nios2-elf/lib\libc.a(lib_a-sbrkr.o)
 .debug_pubnames
                0x00000220       0x22 c:/altera/12.0sp2/nios2eds/bin/gnu/h-i686-mingw32/bin/../lib/gcc/nios2-elf/4.1.2/../../../../nios2-elf/lib\libc.a(lib_a-wsetup.o)
 .debug_pubnames
                0x00000242       0x2b c:/altera/12.0sp2/nios2eds/bin/gnu/h-i686-mingw32/bin/../lib/gcc/nios2-elf/4.1.2/../../../../nios2-elf/lib\libc.a(lib_a-fflush.o)
 .debug_pubnames
                0x0000026d       0xdb c:/altera/12.0sp2/nios2eds/bin/gnu/h-i686-mingw32/bin/../lib/gcc/nios2-elf/4.1.2/../../../../nios2-elf/lib\libc.a(lib_a-findfp.o)
 .debug_pubnames
                0x00000348       0x31 c:/altera/12.0sp2/nios2eds/bin/gnu/h-i686-mingw32/bin/../lib/gcc/nios2-elf/4.1.2/../../../../nios2-elf/lib\libc.a(lib_a-freer.o)
 .debug_pubnames
                0x00000379       0x2e c:/altera/12.0sp2/nios2eds/bin/gnu/h-i686-mingw32/bin/../lib/gcc/nios2-elf/4.1.2/../../../../nios2-elf/lib\libc.a(lib_a-fwalk.o)
 .debug_pubnames
                0x000003a7       0x1c c:/altera/12.0sp2/nios2eds/bin/gnu/h-i686-mingw32/bin/../lib/gcc/nios2-elf/4.1.2/../../../../nios2-elf/lib\libc.a(lib_a-int_errno.o)
 .debug_pubnames
                0x000003c3       0x23 c:/altera/12.0sp2/nios2eds/bin/gnu/h-i686-mingw32/bin/../lib/gcc/nios2-elf/4.1.2/../../../../nios2-elf/lib\libc.a(lib_a-makebuf.o)
 .debug_pubnames
                0x000003e6       0x1d c:/altera/12.0sp2/nios2eds/bin/gnu/h-i686-mingw32/bin/../lib/gcc/nios2-elf/4.1.2/../../../../nios2-elf/lib\libc.a(lib_a-memset.o)
 .debug_pubnames
                0x00000403       0x44 c:/altera/12.0sp2/nios2eds/bin/gnu/h-i686-mingw32/bin/../lib/gcc/nios2-elf/4.1.2/../../../../nios2-elf/lib\libc.a(lib_a-stdio.o)
 .debug_pubnames
                0x00000447       0x1f c:/altera/12.0sp2/nios2eds/bin/gnu/h-i686-mingw32/bin/../lib/gcc/nios2-elf/4.1.2/../../../../nios2-elf/lib\libc.a(lib_a-writer.o)
 .debug_pubnames
                0x00000466       0x1f c:/altera/12.0sp2/nios2eds/bin/gnu/h-i686-mingw32/bin/../lib/gcc/nios2-elf/4.1.2/../../../../nios2-elf/lib\libc.a(lib_a-closer.o)
 .debug_pubnames
                0x00000485       0x2b c:/altera/12.0sp2/nios2eds/bin/gnu/h-i686-mingw32/bin/../lib/gcc/nios2-elf/4.1.2/../../../../nios2-elf/lib\libc.a(lib_a-fclose.o)
 .debug_pubnames
                0x000004b0       0x1f c:/altera/12.0sp2/nios2eds/bin/gnu/h-i686-mingw32/bin/../lib/gcc/nios2-elf/4.1.2/../../../../nios2-elf/lib\libc.a(lib_a-fstatr.o)
 .debug_pubnames
                0x000004cf       0x20 c:/altera/12.0sp2/nios2eds/bin/gnu/h-i686-mingw32/bin/../lib/gcc/nios2-elf/4.1.2/../../../../nios2-elf/lib\libc.a(lib_a-isattyr.o)
 .debug_pubnames
                0x000004ef       0x1f c:/altera/12.0sp2/nios2eds/bin/gnu/h-i686-mingw32/bin/../lib/gcc/nios2-elf/4.1.2/../../../../nios2-elf/lib\libc.a(lib_a-lseekr.o)
 .debug_pubnames
                0x0000050e       0x1e c:/altera/12.0sp2/nios2eds/bin/gnu/h-i686-mingw32/bin/../lib/gcc/nios2-elf/4.1.2/../../../../nios2-elf/lib\libc.a(lib_a-readr.o)
 .debug_pubnames
                0x0000052c       0x1c ../testing_bsp/\libhal_bsp.a(alt_close.o)
 .debug_pubnames
                0x00000548       0x63 ../testing_bsp/\libhal_bsp.a(alt_dev.o)
 .debug_pubnames
                0x000005ab       0x20 ../testing_bsp/\libhal_bsp.a(alt_errno.o)
 .debug_pubnames
                0x000005cb       0x1c ../testing_bsp/\libhal_bsp.a(alt_fstat.o)
 .debug_pubnames
                0x000005e7       0x1d ../testing_bsp/\libhal_bsp.a(alt_isatty.o)
 .debug_pubnames
                0x00000604       0x1c ../testing_bsp/\libhal_bsp.a(alt_lseek.o)
 .debug_pubnames
                0x00000620       0x46 ../testing_bsp/\libhal_bsp.a(alt_main.o)
 .debug_pubnames
                0x00000666       0x38 ../testing_bsp/\libhal_bsp.a(alt_malloc_lock.o)
 .debug_pubnames
                0x0000069e       0x1b ../testing_bsp/\libhal_bsp.a(alt_read.o)
 .debug_pubnames
                0x000006b9       0x25 ../testing_bsp/\libhal_bsp.a(alt_release_fd.o)
 .debug_pubnames
                0x000006de       0x1b ../testing_bsp/\libhal_bsp.a(alt_sbrk.o)
 .debug_pubnames
                0x000006f9       0x1c ../testing_bsp/\libhal_bsp.a(alt_write.o)
 .debug_pubnames
                0x00000715       0x34 ../testing_bsp/\libhal_bsp.a(alt_sys_init.o)
 .debug_pubnames
                0x00000749       0xac ../testing_bsp/\libhal_bsp.a(altera_avalon_cfi_flash.o)
 .debug_pubnames
                0x000007f5      0x27a ../testing_bsp/\libhal_bsp.a(altera_avalon_cfi_flash_table.o)
 .debug_pubnames
                0x00000a6f       0xa5 ../testing_bsp/\libhal_bsp.a(altera_avalon_jtag_uart_fd.o)
 .debug_pubnames
                0x00000b14       0x55 ../testing_bsp/\libhal_bsp.a(altera_avalon_jtag_uart_init.o)
 .debug_pubnames
                0x00000b69       0x34 ../testing_bsp/\libhal_bsp.a(altera_avalon_jtag_uart_ioctl.o)
 .debug_pubnames
                0x00000b9d       0x33 ../testing_bsp/\libhal_bsp.a(altera_avalon_jtag_uart_read.o)
 .debug_pubnames
                0x00000bd0       0x34 ../testing_bsp/\libhal_bsp.a(altera_avalon_jtag_uart_write.o)
 .debug_pubnames
                0x00000c04       0x55 ../testing_bsp/\libhal_bsp.a(altera_avalon_lcd_16207.o)
 .debug_pubnames
                0x00000c59       0x37 ../testing_bsp/\libhal_bsp.a(altera_avalon_lcd_16207_fd.o)
 .debug_pubnames
                0x00000c90       0x2f ../testing_bsp/\libhal_bsp.a(altera_avalon_timer_sc.o)
 .debug_pubnames
                0x00000cbf       0x71 ../testing_bsp/\libhal_bsp.a(altera_avalon_uart_fd.o)
 .debug_pubnames
                0x00000d30       0x4b ../testing_bsp/\libhal_bsp.a(altera_avalon_uart_init.o)
 .debug_pubnames
                0x00000d7b       0x2e ../testing_bsp/\libhal_bsp.a(altera_avalon_uart_read.o)
 .debug_pubnames
                0x00000da9       0x2f ../testing_bsp/\libhal_bsp.a(altera_avalon_uart_write.o)
 .debug_pubnames
                0x00000dd8       0x26 ../testing_bsp/\libhal_bsp.a(alt_alarm_start.o)
 .debug_pubnames
                0x00000dfe       0x27 ../testing_bsp/\libhal_bsp.a(alt_dcache_flush.o)
 .debug_pubnames
                0x00000e25       0x2b ../testing_bsp/\libhal_bsp.a(alt_dev_llist_insert.o)
 .debug_pubnames
                0x00000e50       0x20 ../testing_bsp/\libhal_bsp.a(alt_do_ctors.o)
 .debug_pubnames
                0x00000e70       0x20 ../testing_bsp/\libhal_bsp.a(alt_do_dtors.o)
 .debug_pubnames
                0x00000e90       0x58 ../testing_bsp/\libhal_bsp.a(alt_flash_dev.o)
 .debug_pubnames
                0x00000ee8       0x6e ../testing_bsp/\libhal_bsp.a(alt_iic.o)
 .debug_pubnames
                0x00000f56       0x2b ../testing_bsp/\libhal_bsp.a(alt_iic_isr_register.o)
 .debug_pubnames
                0x00000f81       0x26 ../testing_bsp/\libhal_bsp.a(alt_io_redirect.o)
 .debug_pubnames
                0x00000fa7       0x32 ../testing_bsp/\libhal_bsp.a(alt_irq_handler.o)
 .debug_pubnames
                0x00000fd9       0x3b ../testing_bsp/\libhal_bsp.a(alt_irq_vars.o)
 .debug_pubnames
                0x00001014       0x1b ../testing_bsp/\libhal_bsp.a(alt_open.o)
 .debug_pubnames
                0x0000102f       0x68 ../testing_bsp/\libhal_bsp.a(alt_tick.o)
 .debug_pubnames
                0x00001097       0x1d ../testing_bsp/\libhal_bsp.a(alt_usleep.o)
 .debug_pubnames
                0x000010b4       0x2c ../testing_bsp/\libhal_bsp.a(altera_nios2_irq.o)
 .debug_pubnames
                0x000010e0       0x3e ../testing_bsp/\libhal_bsp.a(altera_avalon_cfi_flash_amd.o)
 .debug_pubnames
                0x0000111e       0x42 ../testing_bsp/\libhal_bsp.a(altera_avalon_cfi_flash_intel.o)
 .debug_pubnames
                0x00001160       0x25 ../testing_bsp/\libhal_bsp.a(alt_busy_sleep.o)
 .debug_pubnames
                0x00001185       0x23 ../testing_bsp/\libhal_bsp.a(alt_find_dev.o)
 .debug_pubnames
                0x000011a8       0x24 ../testing_bsp/\libhal_bsp.a(alt_find_file.o)
 .debug_pubnames
                0x000011cc       0x21 ../testing_bsp/\libhal_bsp.a(alt_get_fd.o)
 .debug_pubnames
                0x000011ed       0x87 ../testing_bsp/\libhal_bsp.a(alt_instruction_exception_entry.o)
 .debug_pubnames
                0x00001274       0x2a c:/altera/12.0sp2/nios2eds/bin/gnu/h-i686-mingw32/bin/../lib/gcc/nios2-elf/4.1.2/../../../../nios2-elf/lib\libc.a(lib_a-atexit.o)
 .debug_pubnames
                0x0000129e       0x2e c:/altera/12.0sp2/nios2eds/bin/gnu/h-i686-mingw32/bin/../lib/gcc/nios2-elf/4.1.2/../../../../nios2-elf/lib\libc.a(lib_a-ctype_.o)
 .debug_pubnames
                0x000012cc       0x1b c:/altera/12.0sp2/nios2eds/bin/gnu/h-i686-mingw32/bin/../lib/gcc/nios2-elf/4.1.2/../../../../nios2-elf/lib\libc.a(lib_a-exit.o)
 .debug_pubnames
                0x000012e7       0x1d c:/altera/12.0sp2/nios2eds/bin/gnu/h-i686-mingw32/bin/../lib/gcc/nios2-elf/4.1.2/../../../../nios2-elf/lib\libc.a(lib_a-memcmp.o)
 .debug_pubnames
                0x00001304       0x2a c:/altera/12.0sp2/nios2eds/bin/gnu/h-i686-mingw32/bin/../lib/gcc/nios2-elf/4.1.2/../../../../nios2-elf/lib\libc.a(lib_a-__atexit.o)
 .debug_pubnames
                0x0000132e       0x27 c:/altera/12.0sp2/nios2eds/bin/gnu/h-i686-mingw32/bin/../lib/gcc/nios2-elf/4.1.2/../../../../nios2-elf/lib\libc.a(lib_a-__call_atexit.o)
 .debug_pubnames
                0x00001355       0x1c ../testing_bsp/\libhal_bsp.a(alt_exit.o)

.debug_info     0x00000000    0x201a6
 *(.debug_info .gnu.linkonce.wi.*)
 .debug_info    0x00000000       0x9d ../testing_bsp//obj/HAL/src/crt0.o
 .debug_info    0x0000009d      0x158 obj/default/hello_world.o
 .debug_info    0x000001f5      0xa25 c:/altera/12.0sp2/nios2eds/bin/gnu/h-i686-mingw32/bin/../lib/gcc/nios2-elf/4.1.2/../../../../nios2-elf/lib\libc.a(lib_a-puts.o)
 .debug_info    0x00000c1a       0xdb c:/altera/12.0sp2/nios2eds/bin/gnu/h-i686-mingw32/bin/../lib/gcc/nios2-elf/4.1.2/../../../../nios2-elf/lib\libc.a(lib_a-strlen.o)
 .debug_info    0x00000cf5      0xa88 c:/altera/12.0sp2/nios2eds/bin/gnu/h-i686-mingw32/bin/../lib/gcc/nios2-elf/4.1.2/../../../../nios2-elf/lib\libc.a(lib_a-fvwrite.o)
 .debug_info    0x0000177d      0x93d c:/altera/12.0sp2/nios2eds/bin/gnu/h-i686-mingw32/bin/../lib/gcc/nios2-elf/4.1.2/../../../../nios2-elf/lib\libc.a(lib_a-impure.o)
 .debug_info    0x000020ba      0xcd0 c:/altera/12.0sp2/nios2eds/bin/gnu/h-i686-mingw32/bin/../lib/gcc/nios2-elf/4.1.2/../../../../nios2-elf/lib\libc.a(lib_a-mallocr.o)
 .debug_info    0x00002d8a      0x138 c:/altera/12.0sp2/nios2eds/bin/gnu/h-i686-mingw32/bin/../lib/gcc/nios2-elf/4.1.2/../../../../nios2-elf/lib\libc.a(lib_a-memchr.o)
 .debug_info    0x00002ec2      0x106 c:/altera/12.0sp2/nios2eds/bin/gnu/h-i686-mingw32/bin/../lib/gcc/nios2-elf/4.1.2/../../../../nios2-elf/lib\libc.a(lib_a-memcpy.o)
 .debug_info    0x00002fc8      0x13e c:/altera/12.0sp2/nios2eds/bin/gnu/h-i686-mingw32/bin/../lib/gcc/nios2-elf/4.1.2/../../../../nios2-elf/lib\libc.a(lib_a-memmove.o)
 .debug_info    0x00003106      0xbd7 c:/altera/12.0sp2/nios2eds/bin/gnu/h-i686-mingw32/bin/../lib/gcc/nios2-elf/4.1.2/../../../../nios2-elf/lib\libc.a(lib_a-reallocr.o)
 .debug_info    0x00003cdd      0x962 c:/altera/12.0sp2/nios2eds/bin/gnu/h-i686-mingw32/bin/../lib/gcc/nios2-elf/4.1.2/../../../../nios2-elf/lib\libc.a(lib_a-sbrkr.o)
 .debug_info    0x0000463f      0x95d c:/altera/12.0sp2/nios2eds/bin/gnu/h-i686-mingw32/bin/../lib/gcc/nios2-elf/4.1.2/../../../../nios2-elf/lib\libc.a(lib_a-wsetup.o)
 .debug_info    0x00004f9c      0x9fe c:/altera/12.0sp2/nios2eds/bin/gnu/h-i686-mingw32/bin/../lib/gcc/nios2-elf/4.1.2/../../../../nios2-elf/lib\libc.a(lib_a-fflush.o)
 .debug_info    0x0000599a      0xb72 c:/altera/12.0sp2/nios2eds/bin/gnu/h-i686-mingw32/bin/../lib/gcc/nios2-elf/4.1.2/../../../../nios2-elf/lib\libc.a(lib_a-findfp.o)
 .debug_info    0x0000650c      0xbc9 c:/altera/12.0sp2/nios2eds/bin/gnu/h-i686-mingw32/bin/../lib/gcc/nios2-elf/4.1.2/../../../../nios2-elf/lib\libc.a(lib_a-freer.o)
 .debug_info    0x000070d5      0xaed c:/altera/12.0sp2/nios2eds/bin/gnu/h-i686-mingw32/bin/../lib/gcc/nios2-elf/4.1.2/../../../../nios2-elf/lib\libc.a(lib_a-fwalk.o)
 .debug_info    0x00007bc2       0x8c c:/altera/12.0sp2/nios2eds/bin/gnu/h-i686-mingw32/bin/../lib/gcc/nios2-elf/4.1.2/../../../../nios2-elf/lib\libc.a(lib_a-int_errno.o)
 .debug_info    0x00007c4e      0xb1a c:/altera/12.0sp2/nios2eds/bin/gnu/h-i686-mingw32/bin/../lib/gcc/nios2-elf/4.1.2/../../../../nios2-elf/lib\libc.a(lib_a-makebuf.o)
 .debug_info    0x00008768      0x113 c:/altera/12.0sp2/nios2eds/bin/gnu/h-i686-mingw32/bin/../lib/gcc/nios2-elf/4.1.2/../../../../nios2-elf/lib\libc.a(lib_a-memset.o)
 .debug_info    0x0000887b      0xaac c:/altera/12.0sp2/nios2eds/bin/gnu/h-i686-mingw32/bin/../lib/gcc/nios2-elf/4.1.2/../../../../nios2-elf/lib\libc.a(lib_a-stdio.o)
 .debug_info    0x00009327      0x993 c:/altera/12.0sp2/nios2eds/bin/gnu/h-i686-mingw32/bin/../lib/gcc/nios2-elf/4.1.2/../../../../nios2-elf/lib\libc.a(lib_a-writer.o)
 .debug_info    0x00009cba      0x958 c:/altera/12.0sp2/nios2eds/bin/gnu/h-i686-mingw32/bin/../lib/gcc/nios2-elf/4.1.2/../../../../nios2-elf/lib\libc.a(lib_a-closer.o)
 .debug_info    0x0000a612      0x994 c:/altera/12.0sp2/nios2eds/bin/gnu/h-i686-mingw32/bin/../lib/gcc/nios2-elf/4.1.2/../../../../nios2-elf/lib\libc.a(lib_a-fclose.o)
 .debug_info    0x0000afa6      0xafc c:/altera/12.0sp2/nios2eds/bin/gnu/h-i686-mingw32/bin/../lib/gcc/nios2-elf/4.1.2/../../../../nios2-elf/lib\libc.a(lib_a-fstatr.o)
 .debug_info    0x0000baa2      0x958 c:/altera/12.0sp2/nios2eds/bin/gnu/h-i686-mingw32/bin/../lib/gcc/nios2-elf/4.1.2/../../../../nios2-elf/lib\libc.a(lib_a-isattyr.o)
 .debug_info    0x0000c3fa      0x981 c:/altera/12.0sp2/nios2eds/bin/gnu/h-i686-mingw32/bin/../lib/gcc/nios2-elf/4.1.2/../../../../nios2-elf/lib\libc.a(lib_a-lseekr.o)
 .debug_info    0x0000cd7b      0x98c c:/altera/12.0sp2/nios2eds/bin/gnu/h-i686-mingw32/bin/../lib/gcc/nios2-elf/4.1.2/../../../../nios2-elf/lib\libc.a(lib_a-readr.o)
 .debug_info    0x0000d707      0x485 ../testing_bsp/\libhal_bsp.a(alt_close.o)
 .debug_info    0x0000db8c      0x69d ../testing_bsp/\libhal_bsp.a(alt_dev.o)
 .debug_info    0x0000e229      0x182 ../testing_bsp/\libhal_bsp.a(alt_errno.o)
 .debug_info    0x0000e3ab      0x67e ../testing_bsp/\libhal_bsp.a(alt_fstat.o)
 .debug_info    0x0000ea29      0x684 ../testing_bsp/\libhal_bsp.a(alt_isatty.o)
 .debug_info    0x0000f0ad      0x4b8 ../testing_bsp/\libhal_bsp.a(alt_lseek.o)
 .debug_info    0x0000f565      0x243 ../testing_bsp/\libhal_bsp.a(alt_main.o)
 .debug_info    0x0000f7a8      0xc36 ../testing_bsp/\libhal_bsp.a(alt_malloc_lock.o)
 .debug_info    0x000103de      0x6a8 ../testing_bsp/\libhal_bsp.a(alt_read.o)
 .debug_info    0x00010a86      0x410 ../testing_bsp/\libhal_bsp.a(alt_release_fd.o)
 .debug_info    0x00010e96      0x2d5 ../testing_bsp/\libhal_bsp.a(alt_sbrk.o)
 .debug_info    0x0001116b      0x6b1 ../testing_bsp/\libhal_bsp.a(alt_write.o)
 .debug_info    0x0001181c      0xfcd ../testing_bsp/\libhal_bsp.a(alt_sys_init.o)
 .debug_info    0x000127e9      0xb67 ../testing_bsp/\libhal_bsp.a(altera_avalon_cfi_flash.o)
 .debug_info    0x00013350      0xe53 ../testing_bsp/\libhal_bsp.a(altera_avalon_cfi_flash_table.o)
 .debug_info    0x000141a3      0x7f7 ../testing_bsp/\libhal_bsp.a(altera_avalon_jtag_uart_fd.o)
 .debug_info    0x0001499a      0x61f ../testing_bsp/\libhal_bsp.a(altera_avalon_jtag_uart_init.o)
 .debug_info    0x00014fb9      0x461 ../testing_bsp/\libhal_bsp.a(altera_avalon_jtag_uart_ioctl.o)
 .debug_info    0x0001541a      0x564 ../testing_bsp/\libhal_bsp.a(altera_avalon_jtag_uart_read.o)
 .debug_info    0x0001597e      0x55c ../testing_bsp/\libhal_bsp.a(altera_avalon_jtag_uart_write.o)
 .debug_info    0x00015eda      0x90c ../testing_bsp/\libhal_bsp.a(altera_avalon_lcd_16207.o)
 .debug_info    0x000167e6      0x730 ../testing_bsp/\libhal_bsp.a(altera_avalon_lcd_16207_fd.o)
 .debug_info    0x00016f16      0x3a9 ../testing_bsp/\libhal_bsp.a(altera_avalon_timer_sc.o)
 .debug_info    0x000172bf      0x65a ../testing_bsp/\libhal_bsp.a(altera_avalon_uart_fd.o)
 .debug_info    0x00017919      0x52c ../testing_bsp/\libhal_bsp.a(altera_avalon_uart_init.o)
 .debug_info    0x00017e45      0x4e0 ../testing_bsp/\libhal_bsp.a(altera_avalon_uart_read.o)
 .debug_info    0x00018325      0x4de ../testing_bsp/\libhal_bsp.a(altera_avalon_uart_write.o)
 .debug_info    0x00018803      0x460 ../testing_bsp/\libhal_bsp.a(alt_alarm_start.o)
 .debug_info    0x00018c63      0x1c2 ../testing_bsp/\libhal_bsp.a(alt_dcache_flush.o)
 .debug_info    0x00018e25      0x2d5 ../testing_bsp/\libhal_bsp.a(alt_dev_llist_insert.o)
 .debug_info    0x000190fa      0x12d ../testing_bsp/\libhal_bsp.a(alt_do_ctors.o)
 .debug_info    0x00019227      0x12c ../testing_bsp/\libhal_bsp.a(alt_do_dtors.o)
 .debug_info    0x00019353      0x5b7 ../testing_bsp/\libhal_bsp.a(alt_flash_dev.o)
 .debug_info    0x0001990a      0x4b1 ../testing_bsp/\libhal_bsp.a(alt_iic.o)
 .debug_info    0x00019dbb      0x332 ../testing_bsp/\libhal_bsp.a(alt_iic_isr_register.o)
 .debug_info    0x0001a0ed      0x6b3 ../testing_bsp/\libhal_bsp.a(alt_io_redirect.o)
 .debug_info    0x0001a7a0       0xa2 ../testing_bsp/\libhal_bsp.a(alt_irq_entry.o)
 .debug_info    0x0001a842      0x293 ../testing_bsp/\libhal_bsp.a(alt_irq_handler.o)
 .debug_info    0x0001aad5      0x185 ../testing_bsp/\libhal_bsp.a(alt_irq_vars.o)
 .debug_info    0x0001ac5a      0x543 ../testing_bsp/\libhal_bsp.a(alt_open.o)
 .debug_info    0x0001b19d      0x41c ../testing_bsp/\libhal_bsp.a(alt_tick.o)
 .debug_info    0x0001b5b9      0x186 ../testing_bsp/\libhal_bsp.a(alt_usleep.o)
 .debug_info    0x0001b73f      0x177 ../testing_bsp/\libhal_bsp.a(altera_nios2_irq.o)
 .debug_info    0x0001b8b6      0x907 ../testing_bsp/\libhal_bsp.a(altera_avalon_cfi_flash_amd.o)
 .debug_info    0x0001c1bd      0x8fd ../testing_bsp/\libhal_bsp.a(altera_avalon_cfi_flash_intel.o)
 .debug_info    0x0001caba      0x1c9 ../testing_bsp/\libhal_bsp.a(alt_busy_sleep.o)
 .debug_info    0x0001cc83       0xa8 ../testing_bsp/\libhal_bsp.a(alt_exception_entry.o)
 .debug_info    0x0001cd2b      0x436 ../testing_bsp/\libhal_bsp.a(alt_find_dev.o)
 .debug_info    0x0001d161      0x43d ../testing_bsp/\libhal_bsp.a(alt_find_file.o)
 .debug_info    0x0001d59e      0x47e ../testing_bsp/\libhal_bsp.a(alt_get_fd.o)
 .debug_info    0x0001da1c      0x5ec ../testing_bsp/\libhal_bsp.a(alt_instruction_exception_entry.o)