Archive member included because of file (symbol)

c:/altera/12.0sp2/nios2eds/bin/gnu/h-i686-mingw32/bin/../lib/gcc/nios2-elf/4.1.2/../../../../nios2-elf/lib\libm.a(lib_a-s_round.o)
                              obj/default/utilities.o (round)
c:/altera/12.0sp2/nios2eds/bin/gnu/h-i686-mingw32/bin/../lib/gcc/nios2-elf/4.1.2\libgcc.a(_div_sf.o)
                              obj/default/utilities.o (__divsf3)
c:/altera/12.0sp2/nios2eds/bin/gnu/h-i686-mingw32/bin/../lib/gcc/nios2-elf/4.1.2\libgcc.a(_si_to_sf.o)
                              obj/default/utilities.o (__floatsisf)
c:/altera/12.0sp2/nios2eds/bin/gnu/h-i686-mingw32/bin/../lib/gcc/nios2-elf/4.1.2\libgcc.a(_sf_to_df.o)
                              obj/default/utilities.o (__extendsfdf2)
c:/altera/12.0sp2/nios2eds/bin/gnu/h-i686-mingw32/bin/../lib/gcc/nios2-elf/4.1.2\libgcc.a(_thenan_sf.o)
                              c:/altera/12.0sp2/nios2eds/bin/gnu/h-i686-mingw32/bin/../lib/gcc/nios2-elf/4.1.2\libgcc.a(_div_sf.o) (__thenan_sf)
c:/altera/12.0sp2/nios2eds/bin/gnu/h-i686-mingw32/bin/../lib/gcc/nios2-elf/4.1.2\libgcc.a(_addsub_df.o)
                              c:/altera/12.0sp2/nios2eds/bin/gnu/h-i686-mingw32/bin/../lib/gcc/nios2-elf/4.1.2/../../../../nios2-elf/lib\libm.a(lib_a-s_round.o) (__adddf3)
c:/altera/12.0sp2/nios2eds/bin/gnu/h-i686-mingw32/bin/../lib/gcc/nios2-elf/4.1.2\libgcc.a(_df_to_si.o)
                              obj/default/utilities.o (__fixdfsi)
c:/altera/12.0sp2/nios2eds/bin/gnu/h-i686-mingw32/bin/../lib/gcc/nios2-elf/4.1.2\libgcc.a(_make_df.o)
                              c:/altera/12.0sp2/nios2eds/bin/gnu/h-i686-mingw32/bin/../lib/gcc/nios2-elf/4.1.2\libgcc.a(_sf_to_df.o) (__make_dp)
c:/altera/12.0sp2/nios2eds/bin/gnu/h-i686-mingw32/bin/../lib/gcc/nios2-elf/4.1.2\libgcc.a(_thenan_df.o)
                              c:/altera/12.0sp2/nios2eds/bin/gnu/h-i686-mingw32/bin/../lib/gcc/nios2-elf/4.1.2\libgcc.a(_addsub_df.o) (__thenan_df)
c:/altera/12.0sp2/nios2eds/bin/gnu/h-i686-mingw32/bin/../lib/gcc/nios2-elf/4.1.2\libgcc.a(_clzsi2.o)
                              c:/altera/12.0sp2/nios2eds/bin/gnu/h-i686-mingw32/bin/../lib/gcc/nios2-elf/4.1.2\libgcc.a(_si_to_sf.o) (__clzsi2)
c:/altera/12.0sp2/nios2eds/bin/gnu/h-i686-mingw32/bin/../lib/gcc/nios2-elf/4.1.2\libgcc.a(_pack_sf.o)
                              c:/altera/12.0sp2/nios2eds/bin/gnu/h-i686-mingw32/bin/../lib/gcc/nios2-elf/4.1.2\libgcc.a(_div_sf.o) (__pack_f)
c:/altera/12.0sp2/nios2eds/bin/gnu/h-i686-mingw32/bin/../lib/gcc/nios2-elf/4.1.2\libgcc.a(_unpack_sf.o)
                              c:/altera/12.0sp2/nios2eds/bin/gnu/h-i686-mingw32/bin/../lib/gcc/nios2-elf/4.1.2\libgcc.a(_div_sf.o) (__unpack_f)
c:/altera/12.0sp2/nios2eds/bin/gnu/h-i686-mingw32/bin/../lib/gcc/nios2-elf/4.1.2\libgcc.a(_pack_df.o)
                              c:/altera/12.0sp2/nios2eds/bin/gnu/h-i686-mingw32/bin/../lib/gcc/nios2-elf/4.1.2\libgcc.a(_addsub_df.o) (__pack_d)
c:/altera/12.0sp2/nios2eds/bin/gnu/h-i686-mingw32/bin/../lib/gcc/nios2-elf/4.1.2\libgcc.a(_unpack_df.o)
                              c:/altera/12.0sp2/nios2eds/bin/gnu/h-i686-mingw32/bin/../lib/gcc/nios2-elf/4.1.2\libgcc.a(_addsub_df.o) (__unpack_d)
c:/altera/12.0sp2/nios2eds/bin/gnu/h-i686-mingw32/bin/../lib/gcc/nios2-elf/4.1.2\libgcc.a(_clz.o)
                              c:/altera/12.0sp2/nios2eds/bin/gnu/h-i686-mingw32/bin/../lib/gcc/nios2-elf/4.1.2\libgcc.a(_clzsi2.o) (__clz_tab)
c:/altera/12.0sp2/nios2eds/bin/gnu/h-i686-mingw32/bin/../lib/gcc/nios2-elf/4.1.2/../../../../nios2-elf/lib\libc.a(lib_a-printf.o)
                              obj/default/hello_world.o (printf)
c:/altera/12.0sp2/nios2eds/bin/gnu/h-i686-mingw32/bin/../lib/gcc/nios2-elf/4.1.2/../../../../nios2-elf/lib\libc.a(lib_a-vfprintf.o)
                              c:/altera/12.0sp2/nios2eds/bin/gnu/h-i686-mingw32/bin/../lib/gcc/nios2-elf/4.1.2/../../../../nios2-elf/lib\libc.a(lib_a-printf.o) (___vfprintf_internal_r)
c:/altera/12.0sp2/nios2eds/bin/gnu/h-i686-mingw32/bin/../lib/gcc/nios2-elf/4.1.2/../../../../nios2-elf/lib\libc.a(lib_a-wsetup.o)
                              c:/altera/12.0sp2/nios2eds/bin/gnu/h-i686-mingw32/bin/../lib/gcc/nios2-elf/4.1.2/../../../../nios2-elf/lib\libc.a(lib_a-vfprintf.o) (__swsetup_r)
c:/altera/12.0sp2/nios2eds/bin/gnu/h-i686-mingw32/bin/../lib/gcc/nios2-elf/4.1.2/../../../../nios2-elf/lib\libc.a(lib_a-dtoa.o)
                              c:/altera/12.0sp2/nios2eds/bin/gnu/h-i686-mingw32/bin/../lib/gcc/nios2-elf/4.1.2/../../../../nios2-elf/lib\libc.a(lib_a-vfprintf.o) (_dtoa_r)
c:/altera/12.0sp2/nios2eds/bin/gnu/h-i686-mingw32/bin/../lib/gcc/nios2-elf/4.1.2/../../../../nios2-elf/lib\libc.a(lib_a-fflush.o)
                              c:/altera/12.0sp2/nios2eds/bin/gnu/h-i686-mingw32/bin/../lib/gcc/nios2-elf/4.1.2/../../../../nios2-elf/lib\libc.a(lib_a-vfprintf.o) (_fflush_r)
c:/altera/12.0sp2/nios2eds/bin/gnu/h-i686-mingw32/bin/../lib/gcc/nios2-elf/4.1.2/../../../../nios2-elf/lib\libc.a(lib_a-findfp.o)
[...]
Memory Configuration

Name             Origin             Length             Attributes
sdram            0x01800000         0x00800000
reset            0x02400000         0x00000020
cfi_flash        0x02400020         0x003fffe0
onchip_mem_BEFORE_EXCEPTION 0x02808000         0x00000020
onchip_mem       0x02808020         0x000077e0
*default*        0x00000000         0xffffffff

Linker script and memory map

LOAD ../HelloWorldnew_bsp//obj/HAL/src/crt0.o
LOAD obj/default/hello_world.o
LOAD obj/default/pwm.o
LOAD obj/default/utilities.o
LOAD c:/altera/12.0sp2/nios2eds/bin/gnu/h-i686-mingw32/bin/../lib/gcc/nios2-elf/4.1.2/../../../../nios2-elf/lib\libstdc++.a
LOAD c:/altera/12.0sp2/nios2eds/bin/gnu/h-i686-mingw32/bin/../lib/gcc/nios2-elf/4.1.2/../../../../nios2-elf/lib\libm.a
LOAD c:/altera/12.0sp2/nios2eds/bin/gnu/h-i686-mingw32/bin/../lib/gcc/nios2-elf/4.1.2\libgcc.a
START GROUP
LOAD c:/altera/12.0sp2/nios2eds/bin/gnu/h-i686-mingw32/bin/../lib/gcc/nios2-elf/4.1.2/../../../../nios2-elf/lib\libc.a
LOAD c:/altera/12.0sp2/nios2eds/bin/gnu/h-i686-mingw32/bin/../lib/gcc/nios2-elf/4.1.2\libgcc.a
LOAD ../HelloWorldnew_bsp/\libhal_bsp.a
END GROUP
LOAD c:/altera/12.0sp2/nios2eds/bin/gnu/h-i686-mingw32/bin/../lib/gcc/nios2-elf/4.1.2\libgcc.a
                0x01800000                __alt_mem_sdram = 0x1800000
                0x02400000                __alt_mem_cfi_flash = 0x2400000
                0x02808000                __alt_mem_onchip_mem = 0x2808000

.entry          0x02400000        0x0
 *(.entry)
 .entry         0x02400000        0x0 ../HelloWorldnew_bsp//obj/HAL/src/crt0.o
                0x02400000                __reset

.exceptions     0x02808020      0x20c
                0x02808020                PROVIDE (__ram_exceptions_start, ABSOLUTE (.))
                0x02808020                . = ALIGN (0x20)
 *(.irq)
 *(.exceptions.entry.label)
 .exceptions.entry.label
                0x02808020        0x0 ../HelloWorldnew_bsp/\libhal_bsp.a(alt_irq_entry.o)
                0x02808020                alt_irq_entry
 .exceptions.entry.label
                0x02808020        0x0 ../HelloWorldnew_bsp/\libhal_bsp.a(alt_exception_entry.o)
                0x02808020                alt_exception
 *(.exceptions.entry.user)
 *(.exceptions.entry)
 .exceptions.entry
                0x02808020       0x54 ../HelloWorldnew_bsp/\libhal_bsp.a(alt_exception_entry.o)
 *(.exceptions.irqtest.user)
 *(.exceptions.irqtest)
 .exceptions.irqtest
                0x02808074       0x10 ../HelloWorldnew_bsp/\libhal_bsp.a(alt_irq_entry.o)
 *(.exceptions.irqhandler.user)
 *(.exceptions.irqhandler)
 .exceptions.irqhandler
                0x02808084        0x4 ../HelloWorldnew_bsp/\libhal_bsp.a(alt_irq_entry.o)
 *(.exceptions.irqreturn.user)
 *(.exceptions.irqreturn)
 .exceptions.irqreturn
                0x02808088        0x4 ../HelloWorldnew_bsp/\libhal_bsp.a(alt_irq_entry.o)
 *(.exceptions.notirq.label)
 .exceptions.notirq.label
                0x0280808c        0x0 ../HelloWorldnew_bsp/\libhal_bsp.a(alt_irq_entry.o)
 *(.exceptions.notirq.user)
 *(.exceptions.notirq)
 .exceptions.notirq
                0x0280808c        0x8 ../HelloWorldnew_bsp/\libhal_bsp.a(alt_exception_entry.o)
 *(.exceptions.soft.user)
 *(.exceptions.soft)
 *(.exceptions.unknown.user)
 *(.exceptions.unknown)
 .exceptions.unknown
                0x02808094       0x14 ../HelloWorldnew_bsp/\libhal_bsp.a(alt_exception_entry.o)
 *(.exceptions.exit.label)
 .exceptions.exit.label
                0x028080a8        0x0 ../HelloWorldnew_bsp/\libhal_bsp.a(alt_irq_entry.o)
 .exceptions.exit.label
                0x028080a8        0x0 ../HelloWorldnew_bsp/\libhal_bsp.a(alt_exception_entry.o)
 *(.exceptions.exit.user)
 *(.exceptions.exit)
 .exceptions.exit
                0x028080a8       0x54 ../HelloWorldnew_bsp/\libhal_bsp.a(alt_exception_entry.o)
 *(.exceptions)
 .exceptions    0x028080fc       0xc8 ../HelloWorldnew_bsp/\libhal_bsp.a(alt_irq_handler.o)
                0x028080fc                alt_irq_handler
 .exceptions    0x028081c4       0x68 ../HelloWorldnew_bsp/\libhal_bsp.a(alt_instruction_exception_entry.o)
                0x028081c4                alt_instruction_exception_entry
                0x0280822c                PROVIDE (__ram_exceptions_end, ABSOLUTE (.))
                0x02808020                PROVIDE (__flash_exceptions_start, LOADADDR (.exceptions))

.text           0x01800000    0x10f08
                0x01800000                PROVIDE (stext, ABSOLUTE (.))
 *(.interp)
 *(.hash)
 *(.dynsym)
 *(.dynstr)
 *(.gnu.version)
 *(.gnu.version_d)
 *(.gnu.version_r)
 *(.rel.init)
 *(.rela.init)
 *(.rel.text .rel.text.* .rel.gnu.linkonce.t.*)
 *(.rela.text .rela.text.* .rela.gnu.linkonce.t.*)
 *(.rel.fini)
 *(.rela.fini)
 *(.rel.rodata .rel.rodata.* .rel.gnu.linkonce.r.*)
 *(.rela.rodata .rela.rodata.* .rela.gnu.linkonce.r.*)
 *(.rel.data .rel.data.* .rel.gnu.linkonce.d.*)
 *(.rela.data .rela.data.* .rela.gnu.linkonce.d.*)
 *(.rel.tdata .rel.tdata.* .rel.gnu.linkonce.td.*)
 *(.rela.tdata .rela.tdata.* .rela.gnu.linkonce.td.*)
 *(.rel.tbss .rel.tbss.* .rel.gnu.linkonce.tb.*)
 *(.rela.tbss .rela.tbss.* .rela.gnu.linkonce.tb.*)
 *(.rel.ctors)
 *(.rela.ctors)
 *(.rel.dtors)
 *(.rela.dtors)
 *(.rel.got)
 *(.rela.got)
 *(.rel.sdata .rel.sdata.* .rel.gnu.linkonce.s.*)
 *(.rela.sdata .rela.sdata.* .rela.gnu.linkonce.s.*)
 *(.rel.sbss .rel.sbss.* .rel.gnu.linkonce.sb.*)
 *(.rela.sbss .rela.sbss.* .rela.gnu.linkonce.sb.*)
 *(.rel.sdata2 .rel.sdata2.* .rel.gnu.linkonce.s2.*)
 *(.rela.sdata2 .rela.sdata2.* .rela.gnu.linkonce.s2.*)
 *(.rel.sbss2 .rel.sbss2.* .rel.gnu.linkonce.sb2.*)
 *(.rela.sbss2 .rela.sbss2.* .rela.gnu.linkonce.sb2.*)
 *(.rel.bss .rel.bss.* .rel.gnu.linkonce.b.*)
 *(.rela.bss .rela.bss.* .rela.gnu.linkonce.b.*)
 *(.rel.plt)
 *(.rela.plt)
 *(.rel.dyn)
 *(.init)
 *(.plt)
 *(.text .stub .text.* .gnu.linkonce.t.*)
 .text          0x01800000       0x48 ../HelloWorldnew_bsp//obj/HAL/src/crt0.o
                0x01800000                _start
 .text          0x01800048      0x14c obj/default/hello_world.o
                0x01800048                main
 .text          0x01800194      0x430 obj/default/pwm.o
                0x01800194                Initilise_PWM
                0x0180037c                Set_PWM_Duty_Cycle
                0x01800474                Set_Servo_Position
 .text          0x018005c4      0x154 obj/default/utilities.o
                0x018005c4                map
                0x01800624                smoothstep
 .text          0x01800718      0x10c c:/altera/12.0sp2/nios2eds/bin/gnu/h-i686-mingw32/bin/../lib/gcc/nios2-elf/4.1.2/../../../../nios2-elf/lib\libm.a(lib_a-s_round.o)
                0x01800718                round
 .text          0x01800824      0x174 c:/altera/12.0sp2/nios2eds/bin/gnu/h-i686-mingw32/bin/../lib/gcc/nios2-elf/4.1.2\libgcc.a(_div_sf.o)
                0x01800824                __divsf3
 .text          0x01800998       0x98 c:/altera/12.0sp2/nios2eds/bin/gnu/h-i686-mingw32/bin/../lib/gcc/nios2-elf/4.1.2\libgcc.a(_si_to_sf.o)
                0x01800998                __floatsisf
 .text          0x01800a30       0x54 c:/altera/12.0sp2/nios2eds/bin/gnu/h-i686-mingw32/bin/../lib/gcc/nios2-elf/4.1.2\libgcc.a(_sf_to_df.o)
                0x01800a30                __extendsfdf2
 .text          0x01800a84        0x0 c:/altera/12.0sp2/nios2eds/bin/gnu/h-i686-mingw32/bin/../lib/gcc/nios2-elf/4.1.2\libgcc.a(_thenan_sf.o)
 .text          0x01800a84      0x504 c:/altera/12.0sp2/nios2eds/bin/gnu/h-i686-mingw32/bin/../lib/gcc/nios2-elf/4.1.2\libgcc.a(_addsub_df.o)
                0x01800e94                __subdf3
                0x01800f14                __adddf3
 .text          0x01800f88       0xd8 c:/altera/12.0sp2/nios2eds/bin/gnu/h-i686-mingw32/bin/../lib/gcc/nios2-elf/4.1.2\libgcc.a(_df_to_si.o)
                0x01800f88                __fixdfsi
 .text          0x01801060       0x38 c:/altera/12.0sp2/nios2eds/bin/gnu/h-i686-mingw32/bin/../lib/gcc/nios2-elf/4.1.2\libgcc.a(_make_df.o)
                0x01801060                __make_dp
 .text          0x01801098        0x0 c:/altera/12.0sp2/nios2eds/bin/gnu/h-i686-mingw32/bin/../lib/gcc/nios2-elf/4.1.2\libgcc.a(_thenan_df.o)
 .text          0x01801098       0x80 c:/altera/12.0sp2/nios2eds/bin/gnu/h-i686-mingw32/bin/../lib/gcc/nios2-elf/4.1.2\libgcc.a(_clzsi2.o)
                0x01801098                __clzsi2
 .text          0x01801118      0x160 c:/altera/12.0sp2/nios2eds/bin/gnu/h-i686-mingw32/bin/../lib/gcc/nios2-elf/4.1.2\libgcc.a(_pack_sf.o)
                0x01801118                __pack_f
 .text          0x01801278       0xc8 c:/altera/12.0sp2/nios2eds/bin/gnu/h-i686-mingw32/bin/../lib/gcc/nios2-elf/4.1.2\libgcc.a(_unpack_sf.o)
                0x01801278                __unpack_f
 .text          0x01801340      0x314 c:/altera/12.0sp2/nios2eds/bin/gnu/h-i686-mingw32/bin/../lib/gcc/nios2-elf/4.1.2\libgcc.a(_pack_df.o)
                0x01801340                __pack_d
 .text          0x01801654      0x138 c:/altera/12.0sp2/nios2eds/bin/gnu/h-i686-mingw32/bin/../lib/gcc/nios2-elf/4.1.2\libgcc.a(_unpack_df.o)
                0x01801654                __unpack_d
 .text          0x0180178c        0x0 c:/altera/12.0sp2/nios2eds/bin/gnu/h-i686-mingw32/bin/../lib/gcc/nios2-elf/4.1.2\libgcc.a(_clz.o)
 .text          0x0180178c       0x78 c:/altera/12.0sp2/nios2eds/bin/gnu/h-i686-mingw32/bin/../lib/gcc/nios2-elf/4.1.2/../../../../nios2-elf/lib\libc.a(lib_a-printf.o)
                0x0180178c                printf
                0x018017d0                _printf_r
 .text          0x01801804     0x1f28 c:/altera/12.0sp2/nios2eds/bin/gnu/h-i686-mingw32/bin/../lib/gcc/nios2-elf/4.1.2/../../../../nios2-elf/lib\libc.a(lib_a-vfprintf.o)
                0x0180185c                ___vfprintf_internal_r
                0x01803708                __vfprintf_internal
 .text          0x0180372c      0x13c c:/altera/12.0sp2/nios2eds/bin/gnu/h-i686-mingw32/bin/../lib/gcc/nios2-elf/4.1.2/../../../../nios2-elf/lib\libc.a(lib_a-wsetup.o)
                0x0180372c                __swsetup_r
 .text          0x01803868     0x17cc c:/altera/12.0sp2/nios2eds/bin/gnu/h-i686-mingw32/bin/../lib/gcc/nios2-elf/4.1.2/../../../../nios2-elf/lib\libc.a(lib_a-dtoa.o)
                0x01803a80                _dtoa_r
 .text          0x01805034      0x230 c:/altera/12.0sp2/nios2eds/bin/gnu/h-i686-mingw32/bin/../lib/gcc/nios2-elf/4.1.2/../../../../nios2-elf/lib\libc.a(lib_a-fflush.o)
                0x01805034                _fflush_r
                0x01805230                fflush
 .text          0x01805264      0x2c0 c:/altera/12.0sp2/nios2eds/bin/gnu/h-i686-mingw32/bin/../lib/gcc/nios2-elf/4.1.2/../../../../nios2-elf/lib\libc.a(lib_a-findfp.o)
                0x018052bc                __sfp_lock_acquire
                0x018052c0                __sfp_lock_release
                0x018052c4                __sinit_lock_acquire
                0x018052c8                __sinit_lock_release
                0x018052cc                __sinit
                0x01805380                __fp_unlock_all
                0x01805398                __fp_lock_all
                0x018053b0                _cleanup_r
                0x018053bc                _cleanup
                0x018053cc                __sfmoreglue
                0x01805434                __sfp
 .text          0x01805524      0x440 c:/altera/12.0sp2/nios2eds/bin/gnu/h-i686-mingw32/bin/../lib/gcc/nios2-elf/4.1.2/../../../../nios2-elf/lib\libc.a(lib_a-freer.o)
                0x01805524                _malloc_trim_r
                0x01805650                _free_r
 .text          0x01805964      0x49c c:/altera/12.0sp2/nios2eds/bin/gnu/h-i686-mingw32/bin/../lib/gcc/nios2-elf/4.1.2/../../../../nios2-elf/lib\libc.a(lib_a-fvwrite.o)
                0x01805964                __sfvwrite_r
 .text          0x01805e00      0x180 c:/altera/12.0sp2/nios2eds/bin/gnu/h-i686-mingw32/bin/../lib/gcc/nios2-elf/4.1.2/../../../../nios2-elf/lib\libc.a(lib_a-fwalk.o)
                0x01805e00                _fwalk_reent
                0x01805ec8                _fwalk
 .text          0x01805f80        0x0 c:/altera/12.0sp2/nios2eds/bin/gnu/h-i686-mingw32/bin/../lib/gcc/nios2-elf/4.1.2/../../../../nios2-elf/lib\libc.a(lib_a-impure.o)
 .text          0x01805f80       0xc4 c:/altera/12.0sp2/nios2eds/bin/gnu/h-i686-mingw32/bin/../lib/gcc/nios2-elf/4.1.2/../../../../nios2-elf/lib\libc.a(lib_a-locale.o)
                0x01805f80                __locale_charset
                0x01805f88                _localeconv_r
                0x01805f94                localeconv
                0x01805fa4                _setlocale_r
                0x01806028                setlocale
 .text          0x01806044      0x194 c:/altera/12.0sp2/nios2eds/bin/gnu/h-i686-mingw32/bin/../lib/gcc/nios2-elf/4.1.2/../../../../nios2-elf/lib\libc.a(lib_a-makebuf.o)
                0x01806044                __smakebuf_r
 .text          0x018061d8      0x740 c:/altera/12.0sp2/nios2eds/bin/gnu/h-i686-mingw32/bin/../lib/gcc/nios2-elf/4.1.2/../../../../nios2-elf/lib\libc.a(lib_a-mallocr.o)
                0x018061d8                _malloc_r
 .text          0x01806918       0xe4 c:/altera/12.0sp2/nios2eds/bin/gnu/h-i686-mingw32/bin/../lib/gcc/nios2-elf/4.1.2/../../../../nios2-elf/lib\libc.a(lib_a-memchr.o)
                0x01806918                memchr
 .text          0x018069fc       0xa0 c:/altera/12.0sp2/nios2eds/bin/gnu/h-i686-mingw32/bin/../lib/gcc/nios2-elf/4.1.2/../../../../nios2-elf/lib\libc.a(lib_a-memcpy.o)
                0x018069fc                memcpy
 .text          0x01806a9c       0xe0 c:/altera/12.0sp2/nios2eds/bin/gnu/h-i686-mingw32/bin/../lib/gcc/nios2-elf/4.1.2/../../../../nios2-elf/lib\libc.a(lib_a-memmove.o)
                0x01806a9c                memmove
 .text          0x01806b7c       0x98 c:/altera/12.0sp2/nios2eds/bin/gnu/h-i686-mingw32/bin/../lib/gcc/nios2-elf/4.1.2/../../../../nios2-elf/lib\libc.a(lib_a-memset.o)
                0x01806b7c                memset
 .text          0x01806c14      0xff4 c:/altera/12.0sp2/nios2eds/bin/gnu/h-i686-mingw32/bin/../lib/gcc/nios2-elf/4.1.2/../../../../nios2-elf/lib\libc.a(lib_a-mprec.o)
                0x01806c14                _Bfree
                0x01806c3c                __hi0bits
                0x01806cac                __lo0bits
                0x01806d70                __mcmp
                0x01806dd0                __ulp
                0x01806e50                __b2d
                0x01806f70                __ratio
                0x01807020                _mprec_log10
                0x018070b4                __copybits
                0x0180710c                __any_on
                0x01807194                _Balloc
                0x01807250                __d2b
                0x018073cc                __mdiff
                0x01807558                __lshift
                0x018076a4                __multiply
                0x0180788c                __i2b
                0x018078c8                __multadd
                0x018079c8                __pow5mult
                0x01807ae8                __s2b
 .text          0x01807c08      0x5f4 c:/altera/12.0sp2/nios2eds/bin/gnu/h-i686-mingw32/bin/../lib/gcc/nios2-elf/4.1.2/../../../../nios2-elf/lib\libc.a(lib_a-reallocr.o)
                0x01807c08                _realloc_r
 .text          0x018081fc       0x40 c:/altera/12.0sp2/nios2eds/bin/gnu/h-i686-mingw32/bin/../lib/gcc/nios2-elf/4.1.2/../../../../nios2-elf/lib\libc.a(lib_a-s_isinfd.o)
                0x018081fc                __isinfd
 .text          0x0180823c       0x30 c:/altera/12.0sp2/nios2eds/bin/gnu/h-i686-mingw32/bin/../lib/gcc/nios2-elf/4.1.2/../../../../nios2-elf/lib\libc.a(lib_a-s_isnand.o)
                0x0180823c                __isnand
 .text          0x0180826c       0x70 c:/altera/12.0sp2/nios2eds/bin/gnu/h-i686-mingw32/bin/../lib/gcc/nios2-elf/4.1.2/../../../../nios2-elf/lib\libc.a(lib_a-sbrkr.o)
                0x0180826c                _sbrk_r
 .text          0x018082dc      0x14c c:/altera/12.0sp2/nios2eds/bin/gnu/h-i686-mingw32/bin/../lib/gcc/nios2-elf/4.1.2/../../../../nios2-elf/lib\libc.a(lib_a-stdio.o)
                0x018082dc                __sclose
                0x018082e4                __sseek
                0x0180834c                __swrite
                0x018083c8                __sread
 .text          0x01808428       0xbc c:/altera/12.0sp2/nios2eds/bin/gnu/h-i686-mingw32/bin/../lib/gcc/nios2-elf/4.1.2/../../../../nios2-elf/lib\libc.a(lib_a-strcmp.o)
                0x01808428                strcmp
 .text          0x018084e4       0x74 c:/altera/12.0sp2/nios2eds/bin/gnu/h-i686-mingw32/bin/../lib/gcc/nios2-elf/4.1.2/../../../../nios2-elf/lib\libc.a(lib_a-strlen.o)
                0x018084e4                strlen
 .text          0x01808558       0x78 c:/altera/12.0sp2/nios2eds/bin/gnu/h-i686-mingw32/bin/../lib/gcc/nios2-elf/4.1.2/../../../../nios2-elf/lib\libc.a(lib_a-writer.o)
                0x01808558                _write_r
 .text          0x018085d0       0xb4 c:/altera/12.0sp2/nios2eds/bin/gnu/h-i686-mingw32/bin/../lib/gcc/nios2-elf/4.1.2/../../../../nios2-elf/lib\libc.a(lib_a-callocr.o)
                0x018085d0                _calloc_r
 .text          0x01808684       0x70 c:/altera/12.0sp2/nios2eds/bin/gnu/h-i686-mingw32/bin/../lib/gcc/nios2-elf/4.1.2/../../../../nios2-elf/lib\libc.a(lib_a-closer.o)
                0x01808684                _close_r
 .text          0x018086f4      0x124 c:/altera/12.0sp2/nios2eds/bin/gnu/h-i686-mingw32/bin/../lib/gcc/nios2-elf/4.1.2/../../../../nios2-elf/lib\libc.a(lib_a-fclose.o)
                0x018086f4                _fclose_r
                0x01808804                fclose
 .text          0x01808818       0x74 c:/altera/12.0sp2/nios2eds/bin/gnu/h-i686-mingw32/bin/../lib/gcc/nios2-elf/4.1.2/../../../../nios2-elf/lib\libc.a(lib_a-fstatr.o)
                0x01808818                _fstat_r
 .text          0x0180888c        0x0 c:/altera/12.0sp2/nios2eds/bin/gnu/h-i686-mingw32/bin/../lib/gcc/nios2-elf/4.1.2/../../../../nios2-elf/lib\libc.a(lib_a-int_errno.o)
 .text          0x0180888c       0x70 c:/altera/12.0sp2/nios2eds/bin/gnu/h-i686-mingw32/bin/../lib/gcc/nios2-elf/4.1.2/../../../../nios2-elf/lib\libc.a(lib_a-isattyr.o)
                0x0180888c                _isatty_r
 .text          0x018088fc       0x78 c:/altera/12.0sp2/nios2eds/bin/gnu/h-i686-mingw32/bin/../lib/gcc/nios2-elf/4.1.2/../../../../nios2-elf/lib\libc.a(lib_a-lseekr.o)
                0x018088fc                _lseek_r
 .text          0x01808974       0x78 c:/altera/12.0sp2/nios2eds/bin/gnu/h-i686-mingw32/bin/../lib/gcc/nios2-elf/4.1.2/../../../../nios2-elf/lib\libc.a(lib_a-readr.o)
                0x01808974                _read_r
 .text          0x018089ec      0x5dc c:/altera/12.0sp2/nios2eds/bin/gnu/h-i686-mingw32/bin/../lib/gcc/nios2-elf/4.1.2\libgcc.a(_udivdi3.o)
                0x018089ec                __udivdi3
 .text          0x01808fc8      0x5b0 c:/altera/12.0sp2/nios2eds/bin/gnu/h-i686-mingw32/bin/../lib/gcc/nios2-elf/4.1.2\libgcc.a(_umoddi3.o)
                0x01808fc8                __umoddi3
 .text          0x01809578      0x3c4 c:/altera/12.0sp2/nios2eds/bin/gnu/h-i686-mingw32/bin/../lib/gcc/nios2-elf/4.1.2\libgcc.a(_mul_df.o)
                0x01809578                __muldf3
 .text          0x0180993c      0x258 c:/altera/12.0sp2/nios2eds/bin/gnu/h-i686-mingw32/bin/../lib/gcc/nios2-elf/4.1.2\libgcc.a(_div_df.o)
                0x0180993c                __divdf3
 .text          0x01809b94       0x88 c:/altera/12.0sp2/nios2eds/bin/gnu/h-i686-mingw32/bin/../lib/gcc/nios2-elf/4.1.2\libgcc.a(_eq_df.o)
                0x01809b94                __eqdf2
 .text          0x01809c1c       0x88 c:/altera/12.0sp2/nios2eds/bin/gnu/h-i686-mingw32/bin/../lib/gcc/nios2-elf/4.1.2\libgcc.a(_ne_df.o)
                0x01809c1c                __nedf2
 .text          0x01809ca4       0x88 c:/altera/12.0sp2/nios2eds/bin/gnu/h-i686-mingw32/bin/../lib/gcc/nios2-elf/4.1.2\libgcc.a(_gt_df.o)
                0x01809ca4                __gtdf2
 .text          0x01809d2c       0x88 c:/altera/12.0sp2/nios2eds/bin/gnu/h-i686-mingw32/bin/../lib/gcc/nios2-elf/4.1.2\libgcc.a(_ge_df.o)
                0x01809d2c                __gedf2
 .text          0x01809db4       0x88 c:/altera/12.0sp2/nios2eds/bin/gnu/h-i686-mingw32/bin/../lib/gcc/nios2-elf/4.1.2\libgcc.a(_lt_df.o)
                0x01809db4                __ltdf2
 .text          0x01809e3c       0xf8 c:/altera/12.0sp2/nios2eds/bin/gnu/h-i686-mingw32/bin/../lib/gcc/nios2-elf/4.1.2\libgcc.a(_si_to_df.o)
                0x01809e3c                __floatsidf
 .text          0x01809f34      0x194 c:/altera/12.0sp2/nios2eds/bin/gnu/h-i686-mingw32/bin/../lib/gcc/nios2-elf/4.1.2\libgcc.a(_usi_to_df.o)
                0x01809f34                __floatunsidf
 .text          0x0180a0c8      0x14c c:/altera/12.0sp2/nios2eds/bin/gnu/h-i686-mingw32/bin/../lib/gcc/nios2-elf/4.1.2\libgcc.a(lib2-divmod.o)
                0x0180a144                __divsi3
                0x0180a1a4                __modsi3
                0x0180a204                __udivsi3
                0x0180a20c                __umodsi3
 .text          0x0180a214       0x98 c:/altera/12.0sp2/nios2eds/bin/gnu/h-i686-mingw32/bin/../lib/gcc/nios2-elf/4.1.2\libgcc.a(_muldi3.o)
                0x0180a214                __muldi3
 .text          0x0180a2ac       0xc8 c:/altera/12.0sp2/nios2eds/bin/gnu/h-i686-mingw32/bin/../lib/gcc/nios2-elf/4.1.2\libgcc.a(_fpcmp_parts_df.o)
                0x0180a2ac                __fpcmp_parts_d
 .text          0x0180a374      0x15c ../HelloWorldnew_bsp/\libhal_bsp.a(alt_close.o)
                0x0180a374                close
 .text          0x0180a4d0       0x2c ../HelloWorldnew_bsp/\libhal_bsp.a(alt_dev.o)
 .text          0x0180a4fc        0x0 ../HelloWorldnew_bsp/\libhal_bsp.a(alt_errno.o)
 .text          0x0180a4fc      0x134 ../HelloWorldnew_bsp/\libhal_bsp.a(alt_fstat.o)
                0x0180a4fc                fstat
 .text          0x0180a630      0x120 ../HelloWorldnew_bsp/\libhal_bsp.a(alt_isatty.o)
                0x0180a630                isatty
 .text          0x0180a750      0x150 ../HelloWorldnew_bsp/\libhal_bsp.a(alt_lseek.o)
                0x0180a750                lseek
 .text          0x0180a8a0       0x6c ../HelloWorldnew_bsp/\libhal_bsp.a(alt_main.o)
                0x0180a8a0                alt_main
 .text          0x0180a90c       0x40 ../HelloWorldnew_bsp/\libhal_bsp.a(alt_malloc_lock.o)
                0x0180a90c                __malloc_lock
                0x0180a92c                __malloc_unlock
 .text          0x0180a94c      0x180 ../HelloWorldnew_bsp/\libhal_bsp.a(alt_read.o)
                0x0180a94c                read
 .text          0x0180aacc       0x60 ../HelloWorldnew_bsp/\libhal_bsp.a(alt_release_fd.o)
                0x0180aacc                alt_release_fd
 .text          0x0180ab2c       0xbc ../HelloWorldnew_bsp/\libhal_bsp.a(alt_sbrk.o)
                0x0180ab2c                sbrk
 .text          0x0180abe8       0x30 ../HelloWorldnew_bsp/\libhal_bsp.a(alt_usleep.o)
                0x0180abe8                usleep
 .text          0x0180ac18      0x180 ../HelloWorldnew_bsp/\libhal_bsp.a(alt_write.o)
                0x0180ac18                write
 .text          0x0180ad98      0x108 ../HelloWorldnew_bsp/\libhal_bsp.a(alt_sys_init.o)
                0x0180ad98                alt_irq_init
                0x0180adcc                alt_sys_init
 .text          0x0180aea0      0x8d8 ../HelloWorldnew_bsp/\libhal_bsp.a(altera_avalon_cfi_flash.o)
                0x0180aea0                alt_flash_cfi_init
                0x0180af74                alt_flash_cfi_write
                0x0180b234                alt_flash_cfi_get_info
                0x0180b2c4                alt_flash_cfi_read
                0x0180b32c                alt_write_value_to_flash
                0x0180b490                alt_flash_program_block
 .text          0x0180b778     0x1448 ../HelloWorldnew_bsp/\libhal_bsp.a(altera_avalon_cfi_flash_table.o)
                0x0180b778                alt_read_query_entry_8bit
                0x0180b7b8                alt_read_query_entry_16bit
                0x0180b7fc                alt_read_query_entry_32bit
                0x0180b844                alt_write_flash_command_8bit_device_8bit_mode
                0x0180b880                alt_write_flash_command_16bit_device_8bit_mode
                0x0180b8fc                alt_write_flash_command_32bit_device_8bit_mode
                0x0180b944                alt_write_flash_command_16bit_device_16bit_mode
                0x0180b988                alt_write_flash_command_32bit_device_16bit_mode
                0x0180b9d0                alt_write_flash_command_32bit_device_32bit_mode
                0x0180ba18                alt_write_native_8bit
                0x0180ba4c                alt_write_native_16bit
                0x0180ba80                alt_write_native_32bit
                0x0180bab0                alt_set_flash_width_func
                0x0180bc90                alt_set_flash_algorithm_func
                0x0180bdb8                alt_read_cfi_table
                0x0180c338                alt_read_cfi_width
                0x0180cae4                alt_check_primary_table
 .text          0x0180cbc0      0x148 ../HelloWorldnew_bsp/\libhal_bsp.a(altera_avalon_jtag_uart_fd.o)
                0x0180cbc0                altera_avalon_jtag_uart_read_fd
                0x0180cc18                altera_avalon_jtag_uart_write_fd
                0x0180cc70                altera_avalon_jtag_uart_close_fd
                0x0180ccb8                altera_avalon_jtag_uart_ioctl_fd
 .text          0x0180cd08      0x40c ../HelloWorldnew_bsp/\libhal_bsp.a(altera_avalon_jtag_uart_init.o)
                0x0180cd08                altera_avalon_jtag_uart_init
                0x0180d0a0                altera_avalon_jtag_uart_close
 .text          0x0180d114       0xf4 ../HelloWorldnew_bsp/\libhal_bsp.a(altera_avalon_jtag_uart_ioctl.o)
                0x0180d114                altera_avalon_jtag_uart_ioctl
 .text          0x0180d208      0x224 ../HelloWorldnew_bsp/\libhal_bsp.a(altera_avalon_jtag_uart_read.o)
                0x0180d208                altera_avalon_jtag_uart_read
 .text          0x0180d42c      0x240 ../HelloWorldnew_bsp/\libhal_bsp.a(altera_avalon_jtag_uart_write.o)
                0x0180d42c                altera_avalon_jtag_uart_write
 .text          0x0180d66c      0xee0 ../HelloWorldnew_bsp/\libhal_bsp.a(altera_avalon_lcd_16207.o)
                0x0180de40                altera_avalon_lcd_16207_write
                0x0180e410                altera_avalon_lcd_16207_init
 .text          0x0180e54c       0x58 ../HelloWorldnew_bsp/\libhal_bsp.a(altera_avalon_lcd_16207_fd.o)
                0x0180e54c                altera_avalon_lcd_16207_write_fd
 .text          0x0180e5a4      0x100 ../HelloWorldnew_bsp/\libhal_bsp.a(altera_avalon_timer_sc.o)
                0x0180e614                alt_avalon_timer_sc_init
 .text          0x0180e6a4       0xf8 ../HelloWorldnew_bsp/\libhal_bsp.a(altera_avalon_uart_fd.o)
                0x0180e6a4                altera_avalon_uart_read_fd
                0x0180e6fc                altera_avalon_uart_write_fd
                0x0180e754                altera_avalon_uart_close_fd
 .text          0x0180e79c      0x400 ../HelloWorldnew_bsp/\libhal_bsp.a(altera_avalon_uart_init.o)
                0x0180e79c                altera_avalon_uart_init
                0x0180eb3c                altera_avalon_uart_close
 .text          0x0180eb9c      0x290 ../HelloWorldnew_bsp/\libhal_bsp.a(altera_avalon_uart_read.o)
                0x0180eb9c                altera_avalon_uart_read
 .text          0x0180ee2c      0x228 ../HelloWorldnew_bsp/\libhal_bsp.a(altera_avalon_uart_write.o)
                0x0180ee2c                altera_avalon_uart_write
 .text          0x0180f054      0x154 ../HelloWorldnew_bsp/\libhal_bsp.a(alt_alarm_start.o)
                0x0180f054                alt_alarm_start
 .text          0x0180f1a8      0x12c ../HelloWorldnew_bsp/\libhal_bsp.a(alt_busy_sleep.o)
                0x0180f1a8                alt_busy_sleep
 .text          0x0180f2d4       0x78 ../HelloWorldnew_bsp/\libhal_bsp.a(alt_dcache_flush.o)
                0x0180f2d4                alt_dcache_flush
 .text          0x0180f34c      0x114 ../HelloWorldnew_bsp/\libhal_bsp.a(alt_dev_llist_insert.o)
                0x0180f34c                alt_dev_llist_insert
 .text          0x0180f460       0x64 ../HelloWorldnew_bsp/\libhal_bsp.a(alt_do_ctors.o)
                0x0180f460                _do_ctors
 .text          0x0180f4c4       0x64 ../HelloWorldnew_bsp/\libhal_bsp.a(alt_do_dtors.o)
                0x0180f4c4                _do_dtors
 .text          0x0180f528       0xd0 ../HelloWorldnew_bsp/\libhal_bsp.a(alt_flash_dev.o)
                0x0180f528                alt_flash_open_dev
                0x0180f5a4                alt_flash_close_dev
 .text          0x0180f5f8      0x1d4 ../HelloWorldnew_bsp/\libhal_bsp.a(alt_iic.o)
                0x0180f5f8                alt_ic_isr_register
                0x0180f648                alt_ic_irq_enable
                0x0180f6e4                alt_ic_irq_disable
                0x0180f784                alt_ic_irq_enabled
 .text          0x0180f7cc       0xf8 ../HelloWorldnew_bsp/\libhal_bsp.a(alt_iic_isr_register.o)
                0x0180f7cc                alt_iic_isr_register
 .text          0x0180f8c4      0x13c ../HelloWorldnew_bsp/\libhal_bsp.a(alt_io_redirect.o)
                0x0180f988                alt_io_redirect
 .text          0x0180fa00        0x0 ../HelloWorldnew_bsp/\libhal_bsp.a(alt_irq_entry.o)
 .text          0x0180fa00        0x0 ../HelloWorldnew_bsp/\libhal_bsp.a(alt_irq_handler.o)
 .text          0x0180fa00        0x0 ../HelloWorldnew_bsp/\libhal_bsp.a(alt_irq_vars.o)
 .text          0x0180fa00      0x2c4 ../HelloWorldnew_bsp/\libhal_bsp.a(alt_open.o)
                0x0180fadc                open
 .text          0x0180fcc4      0x1a4 ../HelloWorldnew_bsp/\libhal_bsp.a(alt_tick.o)
                0x0180fcc4                alt_alarm_stop
                0x0180fd5c                alt_tick
 .text          0x0180fe68       0x20 ../HelloWorldnew_bsp/\libhal_bsp.a(altera_nios2_irq.o)
                0x0180fe68                altera_nios2_irq_init
 .text          0x0180fe88      0x460 ../HelloWorldnew_bsp/\libhal_bsp.a(altera_avalon_cfi_flash_amd.o)
                0x0180fe88                alt_program_amd
                0x0180fef0                alt_erase_block_amd
 .text          0x018102e8      0x460 ../HelloWorldnew_bsp/\libhal_bsp.a(altera_avalon_cfi_flash_intel.o)
                0x018102e8                alt_program_intel
                0x0181036c                alt_erase_block_intel
 .text          0x01810748        0x0 ../HelloWorldnew_bsp/\libhal_bsp.a(alt_exception_entry.o)
 .text          0x01810748       0x94 ../HelloWorldnew_bsp/\libhal_bsp.a(alt_find_dev.o)
                0x01810748                alt_find_dev
 .text          0x018107dc      0x120 ../HelloWorldnew_bsp/\libhal_bsp.a(alt_find_file.o)
                0x018107dc                alt_find_file
 .text          0x018108fc       0xb8 ../HelloWorldnew_bsp/\libhal_bsp.a(alt_get_fd.o)
                0x018108fc                alt_get_fd
 .text          0x018109b4       0xdc ../HelloWorldnew_bsp/\libhal_bsp.a(alt_instruction_exception_entry.o)
                0x018109b4                alt_exception_cause_generated_bad_addr
 .text          0x01810a90       0x14 c:/altera/12.0sp2/nios2eds/bin/gnu/h-i686-mingw32/bin/../lib/gcc/nios2-elf/4.1.2/../../../../nios2-elf/lib\libc.a(lib_a-atexit.o)
                0x01810a90                atexit
 .text          0x01810aa4        0x0 c:/altera/12.0sp2/nios2eds/bin/gnu/h-i686-mingw32/bin/../lib/gcc/nios2-elf/4.1.2/../../../../nios2-elf/lib\libc.a(lib_a-ctype_.o)
 .text          0x01810aa4       0x38 c:/altera/12.0sp2/nios2eds/bin/gnu/h-i686-mingw32/bin/../lib/gcc/nios2-elf/4.1.2/../../../../nios2-elf/lib\libc.a(lib_a-exit.o)
                0x01810aa4                exit
 .text          0x01810adc       0x74 c:/altera/12.0sp2/nios2eds/bin/gnu/h-i686-mingw32/bin/../lib/gcc/nios2-elf/4.1.2/../../../../nios2-elf/lib\libc.a(lib_a-memcmp.o)
                0x01810adc                memcmp
 .text          0x01810b50      0x134 c:/altera/12.0sp2/nios2eds/bin/gnu/h-i686-mingw32/bin/../lib/gcc/nios2-elf/4.1.2/../../../../nios2-elf/lib\libc.a(lib_a-__atexit.o)
                0x01810b50                __register_exitproc
 .text          0x01810c84      0x1b4 c:/altera/12.0sp2/nios2eds/bin/gnu/h-i686-mingw32/bin/../lib/gcc/nios2-elf/4.1.2/../../../../nios2-elf/lib\libc.a(lib_a-__call_atexit.o)
                0x01810c88                __call_exitprocs
 .text          0x01810e38       0x60 ../HelloWorldnew_bsp/\libhal_bsp.a(alt_exit.o)
                0x01810e78                _exit
 *(.gnu.warning.*)
 *(.fini)
                0x01810e98                PROVIDE (__etext, ABSOLUTE (.))
                0x01810e98                PROVIDE (_etext, ABSOLUTE (.))
                0x01810e98                PROVIDE (etext, ABSOLUTE (.))
 *(.eh_frame_hdr)
                0x01810e98                . = ALIGN (0x4)
                0x01810e98                PROVIDE (__preinit_array_start, ABSOLUTE (.))
 *(.preinit_array)
                0x01810e98                PROVIDE (__preinit_array_end, ABSOLUTE (.))
                0x01810e98                PROVIDE (__init_array_start, ABSOLUTE (.))
 *(.init_array)
                0x01810e98                PROVIDE (__init_array_end, ABSOLUTE (.))
                0x01810e98                PROVIDE (__fini_array_start, ABSOLUTE (.))
 *(.fini_array)
                0x01810e98                PROVIDE (__fini_array_end, ABSOLUTE (.))
 *(.eh_frame)
 .eh_frame      0x01810e98       0x40 c:/altera/12.0sp2/nios2eds/bin/gnu/h-i686-mingw32/bin/../lib/gcc/nios2-elf/4.1.2\libgcc.a(_udivdi3.o)
 .eh_frame      0x01810ed8       0x2c c:/altera/12.0sp2/nios2eds/bin/gnu/h-i686-mingw32/bin/../lib/gcc/nios2-elf/4.1.2\libgcc.a(_umoddi3.o)
                                 0x40 (size before relaxing)
 *(.gcc_except_table)
 *(.dynamic)
                0x01810f04                PROVIDE (__CTOR_LIST__, ABSOLUTE (.))
 *(.ctors)
 *(SORT(.ctors.*))
 .ctors.65535   0x01810f04        0x4 c:/altera/12.0sp2/nios2eds/bin/gnu/h-i686-mingw32/bin/../lib/gcc/nios2-elf/4.1.2/../../../../nios2-elf/lib\libc.a(lib_a-__call_atexit.o)
                0x01810f08                PROVIDE (__CTOR_END__, ABSOLUTE (.))
                0x01810f08                PROVIDE (__DTOR_LIST__, ABSOLUTE (.))
 *(.dtors)
 *(SORT(.dtors.*))
                0x01810f08                PROVIDE (__DTOR_END__, ABSOLUTE (.))
 *(.jcr)
                0x01810f08                . = ALIGN (0x4)

.rodata         0x01810f08      0x5fc
                0x01810f08                PROVIDE (__ram_rodata_start, ABSOLUTE (.))
                0x01810f08                . = ALIGN (0x4)
 *(.rodata .rodata.* .gnu.linkonce.r.*)
 .rodata        0x01810f08        0x8 obj/default/hello_world.o
 .rodata        0x01810f10       0x10 c:/altera/12.0sp2/nios2eds/bin/gnu/h-i686-mingw32/bin/../lib/gcc/nios2-elf/4.1.2\libgcc.a(_thenan_sf.o)
                0x01810f10                __thenan_sf
 .rodata        0x01810f20       0x14 c:/altera/12.0sp2/nios2eds/bin/gnu/h-i686-mingw32/bin/../lib/gcc/nios2-elf/4.1.2\libgcc.a(_thenan_df.o)
                0x01810f20                __thenan_df
 .rodata        0x01810f34      0x100 c:/altera/12.0sp2/nios2eds/bin/gnu/h-i686-mingw32/bin/../lib/gcc/nios2-elf/4.1.2\libgcc.a(_clz.o)
                0x01810f34                __clz_tab
 .rodata.str1.4
                0x01811034       0x5e c:/altera/12.0sp2/nios2eds/bin/gnu/h-i686-mingw32/bin/../lib/gcc/nios2-elf/4.1.2/../../../../nios2-elf/lib\libc.a(lib_a-vfprintf.o)
                                 0x60 (size before relaxing)
 .rodata        0x01811092       0x20 c:/altera/12.0sp2/nios2eds/bin/gnu/h-i686-mingw32/bin/../lib/gcc/nios2-elf/4.1.2/../../../../nios2-elf/lib\libc.a(lib_a-vfprintf.o)
 *fill*         0x018110b2        0x2 00
 .rodata.str1.4
                0x018110b4       0x10 c:/altera/12.0sp2/nios2eds/bin/gnu/h-i686-mingw32/bin/../lib/gcc/nios2-elf/4.1.2/../../../../nios2-elf/lib\libc.a(lib_a-dtoa.o)
                                 0x14 (size before relaxing)
 .rodata.str1.4
                0x018110c4        0x2 c:/altera/12.0sp2/nios2eds/bin/gnu/h-i686-mingw32/bin/../lib/gcc/nios2-elf/4.1.2/../../../../nios2-elf/lib\libc.a(lib_a-impure.o)
                                  0x4 (size before relaxing)
 *fill*         0x018110c6        0x2 00
 .rodata.str1.4
                0x018110c8       0x10 c:/altera/12.0sp2/nios2eds/bin/gnu/h-i686-mingw32/bin/../lib/gcc/nios2-elf/4.1.2/../../../../nios2-elf/lib\libc.a(lib_a-locale.o)
                                 0x18 (size before relaxing)
 .rodata        0x018110d8       0x30 c:/altera/12.0sp2/nios2eds/bin/gnu/h-i686-mingw32/bin/../lib/gcc/nios2-elf/4.1.2/../../../../nios2-elf/lib\libc.a(lib_a-locale.o)
 .rodata        0x01811108      0x124 c:/altera/12.0sp2/nios2eds/bin/gnu/h-i686-mingw32/bin/../lib/gcc/nios2-elf/4.1.2/../../../../nios2-elf/lib\libc.a(lib_a-mprec.o)
                0x01811108                __mprec_tens
                0x018111d0                __mprec_bigtens
                0x018111f8                __mprec_tinytens
 .rodata        0x0181122c        0xc ../HelloWorldnew_bsp/\libhal_bsp.a(alt_dev.o)
 .rodata        0x01811238       0x10 ../HelloWorldnew_bsp/\libhal_bsp.a(alt_main.o)
 .rodata        0x01811248       0x38 ../HelloWorldnew_bsp/\libhal_bsp.a(alt_sys_init.o)
 .rodata        0x01811280      0x281 c:/altera/12.0sp2/nios2eds/bin/gnu/h-i686-mingw32/bin/../lib/gcc/nios2-elf/4.1.2/../../../../nios2-elf/lib\libc.a(lib_a-ctype_.o)
                0x01811280                _ctype_
 *(.rodata1)
                0x01811504                . = ALIGN (0x4)
 *fill*         0x01811501        0x3 00
                0x01811504                PROVIDE (__ram_rodata_end, ABSOLUTE (.))
                0x01810f08                PROVIDE (__flash_rodata_start, LOADADDR (.rodata))

.rwdata         0x01811504     0x1d28
                0x01811504                PROVIDE (__ram_rwdata_start, ABSOLUTE (.))
                0x01811504                . = ALIGN (0x4)
 *(.got.plt)
 *(.got)
 *(.data1)
 *(.data .data.* .gnu.linkonce.d.*)
 .data          0x01811504        0x0 ../HelloWorldnew_bsp//obj/HAL/src/crt0.o
 .data          0x01811504        0x0 obj/default/hello_world.o
 .data          0x01811504        0x0 obj/default/pwm.o
 .data          0x01811504        0x0 obj/default/utilities.o
 .data          0x01811504        0x0 c:/altera/12.0sp2/nios2eds/bin/gnu/h-i686-mingw32/bin/../lib/gcc/nios2-elf/4.1.2/../../../../nios2-elf/lib\libm.a(lib_a-s_round.o)
 .data          0x01811504        0x0 c:/altera/12.0sp2/nios2eds/bin/gnu/h-i686-mingw32/bin/../lib/gcc/nios2-elf/4.1.2\libgcc.a(_div_sf.o)
 .data          0x01811504        0x0 c:/altera/12.0sp2/nios2eds/bin/gnu/h-i686-mingw32/bin/../lib/gcc/nios2-elf/4.1.2\libgcc.a(_si_to_sf.o)
 .data          0x01811504        0x0 c:/altera/12.0sp2/nios2eds/bin/gnu/h-i686-mingw32/bin/../lib/gcc/nios2-elf/4.1.2\libgcc.a(_sf_to_df.o)
 .data          0x01811504        0x0 c:/altera/12.0sp2/nios2eds/bin/gnu/h-i686-mingw32/bin/../lib/gcc/nios2-elf/4.1.2\libgcc.a(_thenan_sf.o)
 .data          0x01811504        0x0 c:/altera/12.0sp2/nios2eds/bin/gnu/h-i686-mingw32/bin/../lib/gcc/nios2-elf/4.1.2\libgcc.a(_addsub_df.o)
 .data          0x01811504        0x0 c:/altera/12.0sp2/nios2eds/bin/gnu/h-i686-mingw32/bin/../lib/gcc/nios2-elf/4.1.2\libgcc.a(_df_to_si.o)
 .data          0x01811504        0x0 c:/altera/12.0sp2/nios2eds/bin/gnu/h-i686-mingw32/bin/../lib/gcc/nios2-elf/4.1.2\libgcc.a(_make_df.o)
 .data          0x01811504        0x0 c:/altera/12.0sp2/nios2eds/bin/gnu/h-i686-mingw32/bin/../lib/gcc/nios2-elf/4.1.2\libgcc.a(_thenan_df.o)
 .data          0x01811504        0x0 c:/altera/12.0sp2/nios2eds/bin/gnu/h-i686-mingw32/bin/../lib/gcc/nios2-elf/4.1.2\libgcc.a(_clzsi2.o)
 .data          0x01811504        0x0 c:/altera/12.0sp2/nios2eds/bin/gnu/h-i686-mingw32/bin/../lib/gcc/nios2-elf/4.1.2\libgcc.a(_pack_sf.o)
 .data          0x01811504        0x0 c:/altera/12.0sp2/nios2eds/bin/gnu/h-i686-mingw32/bin/../lib/gcc/nios2-elf/4.1.2\libgcc.a(_unpack_sf.o)
 .data          0x01811504        0x0 c:/altera/12.0sp2/nios2eds/bin/gnu/h-i686-mingw32/bin/../lib/gcc/nios2-elf/4.1.2\libgcc.a(_pack_df.o)
 .data          0x01811504        0x0 c:/altera/12.0sp2/nios2eds/bin/gnu/h-i686-mingw32/bin/../lib/gcc/nios2-elf/4.1.2\libgcc.a(_unpack_df.o)
 .data          0x01811504        0x0 c:/altera/12.0sp2/nios2eds/bin/gnu/h-i686-mingw32/bin/../lib/gcc/nios2-elf/4.1.2\libgcc.a(_clz.o)
 .data          0x01811504        0x0 c:/altera/12.0sp2/nios2eds/bin/gnu/h-i686-mingw32/bin/../lib/gcc/nios2-elf/4.1.2/../../../../nios2-elf/lib\libc.a(lib_a-printf.o)
 .data          0x01811504        0x0 c:/altera/12.0sp2/nios2eds/bin/gnu/h-i686-mingw32/bin/../lib/gcc/nios2-elf/4.1.2/../../../../nios2-elf/lib\libc.a(lib_a-vfprintf.o)
 .data          0x01811504        0x0 c:/altera/12.0sp2/nios2eds/bin/gnu/h-i686-mingw32/bin/../lib/gcc/nios2-elf/4.1.2/../../../../nios2-elf/lib\libc.a(lib_a-wsetup.o)
 .data          0x01811504        0x0 c:/altera/12.0sp2/nios2eds/bin/gnu/h-i686-mingw32/bin/../lib/gcc/nios2-elf/4.1.2/../../../../nios2-elf/lib\libc.a(lib_a-dtoa.o)
 .data          0x01811504        0x0 c:/altera/12.0sp2/nios2eds/bin/gnu/h-i686-mingw32/bin/../lib/gcc/nios2-elf/4.1.2/../../../../nios2-elf/lib\libc.a(lib_a-fflush.o)
 .data          0x01811504        0x0 c:/altera/12.0sp2/nios2eds/bin/gnu/h-i686-mingw32/bin/../lib/gcc/nios2-elf/4.1.2/../../../../nios2-elf/lib\libc.a(lib_a-findfp.o)
 .data          0x01811504        0x0 c:/altera/12.0sp2/nios2eds/bin/gnu/h-i686-mingw32/bin/../lib/gcc/nios2-elf/4.1.2/../../../../nios2-elf/lib\libc.a(lib_a-freer.o)
 .data          0x01811504        0x0 c:/altera/12.0sp2/nios2eds/bin/gnu/h-i686-mingw32/bin/../lib/gcc/nios2-elf/4.1.2/../../../../nios2-elf/lib\libc.a(lib_a-fvwrite.o)
 .data          0x01811504        0x0 c:/altera/12.0sp2/nios2eds/bin/gnu/h-i686-mingw32/bin/../lib/gcc/nios2-elf/4.1.2/../../../../nios2-elf/lib\libc.a(lib_a-fwalk.o)
 .data          0x01811504      0x400 c:/altera/12.0sp2/nios2eds/bin/gnu/h-i686-mingw32/bin/../lib/gcc/nios2-elf/4.1.2/../../../../nios2-elf/lib\libc.a(lib_a-impure.o)
 .data          0x01811904        0xc c:/altera/12.0sp2/nios2eds/bin/gnu/h-i686-mingw32/bin/../lib/gcc/nios2-elf/4.1.2/../../../../nios2-elf/lib\libc.a(lib_a-locale.o)
                0x01811904                __lc_ctype
 .data          0x01811910        0x0 c:/altera/12.0sp2/nios2eds/bin/gnu/h-i686-mingw32/bin/../lib/gcc/nios2-elf/4.1.2/../../../../nios2-elf/lib\libc.a(lib_a-makebuf.o)
 .data          0x01811910      0x408 c:/altera/12.0sp2/nios2eds/bin/gnu/h-i686-mingw32/bin/../lib/gcc/nios2-elf/4.1.2/../../../../nios2-elf/lib\libc.a(lib_a-mallocr.o)
                0x01811910                __malloc_av_
 .data          0x01811d18        0x0 c:/altera/12.0sp2/nios2eds/bin/gnu/h-i686-mingw32/bin/../lib/gcc/nios2-elf/4.1.2/../../../../nios2-elf/lib\libc.a(lib_a-memchr.o)
 .data          0x01811d18        0x0 c:/altera/12.0sp2/nios2eds/bin/gnu/h-i686-mingw32/bin/../lib/gcc/nios2-elf/4.1.2/../../../../nios2-elf/lib\libc.a(lib_a-memcpy.o)
 .data          0x01811d18        0x0 c:/altera/12.0sp2/nios2eds/bin/gnu/h-i686-mingw32/bin/../lib/gcc/nios2-elf/4.1.2/../../../../nios2-elf/lib\libc.a(lib_a-memmove.o)
 .data          0x01811d18        0x0 c:/altera/12.0sp2/nios2eds/bin/gnu/h-i686-mingw32/bin/../lib/gcc/nios2-elf/4.1.2/../../../../nios2-elf/lib\libc.a(lib_a-memset.o)
 .data          0x01811d18        0x0 c:/altera/12.0sp2/nios2eds/bin/gnu/h-i686-mingw32/bin/../lib/gcc/nios2-elf/4.1.2/../../../../nios2-elf/lib\libc.a(lib_a-mprec.o)
 .data          0x01811d18        0x0 c:/altera/12.0sp2/nios2eds/bin/gnu/h-i686-mingw32/bin/../lib/gcc/nios2-elf/4.1.2/../../../../nios2-elf/lib\libc.a(lib_a-reallocr.o)
 .data          0x01811d18        0x0 c:/altera/12.0sp2/nios2eds/bin/gnu/h-i686-mingw32/bin/../lib/gcc/nios2-elf/4.1.2/../../../../nios2-elf/lib\libc.a(lib_a-s_isinfd.o)
 .data          0x01811d18        0x0 c:/altera/12.0sp2/nios2eds/bin/gnu/h-i686-mingw32/bin/../lib/gcc/nios2-elf/4.1.2/../../../../nios2-elf/lib\libc.a(lib_a-s_isnand.o)
 .data          0x01811d18        0x0 c:/altera/12.0sp2/nios2eds/bin/gnu/h-i686-mingw32/bin/../lib/gcc/nios2-elf/4.1.2/../../../../nios2-elf/lib\libc.a(lib_a-sbrkr.o)
 .data          0x01811d18        0x0 c:/altera/12.0sp2/nios2eds/bin/gnu/h-i686-mingw32/bin/../lib/gcc/nios2-elf/4.1.2/../../../../nios2-elf/lib\libc.a(lib_a-stdio.o)
 .data          0x01811d18        0x0 c:/altera/12.0sp2/nios2eds/bin/gnu/h-i686-mingw32/bin/../lib/gcc/nios2-elf/4.1.2/../../../../nios2-elf/lib\libc.a(lib_a-strcmp.o)
 .data          0x01811d18        0x0 c:/altera/12.0sp2/nios2eds/bin/gnu/h-i686-mingw32/bin/../lib/gcc/nios2-elf/4.1.2/../../../../nios2-elf/lib\libc.a(lib_a-strlen.o)
 .data          0x01811d18        0x0 c:/altera/12.0sp2/nios2eds/bin/gnu/h-i686-mingw32/bin/../lib/gcc/nios2-elf/4.1.2/../../../../nios2-elf/lib\libc.a(lib_a-writer.o)
 .data          0x01811d18        0x0 c:/altera/12.0sp2/nios2eds/bin/gnu/h-i686-mingw32/bin/../lib/gcc/nios2-elf/4.1.2/../../../../nios2-elf/lib\libc.a(lib_a-callocr.o)
 .data          0x01811d18        0x0 c:/altera/12.0sp2/nios2eds/bin/gnu/h-i686-mingw32/bin/../lib/gcc/nios2-elf/4.1.2/../../../../nios2-elf/lib\libc.a(lib_a-closer.o)
 .data          0x01811d18        0x0 c:/altera/12.0sp2/nios2eds/bin/gnu/h-i686-mingw32/bin/../lib/gcc/nios2-elf/4.1.2/../../../../nios2-elf/lib\libc.a(lib_a-fclose.o)
 .data          0x01811d18        0x0 c:/altera/12.0sp2/nios2eds/bin/gnu/h-i686-mingw32/bin/../lib/gcc/nios2-elf/4.1.2/../../../../nios2-elf/lib\libc.a(lib_a-fstatr.o)
 .data          0x01811d18        0x0 c:/altera/12.0sp2/nios2eds/bin/gnu/h-i686-mingw32/bin/../lib/gcc/nios2-elf/4.1.2/../../../../nios2-elf/lib\libc.a(lib_a-int_errno.o)
 .data          0x01811d18        0x0 c:/altera/12.0sp2/nios2eds/bin/gnu/h-i686-mingw32/bin/../lib/gcc/nios2-elf/4.1.2/../../../../nios2-elf/lib\libc.a(lib_a-isattyr.o)
 .data          0x01811d18        0x0 c:/altera/12.0sp2/nios2eds/bin/gnu/h-i686-mingw32/bin/../lib/gcc/nios2-elf/4.1.2/../../../../nios2-elf/lib\libc.a(lib_a-lseekr.o)
 .data          0x01811d18        0x0 c:/altera/12.0sp2/nios2eds/bin/gnu/h-i686-mingw32/bin/../lib/gcc/nios2-elf/4.1.2/../../../../nios2-elf/lib\libc.a(lib_a-readr.o)
 .data          0x01811d18        0x0 c:/altera/12.0sp2/nios2eds/bin/gnu/h-i686-mingw32/bin/../lib/gcc/nios2-elf/4.1.2\libgcc.a(_udivdi3.o)
 .data          0x01811d18        0x0 c:/altera/12.0sp2/nios2eds/bin/gnu/h-i686-mingw32/bin/../lib/gcc/nios2-elf/4.1.2\libgcc.a(_umoddi3.o)
 .data          0x01811d18        0x0 c:/altera/12.0sp2/nios2eds/bin/gnu/h-i686-mingw32/bin/../lib/gcc/nios2-elf/4.1.2\libgcc.a(_mul_df.o)
 .data          0x01811d18        0x0 c:/altera/12.0sp2/nios2eds/bin/gnu/h-i686-mingw32/bin/../lib/gcc/nios2-elf/4.1.2\libgcc.a(_div_df.o)
 .data          0x01811d18        0x0 c:/altera/12.0sp2/nios2eds/bin/gnu/h-i686-mingw32/bin/../lib/gcc/nios2-elf/4.1.2\libgcc.a(_eq_df.o)
 .data          0x01811d18        0x0 c:/altera/12.0sp2/nios2eds/bin/gnu/h-i686-mingw32/bin/../lib/gcc/nios2-elf/4.1.2\libgcc.a(_ne_df.o)
 .data          0x01811d18        0x0 c:/altera/12.0sp2/nios2eds/bin/gnu/h-i686-mingw32/bin/../lib/gcc/nios2-elf/4.1.2\libgcc.a(_gt_df.o)
 .data          0x01811d18        0x0 c:/altera/12.0sp2/nios2eds/bin/gnu/h-i686-mingw32/bin/../lib/gcc/nios2-elf/4.1.2\libgcc.a(_ge_df.o)
 .data          0x01811d18        0x0 c:/altera/12.0sp2/nios2eds/bin/gnu/h-i686-mingw32/bin/../lib/gcc/nios2-elf/4.1.2\libgcc.a(_lt_df.o)
 .data          0x01811d18        0x0 c:/altera/12.0sp2/nios2eds/bin/gnu/h-i686-mingw32/bin/../lib/gcc/nios2-elf/4.1.2\libgcc.a(_si_to_df.o)
 .data          0x01811d18        0x0 c:/altera/12.0sp2/nios2eds/bin/gnu/h-i686-mingw32/bin/../lib/gcc/nios2-elf/4.1.2\libgcc.a(_usi_to_df.o)
 .data          0x01811d18        0x0 c:/altera/12.0sp2/nios2eds/bin/gnu/h-i686-mingw32/bin/../lib/gcc/nios2-elf/4.1.2\libgcc.a(lib2-divmod.o)
 .data          0x01811d18        0x0 c:/altera/12.0sp2/nios2eds/bin/gnu/h-i686-mingw32/bin/../lib/gcc/nios2-elf/4.1.2\libgcc.a(_muldi3.o)
 .data          0x01811d18        0x0 c:/altera/12.0sp2/nios2eds/bin/gnu/h-i686-mingw32/bin/../lib/gcc/nios2-elf/4.1.2\libgcc.a(_fpcmp_parts_df.o)
 .data          0x01811d18        0x0 ../HelloWorldnew_bsp/\libhal_bsp.a(alt_close.o)
 .data          0x01811d18      0x1a8 ../HelloWorldnew_bsp/\libhal_bsp.a(alt_dev.o)
                0x01811d18                alt_dev_null
                0x01811d40                alt_fd_list
 .data          0x01811ec0        0x0 ../HelloWorldnew_bsp/\libhal_bsp.a(alt_errno.o)
 .data          0x01811ec0        0x0 ../HelloWorldnew_bsp/\libhal_bsp.a(alt_fstat.o)
 .data          0x01811ec0        0x0 ../HelloWorldnew_bsp/\libhal_bsp.a(alt_isatty.o)
 .data          0x01811ec0        0x0 ../HelloWorldnew_bsp/\libhal_bsp.a(alt_lseek.o)
 .data          0x01811ec0        0x0 ../HelloWorldnew_bsp/\libhal_bsp.a(alt_main.o)
 .data          0x01811ec0        0x0 ../HelloWorldnew_bsp/\libhal_bsp.a(alt_malloc_lock.o)
 .data          0x01811ec0        0x0 ../HelloWorldnew_bsp/\libhal_bsp.a(alt_read.o)
 .data          0x01811ec0        0x0 ../HelloWorldnew_bsp/\libhal_bsp.a(alt_release_fd.o)
 .data          0x01811ec0        0x0 ../HelloWorldnew_bsp/\libhal_bsp.a(alt_sbrk.o)
 .data          0x01811ec0        0x0 ../HelloWorldnew_bsp/\libhal_bsp.a(alt_usleep.o)
 .data          0x01811ec0        0x0 ../HelloWorldnew_bsp/\libhal_bsp.a(alt_write.o)
 .data          0x01811ec0     0x131c ../HelloWorldnew_bsp/\libhal_bsp.a(alt_sys_init.o)
 .data          0x018131dc        0x0 ../HelloWorldnew_bsp/\libhal_bsp.a(altera_avalon_cfi_flash.o)
 .data          0x018131dc        0x0 ../HelloWorldnew_bsp/\libhal_bsp.a(altera_avalon_cfi_flash_table.o)
 .data          0x018131dc        0x0 ../HelloWorldnew_bsp/\libhal_bsp.a(altera_avalon_jtag_uart_fd.o)
 .data          0x018131dc        0x0 ../HelloWorldnew_bsp/\libhal_bsp.a(altera_avalon_jtag_uart_init.o)
 .data          0x018131dc        0x0 ../HelloWorldnew_bsp/\libhal_bsp.a(altera_avalon_jtag_uart_ioctl.o)
 .data          0x018131dc        0x0 ../HelloWorldnew_bsp/\libhal_bsp.a(altera_avalon_jtag_uart_read.o)
 .data          0x018131dc        0x0 ../HelloWorldnew_bsp/\libhal_bsp.a(altera_avalon_jtag_uart_write.o)
 .data          0x018131dc        0x0 ../HelloWorldnew_bsp/\libhal_bsp.a(altera_avalon_lcd_16207.o)
 .data          0x018131dc        0x0 ../HelloWorldnew_bsp/\libhal_bsp.a(altera_avalon_lcd_16207_fd.o)
 .data          0x018131dc        0x0 ../HelloWorldnew_bsp/\libhal_bsp.a(altera_avalon_timer_sc.o)
 .data          0x018131dc        0x0 ../HelloWorldnew_bsp/\libhal_bsp.a(altera_avalon_uart_fd.o)
 .data          0x018131dc        0x0 ../HelloWorldnew_bsp/\libhal_bsp.a(altera_avalon_uart_init.o)
 .data          0x018131dc        0x0 ../HelloWorldnew_bsp/\libhal_bsp.a(altera_avalon_uart_read.o)
 .data          0x018131dc        0x0 ../HelloWorldnew_bsp/\libhal_bsp.a(altera_avalon_uart_write.o)
 .data          0x018131dc        0x0 ../HelloWorldnew_bsp/\libhal_bsp.a(alt_alarm_start.o)
 .data          0x018131dc        0x0 ../HelloWorldnew_bsp/\libhal_bsp.a(alt_busy_sleep.o)
 .data          0x018131dc        0x0 ../HelloWorldnew_bsp/\libhal_bsp.a(alt_dcache_flush.o)
 .data          0x018131dc        0x0 ../HelloWorldnew_bsp/\libhal_bsp.a(alt_dev_llist_insert.o)
 .data          0x018131dc        0x0 ../HelloWorldnew_bsp/\libhal_bsp.a(alt_do_ctors.o)
 .data          0x018131dc        0x0 ../HelloWorldnew_bsp/\libhal_bsp.a(alt_do_dtors.o)
 .data          0x018131dc        0x0 ../HelloWorldnew_bsp/\libhal_bsp.a(alt_flash_dev.o)
 .data          0x018131dc        0x0 ../HelloWorldnew_bsp/\libhal_bsp.a(alt_iic.o)
 .data          0x018131dc        0x0 ../HelloWorldnew_bsp/\libhal_bsp.a(alt_iic_isr_register.o)
 .data          0x018131dc        0x0 ../HelloWorldnew_bsp/\libhal_bsp.a(alt_io_redirect.o)
 .data          0x018131dc        0x0 ../HelloWorldnew_bsp/\libhal_bsp.a(alt_irq_entry.o)
 .data          0x018131dc        0x0 ../HelloWorldnew_bsp/\libhal_bsp.a(alt_irq_handler.o)
 .data          0x018131dc        0x0 ../HelloWorldnew_bsp/\libhal_bsp.a(alt_irq_vars.o)
 .data          0x018131dc        0x0 ../HelloWorldnew_bsp/\libhal_bsp.a(alt_open.o)
 .data          0x018131dc        0x0 ../HelloWorldnew_bsp/\libhal_bsp.a(alt_tick.o)
 .data          0x018131dc        0x0 ../HelloWorldnew_bsp/\libhal_bsp.a(altera_nios2_irq.o)
 .data          0x018131dc        0x0 ../HelloWorldnew_bsp/\libhal_bsp.a(altera_avalon_cfi_flash_amd.o)
 .data          0x018131dc        0x0 ../HelloWorldnew_bsp/\libhal_bsp.a(altera_avalon_cfi_flash_intel.o)
 .data          0x018131dc        0x0 ../HelloWorldnew_bsp/\libhal_bsp.a(alt_exception_entry.o)
 .data          0x018131dc        0x0 ../HelloWorldnew_bsp/\libhal_bsp.a(alt_find_dev.o)
 .data          0x018131dc        0x0 ../HelloWorldnew_bsp/\libhal_bsp.a(alt_find_file.o)
 .data          0x018131dc        0x0 ../HelloWorldnew_bsp/\libhal_bsp.a(alt_get_fd.o)
 .data          0x018131dc        0x0 ../HelloWorldnew_bsp/\libhal_bsp.a(alt_instruction_exception_entry.o)
 .data          0x018131dc        0x0 c:/altera/12.0sp2/nios2eds/bin/gnu/h-i686-mingw32/bin/../lib/gcc/nios2-elf/4.1.2/../../../../nios2-elf/lib\libc.a(lib_a-atexit.o)
 .data          0x018131dc        0x0 c:/altera/12.0sp2/nios2eds/bin/gnu/h-i686-mingw32/bin/../lib/gcc/nios2-elf/4.1.2/../../../../nios2-elf/lib\libc.a(lib_a-ctype_.o)
 .data          0x018131dc        0x0 c:/altera/12.0sp2/nios2eds/bin/gnu/h-i686-mingw32/bin/../lib/gcc/nios2-elf/4.1.2/../../../../nios2-elf/lib\libc.a(lib_a-exit.o)
 .data          0x018131dc        0x0 c:/altera/12.0sp2/nios2eds/bin/gnu/h-i686-mingw32/bin/../lib/gcc/nios2-elf/4.1.2/../../../../nios2-elf/lib\libc.a(lib_a-memcmp.o)
 .data          0x018131dc        0x0 c:/altera/12.0sp2/nios2eds/bin/gnu/h-i686-mingw32/bin/../lib/gcc/nios2-elf/4.1.2/../../../../nios2-elf/lib\libc.a(lib_a-__atexit.o)
 .data          0x018131dc        0x0 c:/altera/12.0sp2/nios2eds/bin/gnu/h-i686-mingw32/bin/../lib/gcc/nios2-elf/4.1.2/../../../../nios2-elf/lib\libc.a(lib_a-__call_atexit.o)
 .data          0x018131dc        0x0 ../HelloWorldnew_bsp/\libhal_bsp.a(alt_exit.o)
                0x0181b1dc                _gp = ABSOLUTE ((. + 0x8000))
                0x0181b1dc                PROVIDE (gp, _gp)
 *(.rwdata .rwdata.*)
 *(.sdata .sdata.* .gnu.linkonce.s.*)
 .sdata         0x018131dc        0x8 c:/altera/12.0sp2/nios2eds/bin/gnu/h-i686-mingw32/bin/../lib/gcc/nios2-elf/4.1.2/../../../../nios2-elf/lib\libc.a(lib_a-impure.o)
                0x018131dc                _impure_ptr
                0x018131e0                _global_impure_ptr
 .sdata         0x018131e4        0x8 c:/altera/12.0sp2/nios2eds/bin/gnu/h-i686-mingw32/bin/../lib/gcc/nios2-elf/4.1.2/../../../../nios2-elf/lib\libc.a(lib_a-locale.o)
                0x018131e4                __mb_cur_max
 .sdata         0x018131ec        0x8 c:/altera/12.0sp2/nios2eds/bin/gnu/h-i686-mingw32/bin/../lib/gcc/nios2-elf/4.1.2/../../../../nios2-elf/lib\libc.a(lib_a-mallocr.o)
                0x018131ec                __malloc_trim_threshold
                0x018131f0                __malloc_sbrk_base
 .sdata         0x018131f4       0x14 ../HelloWorldnew_bsp/\libhal_bsp.a(alt_dev.o)
                0x018131f4                alt_fs_list
                0x018131fc                alt_dev_list
                0x01813204                alt_max_fd
 .sdata         0x01813208        0x4 ../HelloWorldnew_bsp/\libhal_bsp.a(alt_errno.o)
                0x01813208                alt_errno
 .sdata         0x0181320c        0x4 ../HelloWorldnew_bsp/\libhal_bsp.a(alt_sbrk.o)
 .sdata         0x01813210        0x4 ../HelloWorldnew_bsp/\libhal_bsp.a(altera_avalon_lcd_16207.o)
 .sdata         0x01813214        0x8 ../HelloWorldnew_bsp/\libhal_bsp.a(alt_flash_dev.o)
                0x01813214                alt_flash_dev_list
 .sdata         0x0181321c        0x4 ../HelloWorldnew_bsp/\libhal_bsp.a(alt_irq_vars.o)
                0x0181321c                alt_priority_mask
 .sdata         0x01813220        0x8 ../HelloWorldnew_bsp/\libhal_bsp.a(alt_tick.o)
                0x01813220                alt_alarm_list
 .sdata         0x01813228        0x4 c:/altera/12.0sp2/nios2eds/bin/gnu/h-i686-mingw32/bin/../lib/gcc/nios2-elf/4.1.2/../../../../nios2-elf/lib\libc.a(lib_a-ctype_.o)
                0x01813228                __ctype_ptr
 *(.sdata2 .sdata2.* .gnu.linkonce.s2.*)
                0x0181322c                . = ALIGN (0x4)
                0x0181322c                _edata = ABSOLUTE (.)
                0x0181322c                PROVIDE (edata, ABSOLUTE (.))
                0x0181322c                PROVIDE (__ram_rwdata_end, ABSOLUTE (.))
                0x01811504                PROVIDE (__flash_rwdata_start, LOADADDR (.rwdata))

.bss            0x0181322c      0x2f0
                0x0181322c                __bss_start = ABSOLUTE (.)
                0x0181322c                PROVIDE (__sbss_start, ABSOLUTE (.))
                0x0181322c                PROVIDE (___sbss_start, ABSOLUTE (.))
 *(.dynsbss)
 *(.sbss .sbss.* .gnu.linkonce.sb.*)
 .sbss          0x0181322c        0xc c:/altera/12.0sp2/nios2eds/bin/gnu/h-i686-mingw32/bin/../lib/gcc/nios2-elf/4.1.2/../../../../nios2-elf/lib\libc.a(lib_a-locale.o)
                0x0181322c                __nlocale_changed
                0x01813230                __mlocale_changed
                0x01813234                _PathLocale
 .sbss          0x01813238        0xc c:/altera/12.0sp2/nios2eds/bin/gnu/h-i686-mingw32/bin/../lib/gcc/nios2-elf/4.1.2/../../../../nios2-elf/lib\libc.a(lib_a-mallocr.o)
                0x01813238                __malloc_top_pad
                0x0181323c                __malloc_max_sbrked_mem
                0x01813240                __malloc_max_total_mem
 .sbss          0x01813244        0x4 c:/altera/12.0sp2/nios2eds/bin/gnu/h-i686-mingw32/bin/../lib/gcc/nios2-elf/4.1.2/../../../../nios2-elf/lib\libc.a(lib_a-int_errno.o)
                0x01813244                errno
 .sbss          0x01813248        0xc ../HelloWorldnew_bsp/\libhal_bsp.a(alt_main.o)
                0x01813248                alt_argc
                0x0181324c                alt_argv
                0x01813250                alt_envp
 .sbss          0x01813254        0x4 ../HelloWorldnew_bsp/\libhal_bsp.a(alt_irq_vars.o)
                0x01813254                alt_irq_active
 .sbss          0x01813258        0x8 ../HelloWorldnew_bsp/\libhal_bsp.a(alt_tick.o)
                0x01813258                _alt_tick_rate
                0x0181325c                _alt_nticks
 .sbss          0x01813260        0x4 ../HelloWorldnew_bsp/\libhal_bsp.a(alt_instruction_exception_entry.o)
                0x01813260                alt_instruction_exception_handler
 *(.sbss2 .sbss2.* .gnu.linkonce.sb2.*)
 *(.scommon)
                0x01813264                PROVIDE (__sbss_end, ABSOLUTE (.))
                0x01813264                PROVIDE (___sbss_end, ABSOLUTE (.))
 *(.dynbss)
 *(.bss .bss.* .gnu.linkonce.b.*)
 .bss           0x01813264        0x0 ../HelloWorldnew_bsp//obj/HAL/src/crt0.o
 .bss           0x01813264        0x0 obj/default/hello_world.o
 .bss           0x01813264        0x0 obj/default/pwm.o
 .bss           0x01813264        0x0 obj/default/utilities.o
 .bss           0x01813264        0x0 c:/altera/12.0sp2/nios2eds/bin/gnu/h-i686-mingw32/bin/../lib/gcc/nios2-elf/4.1.2/../../../../nios2-elf/lib\libm.a(lib_a-s_round.o)
 .bss           0x01813264        0x0 c:/altera/12.0sp2/nios2eds/bin/gnu/h-i686-mingw32/bin/../lib/gcc/nios2-elf/4.1.2\libgcc.a(_div_sf.o)
 .bss           0x01813264        0x0 c:/altera/12.0sp2/nios2eds/bin/gnu/h-i686-mingw32/bin/../lib/gcc/nios2-elf/4.1.2\libgcc.a(_si_to_sf.o)
 .bss           0x01813264        0x0 c:/altera/12.0sp2/nios2eds/bin/gnu/h-i686-mingw32/bin/../lib/gcc/nios2-elf/4.1.2\libgcc.a(_sf_to_df.o)
 .bss           0x01813264        0x0 c:/altera/12.0sp2/nios2eds/bin/gnu/h-i686-mingw32/bin/../lib/gcc/nios2-elf/4.1.2\libgcc.a(_thenan_sf.o)
 .bss           0x01813264        0x0 c:/altera/12.0sp2/nios2eds/bin/gnu/h-i686-mingw32/bin/../lib/gcc/nios2-elf/4.1.2\libgcc.a(_addsub_df.o)
 .bss           0x01813264        0x0 c:/altera/12.0sp2/nios2eds/bin/gnu/h-i686-mingw32/bin/../lib/gcc/nios2-elf/4.1.2\libgcc.a(_df_to_si.o)
 .bss           0x01813264        0x0 c:/altera/12.0sp2/nios2eds/bin/gnu/h-i686-mingw32/bin/../lib/gcc/nios2-elf/4.1.2\libgcc.a(_make_df.o)
 .bss           0x01813264        0x0 c:/altera/12.0sp2/nios2eds/bin/gnu/h-i686-mingw32/bin/../lib/gcc/nios2-elf/4.1.2\libgcc.a(_thenan_df.o)
 .bss           0x01813264        0x0 c:/altera/12.0sp2/nios2eds/bin/gnu/h-i686-mingw32/bin/../lib/gcc/nios2-elf/4.1.2\libgcc.a(_clzsi2.o)
 .bss           0x01813264        0x0 c:/altera/12.0sp2/nios2eds/bin/gnu/h-i686-mingw32/bin/../lib/gcc/nios2-elf/4.1.2\libgcc.a(_pack_sf.o)
 .bss           0x01813264        0x0 c:/altera/12.0sp2/nios2eds/bin/gnu/h-i686-mingw32/bin/../lib/gcc/nios2-elf/4.1.2\libgcc.a(_unpack_sf.o)
 .bss           0x01813264        0x0 c:/altera/12.0sp2/nios2eds/bin/gnu/h-i686-mingw32/bin/../lib/gcc/nios2-elf/4.1.2\libgcc.a(_pack_df.o)
 .bss           0x01813264        0x0 c:/altera/12.0sp2/nios2eds/bin/gnu/h-i686-mingw32/bin/../lib/gcc/nios2-elf/4.1.2\libgcc.a(_unpack_df.o)
 .bss           0x01813264        0x0 c:/altera/12.0sp2/nios2eds/bin/gnu/h-i686-mingw32/bin/../lib/gcc/nios2-elf/4.1.2\libgcc.a(_clz.o)
 .bss           0x01813264        0x0 c:/altera/12.0sp2/nios2eds/bin/gnu/h-i686-mingw32/bin/../lib/gcc/nios2-elf/4.1.2/../../../../nios2-elf/lib\libc.a(lib_a-printf.o)
 .bss           0x01813264        0x0 c:/altera/12.0sp2/nios2eds/bin/gnu/h-i686-mingw32/bin/../lib/gcc/nios2-elf/4.1.2/../../../../nios2-elf/lib\libc.a(lib_a-vfprintf.o)
 .bss           0x01813264        0x0 c:/altera/12.0sp2/nios2eds/bin/gnu/h-i686-mingw32/bin/../lib/gcc/nios2-elf/4.1.2/../../../../nios2-elf/lib\libc.a(lib_a-wsetup.o)
 .bss           0x01813264        0x0 c:/altera/12.0sp2/nios2eds/bin/gnu/h-i686-mingw32/bin/../lib/gcc/nios2-elf/4.1.2/../../../../nios2-elf/lib\libc.a(lib_a-dtoa.o)
 .bss           0x01813264        0x0 c:/altera/12.0sp2/nios2eds/bin/gnu/h-i686-mingw32/bin/../lib/gcc/nios2-elf/4.1.2/../../../../nios2-elf/lib\libc.a(lib_a-fflush.o)
 .bss           0x01813264        0x0 c:/altera/12.0sp2/nios2eds/bin/gnu/h-i686-mingw32/bin/../lib/gcc/nios2-elf/4.1.2/../../../../nios2-elf/lib\libc.a(lib_a-findfp.o)
 .bss           0x01813264        0x0 c:/altera/12.0sp2/nios2eds/bin/gnu/h-i686-mingw32/bin/../lib/gcc/nios2-elf/4.1.2/../../../../nios2-elf/lib\libc.a(lib_a-freer.o)
 .bss           0x01813264        0x0 c:/altera/12.0sp2/nios2eds/bin/gnu/h-i686-mingw32/bin/../lib/gcc/nios2-elf/4.1.2/../../../../nios2-elf/lib\libc.a(lib_a-fvwrite.o)
 .bss           0x01813264        0x0 c:/altera/12.0sp2/nios2eds/bin/gnu/h-i686-mingw32/bin/../lib/gcc/nios2-elf/4.1.2/../../../../nios2-elf/lib\libc.a(lib_a-fwalk.o)
 .bss           0x01813264        0x0 c:/altera/12.0sp2/nios2eds/bin/gnu/h-i686-mingw32/bin/../lib/gcc/nios2-elf/4.1.2/../../../../nios2-elf/lib\libc.a(lib_a-impure.o)
 .bss           0x01813264        0x0 c:/altera/12.0sp2/nios2eds/bin/gnu/h-i686-mingw32/bin/../lib/gcc/nios2-elf/4.1.2/../../../../nios2-elf/lib\libc.a(lib_a-locale.o)
 .bss           0x01813264        0x0 c:/altera/12.0sp2/nios2eds/bin/gnu/h-i686-mingw32/bin/../lib/gcc/nios2-elf/4.1.2/../../../../nios2-elf/lib\libc.a(lib_a-makebuf.o)
 .bss           0x01813264       0x28 c:/altera/12.0sp2/nios2eds/bin/gnu/h-i686-mingw32/bin/../lib/gcc/nios2-elf/4.1.2/../../../../nios2-elf/lib\libc.a(lib_a-mallocr.o)
                0x01813264                __malloc_current_mallinfo
 .bss           0x0181328c        0x0 c:/altera/12.0sp2/nios2eds/bin/gnu/h-i686-mingw32/bin/../lib/gcc/nios2-elf/4.1.2/../../../../nios2-elf/lib\libc.a(lib_a-memchr.o)
 .bss           0x0181328c        0x0 c:/altera/12.0sp2/nios2eds/bin/gnu/h-i686-mingw32/bin/../lib/gcc/nios2-elf/4.1.2/../../../../nios2-elf/lib\libc.a(lib_a-memcpy.o)
 .bss           0x0181328c        0x0 c:/altera/12.0sp2/nios2eds/bin/gnu/h-i686-mingw32/bin/../lib/gcc/nios2-elf/4.1.2/../../../../nios2-elf/lib\libc.a(lib_a-memmove.o)
 .bss           0x0181328c        0x0 c:/altera/12.0sp2/nios2eds/bin/gnu/h-i686-mingw32/bin/../lib/gcc/nios2-elf/4.1.2/../../../../nios2-elf/lib\libc.a(lib_a-memset.o)
 .bss           0x0181328c        0x0 c:/altera/12.0sp2/nios2eds/bin/gnu/h-i686-mingw32/bin/../lib/gcc/nios2-elf/4.1.2/../../../../nios2-elf/lib\libc.a(lib_a-mprec.o)
 .bss           0x0181328c        0x0 c:/altera/12.0sp2/nios2eds/bin/gnu/h-i686-mingw32/bin/../lib/gcc/nios2-elf/4.1.2/../../../../nios2-elf/lib\libc.a(lib_a-reallocr.o)
 .bss           0x0181328c        0x0 c:/altera/12.0sp2/nios2eds/bin/gnu/h-i686-mingw32/bin/../lib/gcc/nios2-elf/4.1.2/../../../../nios2-elf/lib\libc.a(lib_a-s_isinfd.o)
 .bss           0x0181328c        0x0 c:/altera/12.0sp2/nios2eds/bin/gnu/h-i686-mingw32/bin/../lib/gcc/nios2-elf/4.1.2/../../../../nios2-elf/lib\libc.a(lib_a-s_isnand.o)
 .bss           0x0181328c        0x0 c:/altera/12.0sp2/nios2eds/bin/gnu/h-i686-mingw32/bin/../lib/gcc/nios2-elf/4.1.2/../../../../nios2-elf/lib\libc.a(lib_a-sbrkr.o)
 .bss           0x0181328c        0x0 c:/altera/12.0sp2/nios2eds/bin/gnu/h-i686-mingw32/bin/../lib/gcc/nios2-elf/4.1.2/../../../../nios2-elf/lib\libc.a(lib_a-stdio.o)
 .bss           0x0181328c        0x0 c:/altera/12.0sp2/nios2eds/bin/gnu/h-i686-mingw32/bin/../lib/gcc/nios2-elf/4.1.2/../../../../nios2-elf/lib\libc.a(lib_a-strcmp.o)
 .bss           0x0181328c        0x0 c:/altera/12.0sp2/nios2eds/bin/gnu/h-i686-mingw32/bin/../lib/gcc/nios2-elf/4.1.2/../../../../nios2-elf/lib\libc.a(lib_a-strlen.o)
 .bss           0x0181328c        0x0 c:/altera/12.0sp2/nios2eds/bin/gnu/h-i686-mingw32/bin/../lib/gcc/nios2-elf/4.1.2/../../../../nios2-elf/lib\libc.a(lib_a-writer.o)
 .bss           0x0181328c        0x0 c:/altera/12.0sp2/nios2eds/bin/gnu/h-i686-mingw32/bin/../lib/gcc/nios2-elf/4.1.2/../../../../nios2-elf/lib\libc.a(lib_a-callocr.o)
 .bss           0x0181328c        0x0 c:/altera/12.0sp2/nios2eds/bin/gnu/h-i686-mingw32/bin/../lib/gcc/nios2-elf/4.1.2/../../../../nios2-elf/lib\libc.a(lib_a-closer.o)
 .bss           0x0181328c        0x0 c:/altera/12.0sp2/nios2eds/bin/gnu/h-i686-mingw32/bin/../lib/gcc/nios2-elf/4.1.2/../../../../nios2-elf/lib\libc.a(lib_a-fclose.o)
 .bss           0x0181328c        0x0 c:/altera/12.0sp2/nios2eds/bin/gnu/h-i686-mingw32/bin/../lib/gcc/nios2-elf/4.1.2/../../../../nios2-elf/lib\libc.a(lib_a-fstatr.o)
 .bss           0x0181328c        0x0 c:/altera/12.0sp2/nios2eds/bin/gnu/h-i686-mingw32/bin/../lib/gcc/nios2-elf/4.1.2/../../../../nios2-elf/lib\libc.a(lib_a-int_errno.o)
 .bss           0x0181328c        0x0 c:/altera/12.0sp2/nios2eds/bin/gnu/h-i686-mingw32/bin/../lib/gcc/nios2-elf/4.1.2/../../../../nios2-elf/lib\libc.a(lib_a-isattyr.o)
 .bss           0x0181328c        0x0 c:/altera/12.0sp2/nios2eds/bin/gnu/h-i686-mingw32/bin/../lib/gcc/nios2-elf/4.1.2/../../../../nios2-elf/lib\libc.a(lib_a-lseekr.o)
 .bss           0x0181328c        0x0 c:/altera/12.0sp2/nios2eds/bin/gnu/h-i686-mingw32/bin/../lib/gcc/nios2-elf/4.1.2/../../../../nios2-elf/lib\libc.a(lib_a-readr.o)
 .bss           0x0181328c        0x0 c:/altera/12.0sp2/nios2eds/bin/gnu/h-i686-mingw32/bin/../lib/gcc/nios2-elf/4.1.2\libgcc.a(_udivdi3.o)
 .bss           0x0181328c        0x0 c:/altera/12.0sp2/nios2eds/bin/gnu/h-i686-mingw32/bin/../lib/gcc/nios2-elf/4.1.2\libgcc.a(_umoddi3.o)
 .bss           0x0181328c        0x0 c:/altera/12.0sp2/nios2eds/bin/gnu/h-i686-mingw32/bin/../lib/gcc/nios2-elf/4.1.2\libgcc.a(_mul_df.o)
 .bss           0x0181328c        0x0 c:/altera/12.0sp2/nios2eds/bin/gnu/h-i686-mingw32/bin/../lib/gcc/nios2-elf/4.1.2\libgcc.a(_div_df.o)
 .bss           0x0181328c        0x0 c:/altera/12.0sp2/nios2eds/bin/gnu/h-i686-mingw32/bin/../lib/gcc/nios2-elf/4.1.2\libgcc.a(_eq_df.o)
 .bss           0x0181328c        0x0 c:/altera/12.0sp2/nios2eds/bin/gnu/h-i686-mingw32/bin/../lib/gcc/nios2-elf/4.1.2\libgcc.a(_ne_df.o)
 .bss           0x0181328c        0x0 c:/altera/12.0sp2/nios2eds/bin/gnu/h-i686-mingw32/bin/../lib/gcc/nios2-elf/4.1.2\libgcc.a(_gt_df.o)
 .bss           0x0181328c        0x0 c:/altera/12.0sp2/nios2eds/bin/gnu/h-i686-mingw32/bin/../lib/gcc/nios2-elf/4.1.2\libgcc.a(_ge_df.o)
 .bss           0x0181328c        0x0 c:/altera/12.0sp2/nios2eds/bin/gnu/h-i686-mingw32/bin/../lib/gcc/nios2-elf/4.1.2\libgcc.a(_lt_df.o)
 .bss           0x0181328c        0x0 c:/altera/12.0sp2/nios2eds/bin/gnu/h-i686-mingw32/bin/../lib/gcc/nios2-elf/4.1.2\libgcc.a(_si_to_df.o)
 .bss           0x0181328c        0x0 c:/altera/12.0sp2/nios2eds/bin/gnu/h-i686-mingw32/bin/../lib/gcc/nios2-elf/4.1.2\libgcc.a(_usi_to_df.o)
 .bss           0x0181328c        0x0 c:/altera/12.0sp2/nios2eds/bin/gnu/h-i686-mingw32/bin/../lib/gcc/nios2-elf/4.1.2\libgcc.a(lib2-divmod.o)
 .bss           0x0181328c        0x0 c:/altera/12.0sp2/nios2eds/bin/gnu/h-i686-mingw32/bin/../lib/gcc/nios2-elf/4.1.2\libgcc.a(_muldi3.o)
 .bss           0x0181328c        0x0 c:/altera/12.0sp2/nios2eds/bin/gnu/h-i686-mingw32/bin/../lib/gcc/nios2-elf/4.1.2\libgcc.a(_fpcmp_parts_df.o)
 .bss           0x0181328c        0x0 ../HelloWorldnew_bsp/\libhal_bsp.a(alt_close.o)
 .bss           0x0181328c        0x0 ../HelloWorldnew_bsp/\libhal_bsp.a(alt_dev.o)
 .bss           0x0181328c        0x0 ../HelloWorldnew_bsp/\libhal_bsp.a(alt_errno.o)
 .bss           0x0181328c        0x0 ../HelloWorldnew_bsp/\libhal_bsp.a(alt_fstat.o)
 .bss           0x0181328c        0x0 ../HelloWorldnew_bsp/\libhal_bsp.a(alt_isatty.o)
 .bss           0x0181328c        0x0 ../HelloWorldnew_bsp/\libhal_bsp.a(alt_lseek.o)
 .bss           0x0181328c        0x0 ../HelloWorldnew_bsp/\libhal_bsp.a(alt_main.o)
 .bss           0x0181328c        0x0 ../HelloWorldnew_bsp/\libhal_bsp.a(alt_malloc_lock.o)
 .bss           0x0181328c        0x0 ../HelloWorldnew_bsp/\libhal_bsp.a(alt_read.o)
 .bss           0x0181328c        0x0 ../HelloWorldnew_bsp/\libhal_bsp.a(alt_release_fd.o)
 .bss           0x0181328c        0x0 ../HelloWorldnew_bsp/\libhal_bsp.a(alt_sbrk.o)
 .bss           0x0181328c        0x0 ../HelloWorldnew_bsp/\libhal_bsp.a(alt_usleep.o)
 .bss           0x0181328c        0x0 ../HelloWorldnew_bsp/\libhal_bsp.a(alt_write.o)
 .bss           0x0181328c        0x0 ../HelloWorldnew_bsp/\libhal_bsp.a(alt_sys_init.o)
 .bss           0x0181328c        0x0 ../HelloWorldnew_bsp/\libhal_bsp.a(altera_avalon_cfi_flash.o)
 .bss           0x0181328c        0x0 ../HelloWorldnew_bsp/\libhal_bsp.a(altera_avalon_cfi_flash_table.o)
 .bss           0x0181328c        0x0 ../HelloWorldnew_bsp/\libhal_bsp.a(altera_avalon_jtag_uart_fd.o)
 .bss           0x0181328c        0x0 ../HelloWorldnew_bsp/\libhal_bsp.a(altera_avalon_jtag_uart_init.o)
 .bss           0x0181328c        0x0 ../HelloWorldnew_bsp/\libhal_bsp.a(altera_avalon_jtag_uart_ioctl.o)
 .bss           0x0181328c        0x0 ../HelloWorldnew_bsp/\libhal_bsp.a(altera_avalon_jtag_uart_read.o)
 .bss           0x0181328c        0x0 ../HelloWorldnew_bsp/\libhal_bsp.a(altera_avalon_jtag_uart_write.o)
 .bss           0x0181328c        0x0 ../HelloWorldnew_bsp/\libhal_bsp.a(altera_avalon_lcd_16207.o)
 .bss           0x0181328c        0x0 ../HelloWorldnew_bsp/\libhal_bsp.a(altera_avalon_lcd_16207_fd.o)
 .bss           0x0181328c        0x0 ../HelloWorldnew_bsp/\libhal_bsp.a(altera_avalon_timer_sc.o)
 .bss           0x0181328c        0x0 ../HelloWorldnew_bsp/\libhal_bsp.a(altera_avalon_uart_fd.o)
 .bss           0x0181328c        0x0 ../HelloWorldnew_bsp/\libhal_bsp.a(altera_avalon_uart_init.o)
 .bss           0x0181328c        0x0 ../HelloWorldnew_bsp/\libhal_bsp.a(altera_avalon_uart_read.o)
 .bss           0x0181328c        0x0 ../HelloWorldnew_bsp/\libhal_bsp.a(altera_avalon_uart_write.o)
 .bss           0x0181328c        0x0 ../HelloWorldnew_bsp/\libhal_bsp.a(alt_alarm_start.o)
 .bss           0x0181328c        0x0 ../HelloWorldnew_bsp/\libhal_bsp.a(alt_busy_sleep.o)
 .bss           0x0181328c        0x0 ../HelloWorldnew_bsp/\libhal_bsp.a(alt_dcache_flush.o)
 .bss           0x0181328c        0x0 ../HelloWorldnew_bsp/\libhal_bsp.a(alt_dev_llist_insert.o)
 .bss           0x0181328c        0x0 ../HelloWorldnew_bsp/\libhal_bsp.a(alt_do_ctors.o)
 .bss           0x0181328c        0x0 ../HelloWorldnew_bsp/\libhal_bsp.a(alt_do_dtors.o)
 .bss           0x0181328c        0x0 ../HelloWorldnew_bsp/\libhal_bsp.a(alt_flash_dev.o)
 .bss           0x0181328c        0x0 ../HelloWorldnew_bsp/\libhal_bsp.a(alt_iic.o)
 .bss           0x0181328c        0x0 ../HelloWorldnew_bsp/\libhal_bsp.a(alt_iic_isr_register.o)
 .bss           0x0181328c        0x0 ../HelloWorldnew_bsp/\libhal_bsp.a(alt_io_redirect.o)
 .bss           0x0181328c        0x0 ../HelloWorldnew_bsp/\libhal_bsp.a(alt_irq_entry.o)
 .bss           0x0181328c        0x0 ../HelloWorldnew_bsp/\libhal_bsp.a(alt_irq_handler.o)
 .bss           0x0181328c        0x0 ../HelloWorldnew_bsp/\libhal_bsp.a(alt_irq_vars.o)
 .bss           0x0181328c        0x0 ../HelloWorldnew_bsp/\libhal_bsp.a(alt_open.o)
 .bss           0x0181328c        0x0 ../HelloWorldnew_bsp/\libhal_bsp.a(alt_tick.o)
 .bss           0x0181328c        0x0 ../HelloWorldnew_bsp/\libhal_bsp.a(altera_nios2_irq.o)
 .bss           0x0181328c        0x0 ../HelloWorldnew_bsp/\libhal_bsp.a(altera_avalon_cfi_flash_amd.o)
 .bss           0x0181328c        0x0 ../HelloWorldnew_bsp/\libhal_bsp.a(altera_avalon_cfi_flash_intel.o)
 .bss           0x0181328c        0x0 ../HelloWorldnew_bsp/\libhal_bsp.a(alt_exception_entry.o)
 .bss           0x0181328c        0x0 ../HelloWorldnew_bsp/\libhal_bsp.a(alt_find_dev.o)
 .bss           0x0181328c        0x0 ../HelloWorldnew_bsp/\libhal_bsp.a(alt_find_file.o)
 .bss           0x0181328c        0x0 ../HelloWorldnew_bsp/\libhal_bsp.a(alt_get_fd.o)
 .bss           0x0181328c        0x0 ../HelloWorldnew_bsp/\libhal_bsp.a(alt_instruction_exception_entry.o)
 .bss           0x0181328c        0x0 c:/altera/12.0sp2/nios2eds/bin/gnu/h-i686-mingw32/bin/../lib/gcc/nios2-elf/4.1.2/../../../../nios2-elf/lib\libc.a(lib_a-atexit.o)
 .bss           0x0181328c        0x0 c:/altera/12.0sp2/nios2eds/bin/gnu/h-i686-mingw32/bin/../lib/gcc/nios2-elf/4.1.2/../../../../nios2-elf/lib\libc.a(lib_a-ctype_.o)
 .bss           0x0181328c        0x0 c:/altera/12.0sp2/nios2eds/bin/gnu/h-i686-mingw32/bin/../lib/gcc/nios2-elf/4.1.2/../../../../nios2-elf/lib\libc.a(lib_a-exit.o)
 .bss           0x0181328c        0x0 c:/altera/12.0sp2/nios2eds/bin/gnu/h-i686-mingw32/bin/../lib/gcc/nios2-elf/4.1.2/../../../../nios2-elf/lib\libc.a(lib_a-memcmp.o)
 .bss           0x0181328c        0x0 c:/altera/12.0sp2/nios2eds/bin/gnu/h-i686-mingw32/bin/../lib/gcc/nios2-elf/4.1.2/../../../../nios2-elf/lib\libc.a(lib_a-__atexit.o)
 .bss           0x0181328c        0x0 c:/altera/12.0sp2/nios2eds/bin/gnu/h-i686-mingw32/bin/../lib/gcc/nios2-elf/4.1.2/../../../../nios2-elf/lib\libc.a(lib_a-__call_atexit.o)
 .bss           0x0181328c        0x0 ../HelloWorldnew_bsp/\libhal_bsp.a(alt_exit.o)
 *(COMMON)
 COMMON         0x0181328c      0x100 ../HelloWorldnew_bsp/\libhal_bsp.a(alt_irq_handler.o)
                0x0181328c                alt_irq
 COMMON         0x0181338c      0x190 c:/altera/12.0sp2/nios2eds/bin/gnu/h-i686-mingw32/bin/../lib/gcc/nios2-elf/4.1.2/../../../../nios2-elf/lib\libc.a(lib_a-atexit.o)
                0x0181338c                _atexit0
                0x0181351c                . = ALIGN (0x4)
                0x0181351c                __bss_end = ABSOLUTE (.)

.sdram          0x0181351c        0x0
                0x0181351c                PROVIDE (_alt_partition_sdram_start, ABSOLUTE (.))
 *(.sdram. sdram.*)
                0x0181351c                . = ALIGN (0x4)
                0x0181351c                PROVIDE (_alt_partition_sdram_end, ABSOLUTE (.))
                0x0181351c                _end = ABSOLUTE (.)
                0x0181351c                end = ABSOLUTE (.)
                0x0181351c                __alt_stack_base = ABSOLUTE (.)
                0x0181351c                PROVIDE (_alt_partition_sdram_load_addr, LOADADDR (.sdram))

.cfi_flash      0x02400020        0x0
                0x02400020                PROVIDE (_alt_partition_cfi_flash_start, ABSOLUTE (.))
 *(.cfi_flash. cfi_flash.*)
                0x02400020                . = ALIGN (0x4)
                0x02400020                PROVIDE (_alt_partition_cfi_flash_end, ABSOLUTE (.))
                0x02400020                PROVIDE (_alt_partition_cfi_flash_load_addr, LOADADDR (.cfi_flash))

.onchip_mem     0x0280822c        0x0
                0x0280822c                PROVIDE (_alt_partition_onchip_mem_start, ABSOLUTE (.))
 *(.onchip_mem. onchip_mem.*)
                0x0280822c                . = ALIGN (0x4)
                0x0280822c                PROVIDE (_alt_partition_onchip_mem_end, ABSOLUTE (.))
                0x0280822c                PROVIDE (_alt_partition_onchip_mem_load_addr, LOADADDR (.onchip_mem))

.stab
 *(.stab)

.stabstr
 *(.stabstr)

.stab.excl
 *(.stab.excl)

.stab.exclstr
 *(.stab.exclstr)

.stab.index
 *(.stab.index)

.stab.indexstr
 *(.stab.indexstr)

.comment        0x00000000       0x26
 *(.comment)
 .comment       0x00000000       0x26 obj/default/hello_world.o
                                 0x27 (size before relaxing)
 .comment       0x00000000       0x27 obj/default/pwm.o
 .comment       0x00000000       0x27 obj/default/utilities.o
 .comment       0x00000000       0x27 c:/altera/12.0sp2/nios2eds/bin/gnu/h-i686-mingw32/bin/../lib/gcc/nios2-elf/4.1.2/../../../../nios2-elf/lib\libm.a(lib_a-s_round.o)
 .comment       0x00000000       0x27 c:/altera/12.0sp2/nios2eds/bin/gnu/h-i686-mingw32/bin/../lib/gcc/nios2-elf/4.1.2\libgcc.a(_div_sf.o)
 .comment       0x00000000       0x27 c:/altera/12.0sp2/nios2eds/bin/gnu/h-i686-mingw32/bin/../lib/gcc/nios2-elf/4.1.2\libgcc.a(_si_to_sf.o)
 .comment       0x00000000       0x27 c:/altera/12.0sp2/nios2eds/bin/gnu/h-i686-mingw32/bin/../lib/gcc/nios2-elf/4.1.2\libgcc.a(_sf_to_df.o)
 .comment       0x00000000       0x27 c:/altera/12.0sp2/nios2eds/bin/gnu/h-i686-mingw32/bin/../lib/gcc/nios2-elf/4.1.2\libgcc.a(_thenan_sf.o)
 .comment       0x00000000       0x27 c:/altera/12.0sp2/nios2eds/bin/gnu/h-i686-mingw32/bin/../lib/gcc/nios2-elf/4.1.2\libgcc.a(_addsub_df.o)
 .comment       0x00000000       0x27 c:/altera/12.0sp2/nios2eds/bin/gnu/h-i686-mingw32/bin/../lib/gcc/nios2-elf/4.1.2\libgcc.a(_df_to_si.o)
 .comment       0x00000000       0x27 c:/altera/12.0sp2/nios2eds/bin/gnu/h-i686-mingw32/bin/../lib/gcc/nios2-elf/4.1.2\libgcc.a(_make_df.o)
 .comment       0x00000000       0x27 c:/altera/12.0sp2/nios2eds/bin/gnu/h-i686-mingw32/bin/../lib/gcc/nios2-elf/4.1.2\libgcc.a(_thenan_df.o)
 .comment       0x00000000       0x27 c:/altera/12.0sp2/nios2eds/bin/gnu/h-i686-mingw32/bin/../lib/gcc/nios2-elf/4.1.2\libgcc.a(_clzsi2.o)
 .comment       0x00000000       0x27 c:/altera/12.0sp2/nios2eds/bin/gnu/h-i686-mingw32/bin/../lib/gcc/nios2-elf/4.1.2\libgcc.a(_pack_sf.o)
 .comment       0x00000000       0x27 c:/altera/12.0sp2/nios2eds/bin/gnu/h-i686-mingw32/bin/../lib/gcc/nios2-elf/4.1.2\libgcc.a(_unpack_sf.o)
 .comment       0x00000000       0x27 c:/altera/12.0sp2/nios2eds/bin/gnu/h-i686-mingw32/bin/../lib/gcc/nios2-elf/4.1.2\libgcc.a(_pack_df.o)
 .comment       0x00000000       0x27 c:/altera/12.0sp2/nios2eds/bin/gnu/h-i686-mingw32/bin/../lib/gcc/nios2-elf/4.1.2\libgcc.a(_unpack_df.o)
 .comment       0x00000000       0x27 c:/altera/12.0sp2/nios2eds/bin/gnu/h-i686-mingw32/bin/../lib/gcc/nios2-elf/4.1.2\libgcc.a(_clz.o)
 .comment       0x00000000       0x27 c:/altera/12.0sp2/nios2eds/bin/gnu/h-i686-mingw32/bin/../lib/gcc/nios2-elf/4.1.2/../../../../nios2-elf/lib\libc.a(lib_a-printf.o)
 .comment       0x00000000       0x27 c:/altera/12.0sp2/nios2eds/bin/gnu/h-i686-mingw32/bin/../lib/gcc/nios2-elf/4.1.2/../../../../nios2-elf/lib\libc.a(lib_a-vfprintf.o)
 .comment       0x00000000       0x27 c:/altera/12.0sp2/nios2eds/bin/gnu/h-i686-mingw32/bin/../lib/gcc/nios2-elf/4.1.2/../../../../nios2-elf/lib\libc.a(lib_a-wsetup.o)
 .comment       0x00000000       0x27 c:/altera/12.0sp2/nios2eds/bin/gnu/h-i686-mingw32/bin/../lib/gcc/nios2-elf/4.1.2/../../../../nios2-elf/lib\libc.a(lib_a-dtoa.o)
 .comment       0x00000000       0x27 c:/altera/12.0sp2/nios2eds/bin/gnu/h-i686-mingw32/bin/../lib/gcc/nios2-elf/4.1.2/../../../../nios2-elf/lib\libc.a(lib_a-fflush.o)
 .comment       0x00000000       0x27 c:/altera/12.0sp2/nios2eds/bin/gnu/h-i686-mingw32/bin/../lib/gcc/nios2-elf/4.1.2/../../../../nios2-elf/lib\libc.a(lib_a-findfp.o)
 .comment       0x00000000       0x27 c:/altera/12.0sp2/nios2eds/bin/gnu/h-i686-mingw32/bin/../lib/gcc/nios2-elf/4.1.2/../../../../nios2-elf/lib\libc.a(lib_a-freer.o)
 .comment       0x00000000       0x27 c:/altera/12.0sp2/nios2eds/bin/gnu/h-i686-mingw32/bin/../lib/gcc/nios2-elf/4.1.2/../../../../nios2-elf/lib\libc.a(lib_a-fvwrite.o)
 .comment       0x00000000       0x27 c:/altera/12.0sp2/nios2eds/bin/gnu/h-i686-mingw32/bin/../lib/gcc/nios2-elf/4.1.2/../../../../nios2-elf/lib\libc.a(lib_a-fwalk.o)
 .comment       0x00000000       0x27 c:/altera/12.0sp2/nios2eds/bin/gnu/h-i686-mingw32/bin/../lib/gcc/nios2-elf/4.1.2/../../../../nios2-elf/lib\libc.a(lib_a-impure.o)
 .comment       0x00000000       0x27 c:/altera/12.0sp2/nios2eds/bin/gnu/h-i686-mingw32/bin/../lib/gcc/nios2-elf/4.1.2/../../../../nios2-elf/lib\libc.a(lib_a-locale.o)
 .comment       0x00000000       0x27 c:/altera/12.0sp2/nios2eds/bin/gnu/h-i686-mingw32/bin/../lib/gcc/nios2-elf/4.1.2/../../../../nios2-elf/lib\libc.a(lib_a-makebuf.o)
 .comment       0x00000000       0x27 c:/altera/12.0sp2/nios2eds/bin/gnu/h-i686-mingw32/bin/../lib/gcc/nios2-elf/4.1.2/../../../../nios2-elf/lib\libc.a(lib_a-mallocr.o)
 .comment       0x00000000       0x27 c:/altera/12.0sp2/nios2eds/bin/gnu/h-i686-mingw32/bin/../lib/gcc/nios2-elf/4.1.2/../../../../nios2-elf/lib\libc.a(lib_a-memchr.o)
 .comment       0x00000000       0x27 c:/altera/12.0sp2/nios2eds/bin/gnu/h-i686-mingw32/bin/../lib/gcc/nios2-elf/4.1.2/../../../../nios2-elf/lib\libc.a(lib_a-memcpy.o)
 .comment       0x00000000       0x27 c:/altera/12.0sp2/nios2eds/bin/gnu/h-i686-mingw32/bin/../lib/gcc/nios2-elf/4.1.2/../../../../nios2-elf/lib\libc.a(lib_a-memmove.o)
 .comment       0x00000000       0x27 c:/altera/12.0sp2/nios2eds/bin/gnu/h-i686-mingw32/bin/../lib/gcc/nios2-elf/4.1.2/../../../../nios2-elf/lib\libc.a(lib_a-memset.o)
 .comment       0x00000000       0x27 c:/altera/12.0sp2/nios2eds/bin/gnu/h-i686-mingw32/bin/../lib/gcc/nios2-elf/4.1.2/../../../../nios2-elf/lib\libc.a(lib_a-mprec.o)
 .comment       0x00000000       0x27 c:/altera/12.0sp2/nios2eds/bin/gnu/h-i686-mingw32/bin/../lib/gcc/nios2-elf/4.1.2/../../../../nios2-elf/lib\libc.a(lib_a-reallocr.o)
 .comment       0x00000000       0x27 c:/altera/12.0sp2/nios2eds/bin/gnu/h-i686-mingw32/bin/../lib/gcc/nios2-elf/4.1.2/../../../../nios2-elf/lib\libc.a(lib_a-s_isinfd.o)
 .comment       0x00000000       0x27 c:/altera/12.0sp2/nios2eds/bin/gnu/h-i686-mingw32/bin/../lib/gcc/nios2-elf/4.1.2/../../../../nios2-elf/lib\libc.a(lib_a-s_isnand.o)
 .comment       0x00000000       0x27 c:/altera/12.0sp2/nios2eds/bin/gnu/h-i686-mingw32/bin/../lib/gcc/nios2-elf/4.1.2/../../../../nios2-elf/lib\libc.a(lib_a-sbrkr.o)
 .comment       0x00000000       0x27 c:/altera/12.0sp2/nios2eds/bin/gnu/h-i686-mingw32/bin/../lib/gcc/nios2-elf/4.1.2/../../../../nios2-elf/lib\libc.a(lib_a-stdio.o)
 .comment       0x00000000       0x27 c:/altera/12.0sp2/nios2eds/bin/gnu/h-i686-mingw32/bin/../lib/gcc/nios2-elf/4.1.2/../../../../nios2-elf/lib\libc.a(lib_a-strcmp.o)
 .comment       0x00000000       0x27 c:/altera/12.0sp2/nios2eds/bin/gnu/h-i686-mingw32/bin/../lib/gcc/nios2-elf/4.1.2/../../../../nios2-elf/lib\libc.a(lib_a-strlen.o)
 .comment       0x00000000       0x27 c:/altera/12.0sp2/nios2eds/bin/gnu/h-i686-mingw32/bin/../lib/gcc/nios2-elf/4.1.2/../../../../nios2-elf/lib\libc.a(lib_a-writer.o)
 .comment       0x00000000       0x27 c:/altera/12.0sp2/nios2eds/bin/gnu/h-i686-mingw32/bin/../lib/gcc/nios2-elf/4.1.2/../../../../nios2-elf/lib\libc.a(lib_a-callocr.o)
 .comment       0x00000000       0x27 c:/altera/12.0sp2/nios2eds/bin/gnu/h-i686-mingw32/bin/../lib/gcc/nios2-elf/4.1.2/../../../../nios2-elf/lib\libc.a(lib_a-closer.o)
 .comment       0x00000000       0x27 c:/altera/12.0sp2/nios2eds/bin/gnu/h-i686-mingw32/bin/../lib/gcc/nios2-elf/4.1.2/../../../../nios2-elf/lib\libc.a(lib_a-fclose.o)
 .comment       0x00000000       0x27 c:/altera/12.0sp2/nios2eds/bin/gnu/h-i686-mingw32/bin/../lib/gcc/nios2-elf/4.1.2/../../../../nios2-elf/lib\libc.a(lib_a-fstatr.o)
 .comment       0x00000000       0x27 c:/altera/12.0sp2/nios2eds/bin/gnu/h-i686-mingw32/bin/../lib/gcc/nios2-elf/4.1.2/../../../../nios2-elf/lib\libc.a(lib_a-int_errno.o)
 .comment       0x00000000       0x27 c:/altera/12.0sp2/nios2eds/bin/gnu/h-i686-mingw32/bin/../lib/gcc/nios2-elf/4.1.2/../../../../nios2-elf/lib\libc.a(lib_a-isattyr.o)
 .comment       0x00000000       0x27 c:/altera/12.0sp2/nios2eds/bin/gnu/h-i686-mingw32/bin/../lib/gcc/nios2-elf/4.1.2/../../../../nios2-elf/lib\libc.a(lib_a-lseekr.o)
 .comment       0x00000000       0x27 c:/altera/12.0sp2/nios2eds/bin/gnu/h-i686-mingw32/bin/../lib/gcc/nios2-elf/4.1.2/../../../../nios2-elf/lib\libc.a(lib_a-readr.o)
 .comment       0x00000000       0x27 c:/altera/12.0sp2/nios2eds/bin/gnu/h-i686-mingw32/bin/../lib/gcc/nios2-elf/4.1.2\libgcc.a(_udivdi3.o)
 .comment       0x00000000       0x27 c:/altera/12.0sp2/nios2eds/bin/gnu/h-i686-mingw32/bin/../lib/gcc/nios2-elf/4.1.2\libgcc.a(_umoddi3.o)
 .comment       0x00000000       0x27 c:/altera/12.0sp2/nios2eds/bin/gnu/h-i686-mingw32/bin/../lib/gcc/nios2-elf/4.1.2\libgcc.a(_mul_df.o)
 .comment       0x00000000       0x27 c:/altera/12.0sp2/nios2eds/bin/gnu/h-i686-mingw32/bin/../lib/gcc/nios2-elf/4.1.2\libgcc.a(_div_df.o)
 .comment       0x00000000       0x27 c:/altera/12.0sp2/nios2eds/bin/gnu/h-i686-mingw32/bin/../lib/gcc/nios2-elf/4.1.2\libgcc.a(_eq_df.o)
 .comment       0x00000000       0x27 c:/altera/12.0sp2/nios2eds/bin/gnu/h-i686-mingw32/bin/../lib/gcc/nios2-elf/4.1.2\libgcc.a(_ne_df.o)
 .comment       0x00000000       0x27 c:/altera/12.0sp2/nios2eds/bin/gnu/h-i686-mingw32/bin/../lib/gcc/nios2-elf/4.1.2\libgcc.a(_gt_df.o)
 .comment       0x00000000       0x27 c:/altera/12.0sp2/nios2eds/bin/gnu/h-i686-mingw32/bin/../lib/gcc/nios2-elf/4.1.2\libgcc.a(_ge_df.o)
 .comment       0x00000000       0x27 c:/altera/12.0sp2/nios2eds/bin/gnu/h-i686-mingw32/bin/../lib/gcc/nios2-elf/4.1.2\libgcc.a(_lt_df.o)
 .comment       0x00000000       0x27 c:/altera/12.0sp2/nios2eds/bin/gnu/h-i686-mingw32/bin/../lib/gcc/nios2-elf/4.1.2\libgcc.a(_si_to_df.o)
 .comment       0x00000000       0x27 c:/altera/12.0sp2/nios2eds/bin/gnu/h-i686-mingw32/bin/../lib/gcc/nios2-elf/4.1.2\libgcc.a(_usi_to_df.o)
 .comment       0x00000000       0x27 c:/altera/12.0sp2/nios2eds/bin/gnu/h-i686-mingw32/bin/../lib/gcc/nios2-elf/4.1.2\libgcc.a(lib2-divmod.o)
 .comment       0x00000000       0x27 c:/altera/12.0sp2/nios2eds/bin/gnu/h-i686-mingw32/bin/../lib/gcc/nios2-elf/4.1.2\libgcc.a(_muldi3.o)
 .comment       0x00000000       0x27 c:/altera/12.0sp2/nios2eds/bin/gnu/h-i686-mingw32/bin/../lib/gcc/nios2-elf/4.1.2\libgcc.a(_fpcmp_parts_df.o)
 .comment       0x00000000       0x27 ../HelloWorldnew_bsp/\libhal_bsp.a(alt_close.o)
 .comment       0x00000000       0x27 ../HelloWorldnew_bsp/\libhal_bsp.a(alt_dev.o)
 .comment       0x00000000       0x27 ../HelloWorldnew_bsp/\libhal_bsp.a(alt_errno.o)
 .comment       0x00000000       0x27 ../HelloWorldnew_bsp/\libhal_bsp.a(alt_fstat.o)
 .comment       0x00000000       0x27 ../HelloWorldnew_bsp/\libhal_bsp.a(alt_isatty.o)
 .comment       0x00000000       0x27 ../HelloWorldnew_bsp/\libhal_bsp.a(alt_lseek.o)
 .comment       0x00000000       0x27 ../HelloWorldnew_bsp/\libhal_bsp.a(alt_main.o)
 .comment       0x00000000       0x27 ../HelloWorldnew_bsp/\libhal_bsp.a(alt_malloc_lock.o)
 .comment       0x00000000       0x27 ../HelloWorldnew_bsp/\libhal_bsp.a(alt_read.o)
 .comment       0x00000000       0x27 ../HelloWorldnew_bsp/\libhal_bsp.a(alt_release_fd.o)
 .comment       0x00000000       0x27 ../HelloWorldnew_bsp/\libhal_bsp.a(alt_sbrk.o)
 .comment       0x00000000       0x27 ../HelloWorldnew_bsp/\libhal_bsp.a(alt_usleep.o)
 .comment       0x00000000       0x27 ../HelloWorldnew_bsp/\libhal_bsp.a(alt_write.o)
 .comment       0x00000000       0x27 ../HelloWorldnew_bsp/\libhal_bsp.a(alt_sys_init.o)
 .comment       0x00000000       0x27 ../HelloWorldnew_bsp/\libhal_bsp.a(altera_avalon_cfi_flash.o)
 .comment       0x00000000       0x27 ../HelloWorldnew_bsp/\libhal_bsp.a(altera_avalon_cfi_flash_table.o)
 .comment       0x00000000       0x27 ../HelloWorldnew_bsp/\libhal_bsp.a(altera_avalon_jtag_uart_fd.o)
 .comment       0x00000000       0x27 ../HelloWorldnew_bsp/\libhal_bsp.a(altera_avalon_jtag_uart_init.o)
 .comment       0x00000000       0x27 ../HelloWorldnew_bsp/\libhal_bsp.a(altera_avalon_jtag_uart_ioctl.o)
 .comment       0x00000000       0x27 ../HelloWorldnew_bsp/\libhal_bsp.a(altera_avalon_jtag_uart_read.o)
 .comment       0x00000000       0x27 ../HelloWorldnew_bsp/\libhal_bsp.a(altera_avalon_jtag_uart_write.o)
 .comment       0x00000000       0x27 ../HelloWorldnew_bsp/\libhal_bsp.a(altera_avalon_lcd_16207.o)
 .comment       0x00000000       0x27 ../HelloWorldnew_bsp/\libhal_bsp.a(altera_avalon_lcd_16207_fd.o)
 .comment       0x00000000       0x27 ../HelloWorldnew_bsp/\libhal_bsp.a(altera_avalon_timer_sc.o)
 .comment       0x00000000       0x27 ../HelloWorldnew_bsp/\libhal_bsp.a(altera_avalon_uart_fd.o)
 .comment       0x00000000       0x27 ../HelloWorldnew_bsp/\libhal_bsp.a(altera_avalon_uart_init.o)
 .comment       0x00000000       0x27 ../HelloWorldnew_bsp/\libhal_bsp.a(altera_avalon_uart_read.o)
 .comment       0x00000000       0x27 ../HelloWorldnew_bsp/\libhal_bsp.a(altera_avalon_uart_write.o)
 .comment       0x00000000       0x27 ../HelloWorldnew_bsp/\libhal_bsp.a(alt_alarm_start.o)
 .comment       0x00000000       0x27 ../HelloWorldnew_bsp/\libhal_bsp.a(alt_busy_sleep.o)
 .comment       0x00000000       0x27 ../HelloWorldnew_bsp/\libhal_bsp.a(alt_dcache_flush.o)
 .comment       0x00000000       0x27 ../HelloWorldnew_bsp/\libhal_bsp.a(alt_dev_llist_insert.o)
 .comment       0x00000000       0x27 ../HelloWorldnew_bsp/\libhal_bsp.a(alt_do_ctors.o)
 .comment       0x00000000       0x27 ../HelloWorldnew_bsp/\libhal_bsp.a(alt_do_dtors.o)
 .comment       0x00000000       0x27 ../HelloWorldnew_bsp/\libhal_bsp.a(alt_flash_dev.o)
 .comment       0x00000000       0x27 ../HelloWorldnew_bsp/\libhal_bsp.a(alt_iic.o)
 .comment       0x00000000       0x27 ../HelloWorldnew_bsp/\libhal_bsp.a(alt_iic_isr_register.o)
 .comment       0x00000000       0x27 ../HelloWorldnew_bsp/\libhal_bsp.a(alt_io_redirect.o)
 .comment       0x00000000       0x27 ../HelloWorldnew_bsp/\libhal_bsp.a(alt_irq_handler.o)
 .comment       0x00000000       0x27 ../HelloWorldnew_bsp/\libhal_bsp.a(alt_irq_vars.o)
 .comment       0x00000000       0x27 ../HelloWorldnew_bsp/\libhal_bsp.a(alt_open.o)
 .comment       0x00000000       0x27 ../HelloWorldnew_bsp/\libhal_bsp.a(alt_tick.o)
 .comment       0x00000000       0x27 ../HelloWorldnew_bsp/\libhal_bsp.a(altera_nios2_irq.o)
 .comment       0x00000000       0x27 ../HelloWorldnew_bsp/\libhal_bsp.a(altera_avalon_cfi_flash_amd.o)
 .comment       0x00000000       0x27 ../HelloWorldnew_bsp/\libhal_bsp.a(altera_avalon_cfi_flash_intel.o)
 .comment       0x00000000       0x27 ../HelloWorldnew_bsp/\libhal_bsp.a(alt_find_dev.o)
 .comment       0x00000000       0x27 ../HelloWorldnew_bsp/\libhal_bsp.a(alt_find_file.o)
 .comment       0x00000000       0x27 ../HelloWorldnew_bsp/\libhal_bsp.a(alt_get_fd.o)
 .comment       0x00000000       0x27 ../HelloWorldnew_bsp/\libhal_bsp.a(alt_instruction_exception_entry.o)
 .comment       0x00000000       0x27 c:/altera/12.0sp2/nios2eds/bin/gnu/h-i686-mingw32/bin/../lib/gcc/nios2-elf/4.1.2/../../../../nios2-elf/lib\libc.a(lib_a-atexit.o)
 .comment       0x00000000       0x27 c:/altera/12.0sp2/nios2eds/bin/gnu/h-i686-mingw32/bin/../lib/gcc/nios2-elf/4.1.2/../../../../nios2-elf/lib\libc.a(lib_a-ctype_.o)
 .comment       0x00000000       0x27 c:/altera/12.0sp2/nios2eds/bin/gnu/h-i686-mingw32/bin/../lib/gcc/nios2-elf/4.1.2/../../../../nios2-elf/lib\libc.a(lib_a-exit.o)
 .comment       0x00000000       0x27 c:/altera/12.0sp2/nios2eds/bin/gnu/h-i686-mingw32/bin/../lib/gcc/nios2-elf/4.1.2/../../../../nios2-elf/lib\libc.a(lib_a-memcmp.o)
 .comment       0x00000000       0x27 c:/altera/12.0sp2/nios2eds/bin/gnu/h-i686-mingw32/bin/../lib/gcc/nios2-elf/4.1.2/../../../../nios2-elf/lib\libc.a(lib_a-__atexit.o)
 .comment       0x00000000       0x27 c:/altera/12.0sp2/nios2eds/bin/gnu/h-i686-mingw32/bin/../lib/gcc/nios2-elf/4.1.2/../../../../nios2-elf/lib\libc.a(lib_a-__call_atexit.o)
 .comment       0x00000000       0x27 ../HelloWorldnew_bsp/\libhal_bsp.a(alt_exit.o)

.debug
 *(.debug)

.line
 *(.line)

.debug_srcinfo
 *(.debug_srcinfo)

.debug_sfnames
 *(.debug_sfnames)

.debug_aranges  0x00000000      0xed8
 *(.debug_aranges)
 .debug_aranges
                0x00000000       0x20 ../HelloWorldnew_bsp//obj/HAL/src/crt0.o
 .debug_aranges
                0x00000020       0x20 obj/default/hello_world.o
 .debug_aranges
                0x00000040       0x20 obj/default/pwm.o
 .debug_aranges
                0x00000060       0x20 obj/default/utilities.o
 .debug_aranges
                0x00000080       0x20 c:/altera/12.0sp2/nios2eds/bin/gnu/h-i686-mingw32/bin/../lib/gcc/nios2-elf/4.1.2/../../../../nios2-elf/lib\libm.a(lib_a-s_round.o)
 .debug_aranges
                0x000000a0       0x20 c:/altera/12.0sp2/nios2eds/bin/gnu/h-i686-mingw32/bin/../lib/gcc/nios2-elf/4.1.2\libgcc.a(_div_sf.o)
 .debug_aranges
                0x000000c0       0x20 c:/altera/12.0sp2/nios2eds/bin/gnu/h-i686-mingw32/bin/../lib/gcc/nios2-elf/4.1.2\libgcc.a(_si_to_sf.o)
 .debug_aranges
                0x000000e0       0x20 c:/altera/12.0sp2/nios2eds/bin/gnu/h-i686-mingw32/bin/../lib/gcc/nios2-elf/4.1.2\libgcc.a(_sf_to_df.o)
 .debug_aranges