Archive member included because of file (symbol)

c:/altera/12.0sp2/nios2eds/bin/gnu/h-i686-mingw32/bin/../lib/gcc/nios2-elf/4.1.2\libgcc.a(_div_sf.o)
                              obj/default/utilities.o (__divsf3)
c:/altera/12.0sp2/nios2eds/bin/gnu/h-i686-mingw32/bin/../lib/gcc/nios2-elf/4.1.2\libgcc.a(_si_to_sf.o)
                              obj/default/utilities.o (__floatsisf)
c:/altera/12.0sp2/nios2eds/bin/gnu/h-i686-mingw32/bin/../lib/gcc/nios2-elf/4.1.2\libgcc.a(_sf_to_si.o)
                              obj/default/utilities.o (__fixsfsi)
c:/altera/12.0sp2/nios2eds/bin/gnu/h-i686-mingw32/bin/../lib/gcc/nios2-elf/4.1.2\libgcc.a(_thenan_sf.o)
                              c:/altera/12.0sp2/nios2eds/bin/gnu/h-i686-mingw32/bin/../lib/gcc/nios2-elf/4.1.2\libgcc.a(_div_sf.o) (__thenan_sf)
c:/altera/12.0sp2/nios2eds/bin/gnu/h-i686-mingw32/bin/../lib/gcc/nios2-elf/4.1.2\libgcc.a(_clzsi2.o)
                              c:/altera/12.0sp2/nios2eds/bin/gnu/h-i686-mingw32/bin/../lib/gcc/nios2-elf/4.1.2\libgcc.a(_si_to_sf.o) (__clzsi2)
c:/altera/12.0sp2/nios2eds/bin/gnu/h-i686-mingw32/bin/../lib/gcc/nios2-elf/4.1.2\libgcc.a(_pack_sf.o)
                              c:/altera/12.0sp2/nios2eds/bin/gnu/h-i686-mingw32/bin/../lib/gcc/nios2-elf/4.1.2\libgcc.a(_div_sf.o) (__pack_f)
c:/altera/12.0sp2/nios2eds/bin/gnu/h-i686-mingw32/bin/../lib/gcc/nios2-elf/4.1.2\libgcc.a(_unpack_sf.o)
                              c:/altera/12.0sp2/nios2eds/bin/gnu/h-i686-mingw32/bin/../lib/gcc/nios2-elf/4.1.2\libgcc.a(_div_sf.o) (__unpack_f)
c:/altera/12.0sp2/nios2eds/bin/gnu/h-i686-mingw32/bin/../lib/gcc/nios2-elf/4.1.2\libgcc.a(_clz.o)
                              c:/altera/12.0sp2/nios2eds/bin/gnu/h-i686-mingw32/bin/../lib/gcc/nios2-elf/4.1.2\libgcc.a(_clzsi2.o) (__clz_tab)
c:/altera/12.0sp2/nios2eds/bin/gnu/h-i686-mingw32/bin/../lib/gcc/nios2-elf/4.1.2/../../../../nios2-elf/lib\libc.a(lib_a-printf.o)
                              obj/default/hello_world.o (printf)
c:/altera/12.0sp2/nios2eds/bin/gnu/h-i686-mingw32/bin/../lib/gcc/nios2-elf/4.1.2/../../../../nios2-elf/lib\libc.a(lib_a-puts.o)
                              obj/default/hello_world.o (puts)
c:/altera/12.0sp2/nios2eds/bin/gnu/h-i686-mingw32/bin/../lib/gcc/nios2-elf/4.1.2/../../../../nios2-elf/lib\libc.a(lib_a-strlen.o)
                              c:/altera/12.0sp2/nios2eds/bin/gnu/h-i686-mingw32/bin/../lib/gcc/nios2-elf/4.1.2/../../../../nios2-elf/lib\libc.a(lib_a-puts.o) (strlen)
c:/altera/12.0sp2/nios2eds/bin/gnu/h-i686-mingw32/bin/../lib/gcc/nios2-elf/4.1.2/../../../../nios2-elf/lib\libc.a(lib_a-vfprintf.o)
                              c:/altera/12.0sp2/nios2eds/bin/gnu/h-i686-mingw32/bin/../lib/gcc/nios2-elf/4.1.2/../../../../nios2-elf/lib\libc.a(lib_a-printf.o) (___vfprintf_internal_r)
c:/altera/12.0sp2/nios2eds/bin/gnu/h-i686-mingw32/bin/../lib/gcc/nios2-elf/4.1.2/../../../../nios2-elf/lib\libc.a(lib_a-wsetup.o)
                              c:/altera/12.0sp2/nios2eds/bin/gnu/h-i686-mingw32/bin/../lib/gcc/nios2-elf/4.1.2/../../../../nios2-elf/lib\libc.a(lib_a-vfprintf.o) (__swsetup_r)
c:/altera/12.0sp2/nios2eds/bin/gnu/h-i686-mingw32/bin/../lib/gcc/nios2-elf/4.1.2/../../../../nios2-elf/lib\libc.a(lib_a-dtoa.o)
                              c:/altera/12.0sp2/nios2eds/bin/gnu/h-i686-mingw32/bin/../lib/gcc/nios2-elf/4.1.2/../../../../nios2-elf/lib\libc.a(lib_a-vfprintf.o) (_dtoa_r)
c:/altera/12.0sp2/nios2eds/bin/gnu/h-i686-mingw32/bin/../lib/gcc/nios2-elf/4.1.2/../../../../nios2-elf/lib\libc.a(lib_a-fflush.o)
                              c:/altera/12.0sp2/nios2eds/bin/gnu/h-i686-mingw32/bin/../lib/gcc/nios2-elf/4.1.2/../../../../nios2-elf/lib\libc.a(lib_a-vfprintf.o) (_fflush_r)
c:/altera/12.0sp2/nios2eds/bin/gnu/h-i686-mingw32/bin/../lib/gcc/nios2-elf/4.1.2/../../../../nios2-elf/lib\libc.a(lib_a-findfp.o)
                              c:/altera/12.0sp2/nios2eds/bin/gnu/h-i686-mingw32/bin/../lib/gcc/nios2-elf/4.1.2/../../../../nios2-elf/lib\libc.a(lib_a-vfprintf.o) (__sinit)
c:/altera/12.0sp2/nios2eds/bin/gnu/h-i686-mingw32/bin/../lib/gcc/nios2-elf/4.1.2/../../../../nios2-elf/lib\libc.a(lib_a-freer.o)
                              c:/altera/12.0sp2/nios2eds/bin/gnu/h-i686-mingw32/bin/../lib/gcc/nios2-elf/4.1.2/../../../../nios2-elf/lib\libc.a(lib_a-wsetup.o) (_free_r)
c:/altera/12.0sp2/nios2eds/bin/gnu/h-i686-mingw32/bin/../lib/gcc/nios2-elf/4.1.2/../../../../nios2-elf/lib\libc.a(lib_a-fvwrite.o)
                              c:/altera/12.0sp2/nios2eds/bin/gnu/h-i686-mingw32/bin/../lib/gcc/nios2-elf/4.1.2/../../../../nios2-elf/lib\libc.a(lib_a-puts.o) (__sfvwrite_r)
c:/altera/12.0sp2/nios2eds/bin/gnu/h-i686-mingw32/bin/../lib/gcc/nios2-elf/4.1.2/../../../../nios2-elf/lib\libc.a(lib_a-fwalk.o)
                              c:/altera/12.0sp2/nios2eds/bin/gnu/h-i686-mingw32/bin/../lib/gcc/nios2-elf/4.1.2/../../../../nios2-elf/lib\libc.a(lib_a-fflush.o) (_fwalk_reent)
[...]
Memory Configuration

Name             Origin             Length             Attributes
sdram            0x01800000         0x00800000
reset            0x02400000         0x00000020
cfi_flash        0x02400020         0x003fffe0
onchip_mem_BEFORE_EXCEPTION 0x02808000         0x00000020
onchip_mem       0x02808020         0x000077e0
*default*        0x00000000         0xffffffff

Linker script and memory map

LOAD ../HelloWorldnew_bsp//obj/HAL/src/crt0.o
LOAD obj/default/hello_world.o
LOAD obj/default/pwm.o
LOAD obj/default/utilities.o
LOAD c:/altera/12.0sp2/nios2eds/bin/gnu/h-i686-mingw32/bin/../lib/gcc/nios2-elf/4.1.2/../../../../nios2-elf/lib\libstdc++.a
LOAD c:/altera/12.0sp2/nios2eds/bin/gnu/h-i686-mingw32/bin/../lib/gcc/nios2-elf/4.1.2/../../../../nios2-elf/lib\libm.a
LOAD c:/altera/12.0sp2/nios2eds/bin/gnu/h-i686-mingw32/bin/../lib/gcc/nios2-elf/4.1.2\libgcc.a
START GROUP
LOAD c:/altera/12.0sp2/nios2eds/bin/gnu/h-i686-mingw32/bin/../lib/gcc/nios2-elf/4.1.2/../../../../nios2-elf/lib\libc.a
LOAD c:/altera/12.0sp2/nios2eds/bin/gnu/h-i686-mingw32/bin/../lib/gcc/nios2-elf/4.1.2\libgcc.a
LOAD ../HelloWorldnew_bsp/\libhal_bsp.a
END GROUP
LOAD c:/altera/12.0sp2/nios2eds/bin/gnu/h-i686-mingw32/bin/../lib/gcc/nios2-elf/4.1.2\libgcc.a
                0x01800000                __alt_mem_sdram = 0x1800000
                0x02400000                __alt_mem_cfi_flash = 0x2400000
                0x02808000                __alt_mem_onchip_mem = 0x2808000

.entry          0x02400000        0x0
 *(.entry)
 .entry         0x02400000        0x0 ../HelloWorldnew_bsp//obj/HAL/src/crt0.o
                0x02400000                __reset

.exceptions     0x02808020      0x20c
                0x02808020                PROVIDE (__ram_exceptions_start, ABSOLUTE (.))
                0x02808020                . = ALIGN (0x20)
 *(.irq)
 *(.exceptions.entry.label)
 .exceptions.entry.label
                0x02808020        0x0 ../HelloWorldnew_bsp/\libhal_bsp.a(alt_irq_entry.o)
                0x02808020                alt_irq_entry
 .exceptions.entry.label
                0x02808020        0x0 ../HelloWorldnew_bsp/\libhal_bsp.a(alt_exception_entry.o)
                0x02808020                alt_exception
 *(.exceptions.entry.user)
 *(.exceptions.entry)
 .exceptions.entry
                0x02808020       0x54 ../HelloWorldnew_bsp/\libhal_bsp.a(alt_exception_entry.o)
 *(.exceptions.irqtest.user)
 *(.exceptions.irqtest)
 .exceptions.irqtest
                0x02808074       0x10 ../HelloWorldnew_bsp/\libhal_bsp.a(alt_irq_entry.o)
 *(.exceptions.irqhandler.user)
 *(.exceptions.irqhandler)
 .exceptions.irqhandler
                0x02808084        0x4 ../HelloWorldnew_bsp/\libhal_bsp.a(alt_irq_entry.o)
 *(.exceptions.irqreturn.user)
 *(.exceptions.irqreturn)
 .exceptions.irqreturn
                0x02808088        0x4 ../HelloWorldnew_bsp/\libhal_bsp.a(alt_irq_entry.o)
 *(.exceptions.notirq.label)
 .exceptions.notirq.label
                0x0280808c        0x0 ../HelloWorldnew_bsp/\libhal_bsp.a(alt_irq_entry.o)
 *(.exceptions.notirq.user)
 *(.exceptions.notirq)
 .exceptions.notirq
                0x0280808c        0x8 ../HelloWorldnew_bsp/\libhal_bsp.a(alt_exception_entry.o)
 *(.exceptions.soft.user)
 *(.exceptions.soft)
 *(.exceptions.unknown.user)
 *(.exceptions.unknown)
 .exceptions.unknown
                0x02808094       0x14 ../HelloWorldnew_bsp/\libhal_bsp.a(alt_exception_entry.o)
 *(.exceptions.exit.label)
 .exceptions.exit.label
                0x028080a8        0x0 ../HelloWorldnew_bsp/\libhal_bsp.a(alt_irq_entry.o)
 .exceptions.exit.label
                0x028080a8        0x0 ../HelloWorldnew_bsp/\libhal_bsp.a(alt_exception_entry.o)
 *(.exceptions.exit.user)
 *(.exceptions.exit)
 .exceptions.exit
                0x028080a8       0x54 ../HelloWorldnew_bsp/\libhal_bsp.a(alt_exception_entry.o)
 *(.exceptions)
 .exceptions    0x028080fc       0xc8 ../HelloWorldnew_bsp/\libhal_bsp.a(alt_irq_handler.o)
                0x028080fc                alt_irq_handler
 .exceptions    0x028081c4       0x68 ../HelloWorldnew_bsp/\libhal_bsp.a(alt_instruction_exception_entry.o)
                0x028081c4                alt_instruction_exception_entry
                0x0280822c                PROVIDE (__ram_exceptions_end, ABSOLUTE (.))
                0x02808020                PROVIDE (__flash_exceptions_start, LOADADDR (.exceptions))

.text           0x01800000    0x10de8
                0x01800000                PROVIDE (stext, ABSOLUTE (.))
 *(.interp)
 *(.hash)
 *(.dynsym)
 *(.dynstr)
 *(.gnu.version)
 *(.gnu.version_d)
 *(.gnu.version_r)
 *(.rel.init)
 *(.rela.init)
 *(.rel.text .rel.text.* .rel.gnu.linkonce.t.*)
 *(.rela.text .rela.text.* .rela.gnu.linkonce.t.*)
 *(.rel.fini)
 *(.rela.fini)
 *(.rel.rodata .rel.rodata.* .rel.gnu.linkonce.r.*)
 *(.rela.rodata .rela.rodata.* .rela.gnu.linkonce.r.*)
 *(.rel.data .rel.data.* .rel.gnu.linkonce.d.*)
 *(.rela.data .rela.data.* .rela.gnu.linkonce.d.*)
 *(.rel.tdata .rel.tdata.* .rel.gnu.linkonce.td.*)
 *(.rela.tdata .rela.tdata.* .rela.gnu.linkonce.td.*)
 *(.rel.tbss .rel.tbss.* .rel.gnu.linkonce.tb.*)
 *(.rela.tbss .rela.tbss.* .rela.gnu.linkonce.tb.*)
 *(.rel.ctors)
 *(.rela.ctors)
 *(.rel.dtors)
 *(.rela.dtors)
 *(.rel.got)
 *(.rela.got)
 *(.rel.sdata .rel.sdata.* .rel.gnu.linkonce.s.*)
 *(.rela.sdata .rela.sdata.* .rela.gnu.linkonce.s.*)
 *(.rel.sbss .rel.sbss.* .rel.gnu.linkonce.sb.*)
 *(.rela.sbss .rela.sbss.* .rela.gnu.linkonce.sb.*)
 *(.rel.sdata2 .rel.sdata2.* .rel.gnu.linkonce.s2.*)
 *(.rela.sdata2 .rela.sdata2.* .rela.gnu.linkonce.s2.*)
 *(.rel.sbss2 .rel.sbss2.* .rel.gnu.linkonce.sb2.*)
 *(.rela.sbss2 .rela.sbss2.* .rela.gnu.linkonce.sb2.*)
 *(.rel.bss .rel.bss.* .rel.gnu.linkonce.b.*)
 *(.rela.bss .rela.bss.* .rela.gnu.linkonce.b.*)
 *(.rel.plt)
 *(.rela.plt)
 *(.rel.dyn)
 *(.init)
 *(.plt)
 *(.text .stub .text.* .gnu.linkonce.t.*)
 .text          0x01800000       0x48 ../HelloWorldnew_bsp//obj/HAL/src/crt0.o
                0x01800000                _start
 .text          0x01800048       0xac obj/default/hello_world.o
                0x01800048                main
 .text          0x018000f4      0x430 obj/default/pwm.o
                0x018000f4                Initilise_PWM
                0x018002dc                Set_PWM_Duty_Cycle
                0x018003d4                Set_Servo_Position
 .text          0x01800524      0x124 obj/default/utilities.o
                0x01800524                map
                0x01800584                smoothstep
 .text          0x01800648      0x174 c:/altera/12.0sp2/nios2eds/bin/gnu/h-i686-mingw32/bin/../lib/gcc/nios2-elf/4.1.2\libgcc.a(_div_sf.o)
                0x01800648                __divsf3
 .text          0x018007bc       0x98 c:/altera/12.0sp2/nios2eds/bin/gnu/h-i686-mingw32/bin/../lib/gcc/nios2-elf/4.1.2\libgcc.a(_si_to_sf.o)
                0x018007bc                __floatsisf
 .text          0x01800854       0x94 c:/altera/12.0sp2/nios2eds/bin/gnu/h-i686-mingw32/bin/../lib/gcc/nios2-elf/4.1.2\libgcc.a(_sf_to_si.o)
                0x01800854                __fixsfsi
 .text          0x018008e8        0x0 c:/altera/12.0sp2/nios2eds/bin/gnu/h-i686-mingw32/bin/../lib/gcc/nios2-elf/4.1.2\libgcc.a(_thenan_sf.o)
 .text          0x018008e8       0x80 c:/altera/12.0sp2/nios2eds/bin/gnu/h-i686-mingw32/bin/../lib/gcc/nios2-elf/4.1.2\libgcc.a(_clzsi2.o)
                0x018008e8                __clzsi2
 .text          0x01800968      0x160 c:/altera/12.0sp2/nios2eds/bin/gnu/h-i686-mingw32/bin/../lib/gcc/nios2-elf/4.1.2\libgcc.a(_pack_sf.o)
                0x01800968                __pack_f
 .text          0x01800ac8       0xc8 c:/altera/12.0sp2/nios2eds/bin/gnu/h-i686-mingw32/bin/../lib/gcc/nios2-elf/4.1.2\libgcc.a(_unpack_sf.o)
                0x01800ac8                __unpack_f
 .text          0x01800b90        0x0 c:/altera/12.0sp2/nios2eds/bin/gnu/h-i686-mingw32/bin/../lib/gcc/nios2-elf/4.1.2\libgcc.a(_clz.o)
 .text          0x01800b90       0x78 c:/altera/12.0sp2/nios2eds/bin/gnu/h-i686-mingw32/bin/../lib/gcc/nios2-elf/4.1.2/../../../../nios2-elf/lib\libc.a(lib_a-printf.o)
                0x01800b90                printf
                0x01800bd4                _printf_r
 .text          0x01800c08       0xb4 c:/altera/12.0sp2/nios2eds/bin/gnu/h-i686-mingw32/bin/../lib/gcc/nios2-elf/4.1.2/../../../../nios2-elf/lib\libc.a(lib_a-puts.o)
                0x01800c08                _puts_r
                0x01800ca8                puts
 .text          0x01800cbc       0x74 c:/altera/12.0sp2/nios2eds/bin/gnu/h-i686-mingw32/bin/../lib/gcc/nios2-elf/4.1.2/../../../../nios2-elf/lib\libc.a(lib_a-strlen.o)
                0x01800cbc                strlen
 .text          0x01800d30     0x1f28 c:/altera/12.0sp2/nios2eds/bin/gnu/h-i686-mingw32/bin/../lib/gcc/nios2-elf/4.1.2/../../../../nios2-elf/lib\libc.a(lib_a-vfprintf.o)
                0x01800d88                ___vfprintf_internal_r
                0x01802c34                __vfprintf_internal
 .text          0x01802c58      0x13c c:/altera/12.0sp2/nios2eds/bin/gnu/h-i686-mingw32/bin/../lib/gcc/nios2-elf/4.1.2/../../../../nios2-elf/lib\libc.a(lib_a-wsetup.o)
                0x01802c58                __swsetup_r
 .text          0x01802d94     0x17cc c:/altera/12.0sp2/nios2eds/bin/gnu/h-i686-mingw32/bin/../lib/gcc/nios2-elf/4.1.2/../../../../nios2-elf/lib\libc.a(lib_a-dtoa.o)
                0x01802fac                _dtoa_r
 .text          0x01804560      0x230 c:/altera/12.0sp2/nios2eds/bin/gnu/h-i686-mingw32/bin/../lib/gcc/nios2-elf/4.1.2/../../../../nios2-elf/lib\libc.a(lib_a-fflush.o)
                0x01804560                _fflush_r
                0x0180475c                fflush
 .text          0x01804790      0x2c0 c:/altera/12.0sp2/nios2eds/bin/gnu/h-i686-mingw32/bin/../lib/gcc/nios2-elf/4.1.2/../../../../nios2-elf/lib\libc.a(lib_a-findfp.o)
                0x018047e8                __sfp_lock_acquire
                0x018047ec                __sfp_lock_release
                0x018047f0                __sinit_lock_acquire
                0x018047f4                __sinit_lock_release
                0x018047f8                __sinit
                0x018048ac                __fp_unlock_all
                0x018048c4                __fp_lock_all
                0x018048dc                _cleanup_r
                0x018048e8                _cleanup
                0x018048f8                __sfmoreglue
                0x01804960                __sfp
 .text          0x01804a50      0x440 c:/altera/12.0sp2/nios2eds/bin/gnu/h-i686-mingw32/bin/../lib/gcc/nios2-elf/4.1.2/../../../../nios2-elf/lib\libc.a(lib_a-freer.o)
                0x01804a50                _malloc_trim_r
                0x01804b7c                _free_r
 .text          0x01804e90      0x49c c:/altera/12.0sp2/nios2eds/bin/gnu/h-i686-mingw32/bin/../lib/gcc/nios2-elf/4.1.2/../../../../nios2-elf/lib\libc.a(lib_a-fvwrite.o)
                0x01804e90                __sfvwrite_r
 .text          0x0180532c      0x180 c:/altera/12.0sp2/nios2eds/bin/gnu/h-i686-mingw32/bin/../lib/gcc/nios2-elf/4.1.2/../../../../nios2-elf/lib\libc.a(lib_a-fwalk.o)
                0x0180532c                _fwalk_reent
                0x018053f4                _fwalk
 .text          0x018054ac        0x0 c:/altera/12.0sp2/nios2eds/bin/gnu/h-i686-mingw32/bin/../lib/gcc/nios2-elf/4.1.2/../../../../nios2-elf/lib\libc.a(lib_a-impure.o)
 .text          0x018054ac       0xc4 c:/altera/12.0sp2/nios2eds/bin/gnu/h-i686-mingw32/bin/../lib/gcc/nios2-elf/4.1.2/../../../../nios2-elf/lib\libc.a(lib_a-locale.o)
                0x018054ac                __locale_charset
                0x018054b4                _localeconv_r
                0x018054c0                localeconv
                0x018054d0                _setlocale_r
                0x01805554                setlocale
 .text          0x01805570      0x194 c:/altera/12.0sp2/nios2eds/bin/gnu/h-i686-mingw32/bin/../lib/gcc/nios2-elf/4.1.2/../../../../nios2-elf/lib\libc.a(lib_a-makebuf.o)
                0x01805570                __smakebuf_r
 .text          0x01805704      0x740 c:/altera/12.0sp2/nios2eds/bin/gnu/h-i686-mingw32/bin/../lib/gcc/nios2-elf/4.1.2/../../../../nios2-elf/lib\libc.a(lib_a-mallocr.o)
                0x01805704                _malloc_r
 .text          0x01805e44       0xe4 c:/altera/12.0sp2/nios2eds/bin/gnu/h-i686-mingw32/bin/../lib/gcc/nios2-elf/4.1.2/../../../../nios2-elf/lib\libc.a(lib_a-memchr.o)
                0x01805e44                memchr
 .text          0x01805f28       0xa0 c:/altera/12.0sp2/nios2eds/bin/gnu/h-i686-mingw32/bin/../lib/gcc/nios2-elf/4.1.2/../../../../nios2-elf/lib\libc.a(lib_a-memcpy.o)
                0x01805f28                memcpy
 .text          0x01805fc8       0xe0 c:/altera/12.0sp2/nios2eds/bin/gnu/h-i686-mingw32/bin/../lib/gcc/nios2-elf/4.1.2/../../../../nios2-elf/lib\libc.a(lib_a-memmove.o)
                0x01805fc8                memmove
 .text          0x018060a8       0x98 c:/altera/12.0sp2/nios2eds/bin/gnu/h-i686-mingw32/bin/../lib/gcc/nios2-elf/4.1.2/../../../../nios2-elf/lib\libc.a(lib_a-memset.o)
                0x018060a8                memset
 .text          0x01806140      0xff4 c:/altera/12.0sp2/nios2eds/bin/gnu/h-i686-mingw32/bin/../lib/gcc/nios2-elf/4.1.2/../../../../nios2-elf/lib\libc.a(lib_a-mprec.o)
                0x01806140                _Bfree
                0x01806168                __hi0bits
                0x018061d8                __lo0bits
                0x0180629c                __mcmp
                0x018062fc                __ulp
                0x0180637c                __b2d
                0x0180649c                __ratio
                0x0180654c                _mprec_log10
                0x018065e0                __copybits
                0x01806638                __any_on
                0x018066c0                _Balloc
                0x0180677c                __d2b
                0x018068f8                __mdiff
                0x01806a84                __lshift
                0x01806bd0                __multiply
                0x01806db8                __i2b
                0x01806df4                __multadd
                0x01806ef4                __pow5mult
                0x01807014                __s2b
 .text          0x01807134      0x5f4 c:/altera/12.0sp2/nios2eds/bin/gnu/h-i686-mingw32/bin/../lib/gcc/nios2-elf/4.1.2/../../../../nios2-elf/lib\libc.a(lib_a-reallocr.o)
                0x01807134                _realloc_r
 .text          0x01807728       0x40 c:/altera/12.0sp2/nios2eds/bin/gnu/h-i686-mingw32/bin/../lib/gcc/nios2-elf/4.1.2/../../../../nios2-elf/lib\libc.a(lib_a-s_isinfd.o)
                0x01807728                __isinfd
 .text          0x01807768       0x30 c:/altera/12.0sp2/nios2eds/bin/gnu/h-i686-mingw32/bin/../lib/gcc/nios2-elf/4.1.2/../../../../nios2-elf/lib\libc.a(lib_a-s_isnand.o)
                0x01807768                __isnand
 .text          0x01807798       0x70 c:/altera/12.0sp2/nios2eds/bin/gnu/h-i686-mingw32/bin/../lib/gcc/nios2-elf/4.1.2/../../../../nios2-elf/lib\libc.a(lib_a-sbrkr.o)
                0x01807798                _sbrk_r
 .text          0x01807808      0x14c c:/altera/12.0sp2/nios2eds/bin/gnu/h-i686-mingw32/bin/../lib/gcc/nios2-elf/4.1.2/../../../../nios2-elf/lib\libc.a(lib_a-stdio.o)
                0x01807808                __sclose
                0x01807810                __sseek
                0x01807878                __swrite
                0x018078f4                __sread
 .text          0x01807954       0xbc c:/altera/12.0sp2/nios2eds/bin/gnu/h-i686-mingw32/bin/../lib/gcc/nios2-elf/4.1.2/../../../../nios2-elf/lib\libc.a(lib_a-strcmp.o)
                0x01807954                strcmp
 .text          0x01807a10       0x78 c:/altera/12.0sp2/nios2eds/bin/gnu/h-i686-mingw32/bin/../lib/gcc/nios2-elf/4.1.2/../../../../nios2-elf/lib\libc.a(lib_a-writer.o)
                0x01807a10                _write_r
 .text          0x01807a88       0xb4 c:/altera/12.0sp2/nios2eds/bin/gnu/h-i686-mingw32/bin/../lib/gcc/nios2-elf/4.1.2/../../../../nios2-elf/lib\libc.a(lib_a-callocr.o)
                0x01807a88                _calloc_r
 .text          0x01807b3c       0x70 c:/altera/12.0sp2/nios2eds/bin/gnu/h-i686-mingw32/bin/../lib/gcc/nios2-elf/4.1.2/../../../../nios2-elf/lib\libc.a(lib_a-closer.o)
                0x01807b3c                _close_r
 .text          0x01807bac      0x124 c:/altera/12.0sp2/nios2eds/bin/gnu/h-i686-mingw32/bin/../lib/gcc/nios2-elf/4.1.2/../../../../nios2-elf/lib\libc.a(lib_a-fclose.o)
                0x01807bac                _fclose_r
                0x01807cbc                fclose
 .text          0x01807cd0       0x74 c:/altera/12.0sp2/nios2eds/bin/gnu/h-i686-mingw32/bin/../lib/gcc/nios2-elf/4.1.2/../../../../nios2-elf/lib\libc.a(lib_a-fstatr.o)
                0x01807cd0                _fstat_r
 .text          0x01807d44        0x0 c:/altera/12.0sp2/nios2eds/bin/gnu/h-i686-mingw32/bin/../lib/gcc/nios2-elf/4.1.2/../../../../nios2-elf/lib\libc.a(lib_a-int_errno.o)
 .text          0x01807d44       0x70 c:/altera/12.0sp2/nios2eds/bin/gnu/h-i686-mingw32/bin/../lib/gcc/nios2-elf/4.1.2/../../../../nios2-elf/lib\libc.a(lib_a-isattyr.o)
                0x01807d44                _isatty_r
 .text          0x01807db4       0x78 c:/altera/12.0sp2/nios2eds/bin/gnu/h-i686-mingw32/bin/../lib/gcc/nios2-elf/4.1.2/../../../../nios2-elf/lib\libc.a(lib_a-lseekr.o)
                0x01807db4                _lseek_r
 .text          0x01807e2c       0x78 c:/altera/12.0sp2/nios2eds/bin/gnu/h-i686-mingw32/bin/../lib/gcc/nios2-elf/4.1.2/../../../../nios2-elf/lib\libc.a(lib_a-readr.o)
                0x01807e2c                _read_r
 .text          0x01807ea4      0x5dc c:/altera/12.0sp2/nios2eds/bin/gnu/h-i686-mingw32/bin/../lib/gcc/nios2-elf/4.1.2\libgcc.a(_udivdi3.o)
                0x01807ea4                __udivdi3
 .text          0x01808480      0x5b0 c:/altera/12.0sp2/nios2eds/bin/gnu/h-i686-mingw32/bin/../lib/gcc/nios2-elf/4.1.2\libgcc.a(_umoddi3.o)
                0x01808480                __umoddi3
 .text          0x01808a30      0x504 c:/altera/12.0sp2/nios2eds/bin/gnu/h-i686-mingw32/bin/../lib/gcc/nios2-elf/4.1.2\libgcc.a(_addsub_df.o)
                0x01808e40                __subdf3
                0x01808ec0                __adddf3
 .text          0x01808f34      0x3c4 c:/altera/12.0sp2/nios2eds/bin/gnu/h-i686-mingw32/bin/../lib/gcc/nios2-elf/4.1.2\libgcc.a(_mul_df.o)
                0x01808f34                __muldf3
 .text          0x018092f8      0x258 c:/altera/12.0sp2/nios2eds/bin/gnu/h-i686-mingw32/bin/../lib/gcc/nios2-elf/4.1.2\libgcc.a(_div_df.o)
                0x018092f8                __divdf3
 .text          0x01809550       0x88 c:/altera/12.0sp2/nios2eds/bin/gnu/h-i686-mingw32/bin/../lib/gcc/nios2-elf/4.1.2\libgcc.a(_eq_df.o)
                0x01809550                __eqdf2
 .text          0x018095d8       0x88 c:/altera/12.0sp2/nios2eds/bin/gnu/h-i686-mingw32/bin/../lib/gcc/nios2-elf/4.1.2\libgcc.a(_ne_df.o)
                0x018095d8                __nedf2
 .text          0x01809660       0x88 c:/altera/12.0sp2/nios2eds/bin/gnu/h-i686-mingw32/bin/../lib/gcc/nios2-elf/4.1.2\libgcc.a(_gt_df.o)
                0x01809660                __gtdf2
 .text          0x018096e8       0x88 c:/altera/12.0sp2/nios2eds/bin/gnu/h-i686-mingw32/bin/../lib/gcc/nios2-elf/4.1.2\libgcc.a(_ge_df.o)
                0x018096e8                __gedf2
 .text          0x01809770       0x88 c:/altera/12.0sp2/nios2eds/bin/gnu/h-i686-mingw32/bin/../lib/gcc/nios2-elf/4.1.2\libgcc.a(_lt_df.o)
                0x01809770                __ltdf2
 .text          0x018097f8       0xf8 c:/altera/12.0sp2/nios2eds/bin/gnu/h-i686-mingw32/bin/../lib/gcc/nios2-elf/4.1.2\libgcc.a(_si_to_df.o)
                0x018097f8                __floatsidf
 .text          0x018098f0       0xd8 c:/altera/12.0sp2/nios2eds/bin/gnu/h-i686-mingw32/bin/../lib/gcc/nios2-elf/4.1.2\libgcc.a(_df_to_si.o)
                0x018098f0                __fixdfsi
 .text          0x018099c8        0x0 c:/altera/12.0sp2/nios2eds/bin/gnu/h-i686-mingw32/bin/../lib/gcc/nios2-elf/4.1.2\libgcc.a(_thenan_df.o)
 .text          0x018099c8      0x194 c:/altera/12.0sp2/nios2eds/bin/gnu/h-i686-mingw32/bin/../lib/gcc/nios2-elf/4.1.2\libgcc.a(_usi_to_df.o)
                0x018099c8                __floatunsidf
 .text          0x01809b5c      0x14c c:/altera/12.0sp2/nios2eds/bin/gnu/h-i686-mingw32/bin/../lib/gcc/nios2-elf/4.1.2\libgcc.a(lib2-divmod.o)
                0x01809bd8                __divsi3
                0x01809c38                __modsi3
                0x01809c98                __udivsi3
                0x01809ca0                __umodsi3
 .text          0x01809ca8       0x98 c:/altera/12.0sp2/nios2eds/bin/gnu/h-i686-mingw32/bin/../lib/gcc/nios2-elf/4.1.2\libgcc.a(_muldi3.o)
                0x01809ca8                __muldi3
 .text          0x01809d40      0x314 c:/altera/12.0sp2/nios2eds/bin/gnu/h-i686-mingw32/bin/../lib/gcc/nios2-elf/4.1.2\libgcc.a(_pack_df.o)
                0x01809d40                __pack_d
 .text          0x0180a054      0x138 c:/altera/12.0sp2/nios2eds/bin/gnu/h-i686-mingw32/bin/../lib/gcc/nios2-elf/4.1.2\libgcc.a(_unpack_df.o)
                0x0180a054                __unpack_d
 .text          0x0180a18c       0xc8 c:/altera/12.0sp2/nios2eds/bin/gnu/h-i686-mingw32/bin/../lib/gcc/nios2-elf/4.1.2\libgcc.a(_fpcmp_parts_df.o)
                0x0180a18c                __fpcmp_parts_d
 .text          0x0180a254      0x15c ../HelloWorldnew_bsp/\libhal_bsp.a(alt_close.o)
                0x0180a254                close
 .text          0x0180a3b0       0x2c ../HelloWorldnew_bsp/\libhal_bsp.a(alt_dev.o)
 .text          0x0180a3dc        0x0 ../HelloWorldnew_bsp/\libhal_bsp.a(alt_errno.o)
 .text          0x0180a3dc      0x134 ../HelloWorldnew_bsp/\libhal_bsp.a(alt_fstat.o)
                0x0180a3dc                fstat
 .text          0x0180a510      0x120 ../HelloWorldnew_bsp/\libhal_bsp.a(alt_isatty.o)
                0x0180a510                isatty
 .text          0x0180a630      0x150 ../HelloWorldnew_bsp/\libhal_bsp.a(alt_lseek.o)
                0x0180a630                lseek
 .text          0x0180a780       0x6c ../HelloWorldnew_bsp/\libhal_bsp.a(alt_main.o)
                0x0180a780                alt_main
 .text          0x0180a7ec       0x40 ../HelloWorldnew_bsp/\libhal_bsp.a(alt_malloc_lock.o)
                0x0180a7ec                __malloc_lock
                0x0180a80c                __malloc_unlock
 .text          0x0180a82c      0x180 ../HelloWorldnew_bsp/\libhal_bsp.a(alt_read.o)
                0x0180a82c                read
 .text          0x0180a9ac       0x60 ../HelloWorldnew_bsp/\libhal_bsp.a(alt_release_fd.o)
                0x0180a9ac                alt_release_fd
 .text          0x0180aa0c       0xbc ../HelloWorldnew_bsp/\libhal_bsp.a(alt_sbrk.o)
                0x0180aa0c                sbrk
 .text          0x0180aac8       0x30 ../HelloWorldnew_bsp/\libhal_bsp.a(alt_usleep.o)
                0x0180aac8                usleep
 .text          0x0180aaf8      0x180 ../HelloWorldnew_bsp/\libhal_bsp.a(alt_write.o)
                0x0180aaf8                write
 .text          0x0180ac78      0x108 ../HelloWorldnew_bsp/\libhal_bsp.a(alt_sys_init.o)
                0x0180ac78                alt_irq_init
                0x0180acac                alt_sys_init
 .text          0x0180ad80      0x8d8 ../HelloWorldnew_bsp/\libhal_bsp.a(altera_avalon_cfi_flash.o)
                0x0180ad80                alt_flash_cfi_init
                0x0180ae54                alt_flash_cfi_write
                0x0180b114                alt_flash_cfi_get_info
                0x0180b1a4                alt_flash_cfi_read
                0x0180b20c                alt_write_value_to_flash
                0x0180b370                alt_flash_program_block
 .text          0x0180b658     0x1448 ../HelloWorldnew_bsp/\libhal_bsp.a(altera_avalon_cfi_flash_table.o)
                0x0180b658                alt_read_query_entry_8bit
                0x0180b698                alt_read_query_entry_16bit
                0x0180b6dc                alt_read_query_entry_32bit
                0x0180b724                alt_write_flash_command_8bit_device_8bit_mode
                0x0180b760                alt_write_flash_command_16bit_device_8bit_mode
                0x0180b7dc                alt_write_flash_command_32bit_device_8bit_mode
                0x0180b824                alt_write_flash_command_16bit_device_16bit_mode
                0x0180b868                alt_write_flash_command_32bit_device_16bit_mode
                0x0180b8b0                alt_write_flash_command_32bit_device_32bit_mode
                0x0180b8f8                alt_write_native_8bit
                0x0180b92c                alt_write_native_16bit
                0x0180b960                alt_write_native_32bit
                0x0180b990                alt_set_flash_width_func
                0x0180bb70                alt_set_flash_algorithm_func
                0x0180bc98                alt_read_cfi_table
                0x0180c218                alt_read_cfi_width
                0x0180c9c4                alt_check_primary_table
 .text          0x0180caa0      0x148 ../HelloWorldnew_bsp/\libhal_bsp.a(altera_avalon_jtag_uart_fd.o)
                0x0180caa0                altera_avalon_jtag_uart_read_fd
                0x0180caf8                altera_avalon_jtag_uart_write_fd
                0x0180cb50                altera_avalon_jtag_uart_close_fd
                0x0180cb98                altera_avalon_jtag_uart_ioctl_fd
 .text          0x0180cbe8      0x40c ../HelloWorldnew_bsp/\libhal_bsp.a(altera_avalon_jtag_uart_init.o)
                0x0180cbe8                altera_avalon_jtag_uart_init
                0x0180cf80                altera_avalon_jtag_uart_close
 .text          0x0180cff4       0xf4 ../HelloWorldnew_bsp/\libhal_bsp.a(altera_avalon_jtag_uart_ioctl.o)
                0x0180cff4                altera_avalon_jtag_uart_ioctl
 .text          0x0180d0e8      0x224 ../HelloWorldnew_bsp/\libhal_bsp.a(altera_avalon_jtag_uart_read.o)
                0x0180d0e8                altera_avalon_jtag_uart_read
 .text          0x0180d30c      0x240 ../HelloWorldnew_bsp/\libhal_bsp.a(altera_avalon_jtag_uart_write.o)
                0x0180d30c                altera_avalon_jtag_uart_write
 .text          0x0180d54c      0xee0 ../HelloWorldnew_bsp/\libhal_bsp.a(altera_avalon_lcd_16207.o)
                0x0180dd20                altera_avalon_lcd_16207_write
                0x0180e2f0                altera_avalon_lcd_16207_init
 .text          0x0180e42c       0x58 ../HelloWorldnew_bsp/\libhal_bsp.a(altera_avalon_lcd_16207_fd.o)
                0x0180e42c                altera_avalon_lcd_16207_write_fd
 .text          0x0180e484      0x100 ../HelloWorldnew_bsp/\libhal_bsp.a(altera_avalon_timer_sc.o)
                0x0180e4f4                alt_avalon_timer_sc_init
 .text          0x0180e584       0xf8 ../HelloWorldnew_bsp/\libhal_bsp.a(altera_avalon_uart_fd.o)
                0x0180e584                altera_avalon_uart_read_fd
                0x0180e5dc                altera_avalon_uart_write_fd
                0x0180e634                altera_avalon_uart_close_fd
 .text          0x0180e67c      0x400 ../HelloWorldnew_bsp/\libhal_bsp.a(altera_avalon_uart_init.o)
                0x0180e67c                altera_avalon_uart_init
                0x0180ea1c                altera_avalon_uart_close
 .text          0x0180ea7c      0x290 ../HelloWorldnew_bsp/\libhal_bsp.a(altera_avalon_uart_read.o)
                0x0180ea7c                altera_avalon_uart_read
 .text          0x0180ed0c      0x228 ../HelloWorldnew_bsp/\libhal_bsp.a(altera_avalon_uart_write.o)
                0x0180ed0c                altera_avalon_uart_write
 .text          0x0180ef34      0x154 ../HelloWorldnew_bsp/\libhal_bsp.a(alt_alarm_start.o)
                0x0180ef34                alt_alarm_start
 .text          0x0180f088      0x12c ../HelloWorldnew_bsp/\libhal_bsp.a(alt_busy_sleep.o)
                0x0180f088                alt_busy_sleep
 .text          0x0180f1b4       0x78 ../HelloWorldnew_bsp/\libhal_bsp.a(alt_dcache_flush.o)
                0x0180f1b4                alt_dcache_flush
 .text          0x0180f22c      0x114 ../HelloWorldnew_bsp/\libhal_bsp.a(alt_dev_llist_insert.o)
                0x0180f22c                alt_dev_llist_insert
 .text          0x0180f340       0x64 ../HelloWorldnew_bsp/\libhal_bsp.a(alt_do_ctors.o)
                0x0180f340                _do_ctors
 .text          0x0180f3a4       0x64 ../HelloWorldnew_bsp/\libhal_bsp.a(alt_do_dtors.o)
                0x0180f3a4                _do_dtors
 .text          0x0180f408       0xd0 ../HelloWorldnew_bsp/\libhal_bsp.a(alt_flash_dev.o)
                0x0180f408                alt_flash_open_dev
                0x0180f484                alt_flash_close_dev
 .text          0x0180f4d8      0x1d4 ../HelloWorldnew_bsp/\libhal_bsp.a(alt_iic.o)
                0x0180f4d8                alt_ic_isr_register
                0x0180f528                alt_ic_irq_enable
                0x0180f5c4                alt_ic_irq_disable
                0x0180f664                alt_ic_irq_enabled
 .text          0x0180f6ac       0xf8 ../HelloWorldnew_bsp/\libhal_bsp.a(alt_iic_isr_register.o)
                0x0180f6ac                alt_iic_isr_register
 .text          0x0180f7a4      0x13c ../HelloWorldnew_bsp/\libhal_bsp.a(alt_io_redirect.o)
                0x0180f868                alt_io_redirect
 .text          0x0180f8e0        0x0 ../HelloWorldnew_bsp/\libhal_bsp.a(alt_irq_entry.o)
 .text          0x0180f8e0        0x0 ../HelloWorldnew_bsp/\libhal_bsp.a(alt_irq_handler.o)
 .text          0x0180f8e0        0x0 ../HelloWorldnew_bsp/\libhal_bsp.a(alt_irq_vars.o)
 .text          0x0180f8e0      0x2c4 ../HelloWorldnew_bsp/\libhal_bsp.a(alt_open.o)
                0x0180f9bc                open
 .text          0x0180fba4      0x1a4 ../HelloWorldnew_bsp/\libhal_bsp.a(alt_tick.o)
                0x0180fba4                alt_alarm_stop
                0x0180fc3c                alt_tick
 .text          0x0180fd48       0x20 ../HelloWorldnew_bsp/\libhal_bsp.a(altera_nios2_irq.o)
                0x0180fd48                altera_nios2_irq_init
 .text          0x0180fd68      0x460 ../HelloWorldnew_bsp/\libhal_bsp.a(altera_avalon_cfi_flash_amd.o)
                0x0180fd68                alt_program_amd
                0x0180fdd0                alt_erase_block_amd
 .text          0x018101c8      0x460 ../HelloWorldnew_bsp/\libhal_bsp.a(altera_avalon_cfi_flash_intel.o)
                0x018101c8                alt_program_intel
                0x0181024c                alt_erase_block_intel
 .text          0x01810628        0x0 ../HelloWorldnew_bsp/\libhal_bsp.a(alt_exception_entry.o)
 .text          0x01810628       0x94 ../HelloWorldnew_bsp/\libhal_bsp.a(alt_find_dev.o)
                0x01810628                alt_find_dev
 .text          0x018106bc      0x120 ../HelloWorldnew_bsp/\libhal_bsp.a(alt_find_file.o)
                0x018106bc                alt_find_file
 .text          0x018107dc       0xb8 ../HelloWorldnew_bsp/\libhal_bsp.a(alt_get_fd.o)
                0x018107dc                alt_get_fd
 .text          0x01810894       0xdc ../HelloWorldnew_bsp/\libhal_bsp.a(alt_instruction_exception_entry.o)
                0x01810894                alt_exception_cause_generated_bad_addr
 .text          0x01810970       0x14 c:/altera/12.0sp2/nios2eds/bin/gnu/h-i686-mingw32/bin/../lib/gcc/nios2-elf/4.1.2/../../../../nios2-elf/lib\libc.a(lib_a-atexit.o)
                0x01810970                atexit
 .text          0x01810984        0x0 c:/altera/12.0sp2/nios2eds/bin/gnu/h-i686-mingw32/bin/../lib/gcc/nios2-elf/4.1.2/../../../../nios2-elf/lib\libc.a(lib_a-ctype_.o)
 .text          0x01810984       0x38 c:/altera/12.0sp2/nios2eds/bin/gnu/h-i686-mingw32/bin/../lib/gcc/nios2-elf/4.1.2/../../../../nios2-elf/lib\libc.a(lib_a-exit.o)
                0x01810984                exit
 .text          0x018109bc       0x74 c:/altera/12.0sp2/nios2eds/bin/gnu/h-i686-mingw32/bin/../lib/gcc/nios2-elf/4.1.2/../../../../nios2-elf/lib\libc.a(lib_a-memcmp.o)
                0x018109bc                memcmp
 .text          0x01810a30      0x134 c:/altera/12.0sp2/nios2eds/bin/gnu/h-i686-mingw32/bin/../lib/gcc/nios2-elf/4.1.2/../../../../nios2-elf/lib\libc.a(lib_a-__atexit.o)
                0x01810a30                __register_exitproc
 .text          0x01810b64      0x1b4 c:/altera/12.0sp2/nios2eds/bin/gnu/h-i686-mingw32/bin/../lib/gcc/nios2-elf/4.1.2/../../../../nios2-elf/lib\libc.a(lib_a-__call_atexit.o)
                0x01810b68                __call_exitprocs
 .text          0x01810d18       0x60 ../HelloWorldnew_bsp/\libhal_bsp.a(alt_exit.o)
                0x01810d58                _exit
 *(.gnu.warning.*)
 *(.fini)
                0x01810d78                PROVIDE (__etext, ABSOLUTE (.))
                0x01810d78                PROVIDE (_etext, ABSOLUTE (.))
                0x01810d78                PROVIDE (etext, ABSOLUTE (.))
 *(.eh_frame_hdr)
                0x01810d78                . = ALIGN (0x4)
                0x01810d78                PROVIDE (__preinit_array_start, ABSOLUTE (.))
 *(.preinit_array)
                0x01810d78                PROVIDE (__preinit_array_end, ABSOLUTE (.))
                0x01810d78                PROVIDE (__init_array_start, ABSOLUTE (.))
 *(.init_array)
                0x01810d78                PROVIDE (__init_array_end, ABSOLUTE (.))
                0x01810d78                PROVIDE (__fini_array_start, ABSOLUTE (.))
 *(.fini_array)
                0x01810d78                PROVIDE (__fini_array_end, ABSOLUTE (.))
 *(.eh_frame)
 .eh_frame      0x01810d78       0x40 c:/altera/12.0sp2/nios2eds/bin/gnu/h-i686-mingw32/bin/../lib/gcc/nios2-elf/4.1.2\libgcc.a(_udivdi3.o)
 .eh_frame      0x01810db8       0x2c c:/altera/12.0sp2/nios2eds/bin/gnu/h-i686-mingw32/bin/../lib/gcc/nios2-elf/4.1.2\libgcc.a(_umoddi3.o)
                                 0x40 (size before relaxing)
 *(.gcc_except_table)
 *(.dynamic)
                0x01810de4                PROVIDE (__CTOR_LIST__, ABSOLUTE (.))
 *(.ctors)
 *(SORT(.ctors.*))
 .ctors.65535   0x01810de4        0x4 c:/altera/12.0sp2/nios2eds/bin/gnu/h-i686-mingw32/bin/../lib/gcc/nios2-elf/4.1.2/../../../../nios2-elf/lib\libc.a(lib_a-__call_atexit.o)
                0x01810de8                PROVIDE (__CTOR_END__, ABSOLUTE (.))
                0x01810de8                PROVIDE (__DTOR_LIST__, ABSOLUTE (.))
 *(.dtors)
 *(SORT(.dtors.*))
                0x01810de8                PROVIDE (__DTOR_END__, ABSOLUTE (.))
 *(.jcr)
                0x01810de8                . = ALIGN (0x4)

.rodata         0x01810de8      0x61c
                0x01810de8                PROVIDE (__ram_rodata_start, ABSOLUTE (.))
                0x01810de8                . = ALIGN (0x4)
 *(.rodata .rodata.* .gnu.linkonce.r.*)
 .rodata        0x01810de8       0x24 obj/default/hello_world.o
 .rodata        0x01810e0c       0x10 c:/altera/12.0sp2/nios2eds/bin/gnu/h-i686-mingw32/bin/../lib/gcc/nios2-elf/4.1.2\libgcc.a(_thenan_sf.o)
                0x01810e0c                __thenan_sf
 .rodata        0x01810e1c      0x100 c:/altera/12.0sp2/nios2eds/bin/gnu/h-i686-mingw32/bin/../lib/gcc/nios2-elf/4.1.2\libgcc.a(_clz.o)
                0x01810e1c                __clz_tab
 .rodata.str1.4
                0x01810f1c        0x2 c:/altera/12.0sp2/nios2eds/bin/gnu/h-i686-mingw32/bin/../lib/gcc/nios2-elf/4.1.2/../../../../nios2-elf/lib\libc.a(lib_a-puts.o)
                                  0x4 (size before relaxing)
 *fill*         0x01810f1e        0x2 00
 .rodata.str1.4
                0x01810f20       0x5e c:/altera/12.0sp2/nios2eds/bin/gnu/h-i686-mingw32/bin/../lib/gcc/nios2-elf/4.1.2/../../../../nios2-elf/lib\libc.a(lib_a-vfprintf.o)
                                 0x60 (size before relaxing)
 .rodata        0x01810f7e       0x20 c:/altera/12.0sp2/nios2eds/bin/gnu/h-i686-mingw32/bin/../lib/gcc/nios2-elf/4.1.2/../../../../nios2-elf/lib\libc.a(lib_a-vfprintf.o)
 *fill*         0x01810f9e        0x2 00
 .rodata.str1.4
                0x01810fa0       0x10 c:/altera/12.0sp2/nios2eds/bin/gnu/h-i686-mingw32/bin/../lib/gcc/nios2-elf/4.1.2/../../../../nios2-elf/lib\libc.a(lib_a-dtoa.o)
                                 0x14 (size before relaxing)
 .rodata.str1.4
                0x01810fb0        0x2 c:/altera/12.0sp2/nios2eds/bin/gnu/h-i686-mingw32/bin/../lib/gcc/nios2-elf/4.1.2/../../../../nios2-elf/lib\libc.a(lib_a-impure.o)
                                  0x4 (size before relaxing)
 *fill*         0x01810fb2        0x2 00
 .rodata.str1.4
                0x01810fb4       0x10 c:/altera/12.0sp2/nios2eds/bin/gnu/h-i686-mingw32/bin/../lib/gcc/nios2-elf/4.1.2/../../../../nios2-elf/lib\libc.a(lib_a-locale.o)
                                 0x18 (size before relaxing)
 .rodata        0x01810fc4       0x30 c:/altera/12.0sp2/nios2eds/bin/gnu/h-i686-mingw32/bin/../lib/gcc/nios2-elf/4.1.2/../../../../nios2-elf/lib\libc.a(lib_a-locale.o)
 .rodata        0x01810ff4      0x124 c:/altera/12.0sp2/nios2eds/bin/gnu/h-i686-mingw32/bin/../lib/gcc/nios2-elf/4.1.2/../../../../nios2-elf/lib\libc.a(lib_a-mprec.o)
                0x01810ff4                __mprec_tens
                0x018110bc                __mprec_bigtens
                0x018110e4                __mprec_tinytens
 .rodata        0x01811118       0x14 c:/altera/12.0sp2/nios2eds/bin/gnu/h-i686-mingw32/bin/../lib/gcc/nios2-elf/4.1.2\libgcc.a(_thenan_df.o)
                0x01811118                __thenan_df
 .rodata        0x0181112c        0xc ../HelloWorldnew_bsp/\libhal_bsp.a(alt_dev.o)
 .rodata        0x01811138       0x10 ../HelloWorldnew_bsp/\libhal_bsp.a(alt_main.o)
 .rodata        0x01811148       0x38 ../HelloWorldnew_bsp/\libhal_bsp.a(alt_sys_init.o)
 .rodata        0x01811180      0x281 c:/altera/12.0sp2/nios2eds/bin/gnu/h-i686-mingw32/bin/../lib/gcc/nios2-elf/4.1.2/../../../../nios2-elf/lib\libc.a(lib_a-ctype_.o)
                0x01811180                _ctype_
 *(.rodata1)
                0x01811404                . = ALIGN (0x4)
 *fill*         0x01811401        0x3 00
                0x01811404                PROVIDE (__ram_rodata_end, ABSOLUTE (.))
                0x01810de8                PROVIDE (__flash_rodata_start, LOADADDR (.rodata))

.rwdata         0x01811404     0x1d28
                0x01811404                PROVIDE (__ram_rwdata_start, ABSOLUTE (.))
                0x01811404                . = ALIGN (0x4)
 *(.got.plt)
 *(.got)
 *(.data1)
 *(.data .data.* .gnu.linkonce.d.*)
 .data          0x01811404        0x0 ../HelloWorldnew_bsp//obj/HAL/src/crt0.o
 .data          0x01811404        0x0 obj/default/hello_world.o
 .data          0x01811404        0x0 obj/default/pwm.o
 .data          0x01811404        0x0 obj/default/utilities.o
 .data          0x01811404        0x0 c:/altera/12.0sp2/nios2eds/bin/gnu/h-i686-mingw32/bin/../lib/gcc/nios2-elf/4.1.2\libgcc.a(_div_sf.o)
 .data          0x01811404        0x0 c:/altera/12.0sp2/nios2eds/bin/gnu/h-i686-mingw32/bin/../lib/gcc/nios2-elf/4.1.2\libgcc.a(_si_to_sf.o)
 .data          0x01811404        0x0 c:/altera/12.0sp2/nios2eds/bin/gnu/h-i686-mingw32/bin/../lib/gcc/nios2-elf/4.1.2\libgcc.a(_sf_to_si.o)
 .data          0x01811404        0x0 c:/altera/12.0sp2/nios2eds/bin/gnu/h-i686-mingw32/bin/../lib/gcc/nios2-elf/4.1.2\libgcc.a(_thenan_sf.o)
 .data          0x01811404        0x0 c:/altera/12.0sp2/nios2eds/bin/gnu/h-i686-mingw32/bin/../lib/gcc/nios2-elf/4.1.2\libgcc.a(_clzsi2.o)
 .data          0x01811404        0x0 c:/altera/12.0sp2/nios2eds/bin/gnu/h-i686-mingw32/bin/../lib/gcc/nios2-elf/4.1.2\libgcc.a(_pack_sf.o)
 .data          0x01811404        0x0 c:/altera/12.0sp2/nios2eds/bin/gnu/h-i686-mingw32/bin/../lib/gcc/nios2-elf/4.1.2\libgcc.a(_unpack_sf.o)
 .data          0x01811404        0x0 c:/altera/12.0sp2/nios2eds/bin/gnu/h-i686-mingw32/bin/../lib/gcc/nios2-elf/4.1.2\libgcc.a(_clz.o)
 .data          0x01811404        0x0 c:/altera/12.0sp2/nios2eds/bin/gnu/h-i686-mingw32/bin/../lib/gcc/nios2-elf/4.1.2/../../../../nios2-elf/lib\libc.a(lib_a-printf.o)
 .data          0x01811404        0x0 c:/altera/12.0sp2/nios2eds/bin/gnu/h-i686-mingw32/bin/../lib/gcc/nios2-elf/4.1.2/../../../../nios2-elf/lib\libc.a(lib_a-puts.o)
 .data          0x01811404        0x0 c:/altera/12.0sp2/nios2eds/bin/gnu/h-i686-mingw32/bin/../lib/gcc/nios2-elf/4.1.2/../../../../nios2-elf/lib\libc.a(lib_a-strlen.o)
 .data          0x01811404        0x0 c:/altera/12.0sp2/nios2eds/bin/gnu/h-i686-mingw32/bin/../lib/gcc/nios2-elf/4.1.2/../../../../nios2-elf/lib\libc.a(lib_a-vfprintf.o)
 .data          0x01811404        0x0 c:/altera/12.0sp2/nios2eds/bin/gnu/h-i686-mingw32/bin/../lib/gcc/nios2-elf/4.1.2/../../../../nios2-elf/lib\libc.a(lib_a-wsetup.o)
 .data          0x01811404        0x0 c:/altera/12.0sp2/nios2eds/bin/gnu/h-i686-mingw32/bin/../lib/gcc/nios2-elf/4.1.2/../../../../nios2-elf/lib\libc.a(lib_a-dtoa.o)
 .data          0x01811404        0x0 c:/altera/12.0sp2/nios2eds/bin/gnu/h-i686-mingw32/bin/../lib/gcc/nios2-elf/4.1.2/../../../../nios2-elf/lib\libc.a(lib_a-fflush.o)
 .data          0x01811404        0x0 c:/altera/12.0sp2/nios2eds/bin/gnu/h-i686-mingw32/bin/../lib/gcc/nios2-elf/4.1.2/../../../../nios2-elf/lib\libc.a(lib_a-findfp.o)
 .data          0x01811404        0x0 c:/altera/12.0sp2/nios2eds/bin/gnu/h-i686-mingw32/bin/../lib/gcc/nios2-elf/4.1.2/../../../../nios2-elf/lib\libc.a(lib_a-freer.o)
 .data          0x01811404        0x0 c:/altera/12.0sp2/nios2eds/bin/gnu/h-i686-mingw32/bin/../lib/gcc/nios2-elf/4.1.2/../../../../nios2-elf/lib\libc.a(lib_a-fvwrite.o)
 .data          0x01811404        0x0 c:/altera/12.0sp2/nios2eds/bin/gnu/h-i686-mingw32/bin/../lib/gcc/nios2-elf/4.1.2/../../../../nios2-elf/lib\libc.a(lib_a-fwalk.o)
 .data          0x01811404      0x400 c:/altera/12.0sp2/nios2eds/bin/gnu/h-i686-mingw32/bin/../lib/gcc/nios2-elf/4.1.2/../../../../nios2-elf/lib\libc.a(lib_a-impure.o)
 .data          0x01811804        0xc c:/altera/12.0sp2/nios2eds/bin/gnu/h-i686-mingw32/bin/../lib/gcc/nios2-elf/4.1.2/../../../../nios2-elf/lib\libc.a(lib_a-locale.o)
                0x01811804                __lc_ctype
 .data          0x01811810        0x0 c:/altera/12.0sp2/nios2eds/bin/gnu/h-i686-mingw32/bin/../lib/gcc/nios2-elf/4.1.2/../../../../nios2-elf/lib\libc.a(lib_a-makebuf.o)
 .data          0x01811810      0x408 c:/altera/12.0sp2/nios2eds/bin/gnu/h-i686-mingw32/bin/../lib/gcc/nios2-elf/4.1.2/../../../../nios2-elf/lib\libc.a(lib_a-mallocr.o)
                0x01811810                __malloc_av_
 .data          0x01811c18        0x0 c:/altera/12.0sp2/nios2eds/bin/gnu/h-i686-mingw32/bin/../lib/gcc/nios2-elf/4.1.2/../../../../nios2-elf/lib\libc.a(lib_a-memchr.o)
 .data          0x01811c18        0x0 c:/altera/12.0sp2/nios2eds/bin/gnu/h-i686-mingw32/bin/../lib/gcc/nios2-elf/4.1.2/../../../../nios2-elf/lib\libc.a(lib_a-memcpy.o)
 .data          0x01811c18        0x0 c:/altera/12.0sp2/nios2eds/bin/gnu/h-i686-mingw32/bin/../lib/gcc/nios2-elf/4.1.2/../../../../nios2-elf/lib\libc.a(lib_a-memmove.o)
 .data          0x01811c18        0x0 c:/altera/12.0sp2/nios2eds/bin/gnu/h-i686-mingw32/bin/../lib/gcc/nios2-elf/4.1.2/../../../../nios2-elf/lib\libc.a(lib_a-memset.o)
 .data          0x01811c18        0x0 c:/altera/12.0sp2/nios2eds/bin/gnu/h-i686-mingw32/bin/../lib/gcc/nios2-elf/4.1.2/../../../../nios2-elf/lib\libc.a(lib_a-mprec.o)
 .data          0x01811c18        0x0 c:/altera/12.0sp2/nios2eds/bin/gnu/h-i686-mingw32/bin/../lib/gcc/nios2-elf/4.1.2/../../../../nios2-elf/lib\libc.a(lib_a-reallocr.o)
 .data          0x01811c18        0x0 c:/altera/12.0sp2/nios2eds/bin/gnu/h-i686-mingw32/bin/../lib/gcc/nios2-elf/4.1.2/../../../../nios2-elf/lib\libc.a(lib_a-s_isinfd.o)
 .data          0x01811c18        0x0 c:/altera/12.0sp2/nios2eds/bin/gnu/h-i686-mingw32/bin/../lib/gcc/nios2-elf/4.1.2/../../../../nios2-elf/lib\libc.a(lib_a-s_isnand.o)
 .data          0x01811c18        0x0 c:/altera/12.0sp2/nios2eds/bin/gnu/h-i686-mingw32/bin/../lib/gcc/nios2-elf/4.1.2/../../../../nios2-elf/lib\libc.a(lib_a-sbrkr.o)
 .data          0x01811c18        0x0 c:/altera/12.0sp2/nios2eds/bin/gnu/h-i686-mingw32/bin/../lib/gcc/nios2-elf/4.1.2/../../../../nios2-elf/lib\libc.a(lib_a-stdio.o)
 .data          0x01811c18        0x0 c:/altera/12.0sp2/nios2eds/bin/gnu/h-i686-mingw32/bin/../lib/gcc/nios2-elf/4.1.2/../../../../nios2-elf/lib\libc.a(lib_a-strcmp.o)
 .data          0x01811c18        0x0 c:/altera/12.0sp2/nios2eds/bin/gnu/h-i686-mingw32/bin/../lib/gcc/nios2-elf/4.1.2/../../../../nios2-elf/lib\libc.a(lib_a-writer.o)
 .data          0x01811c18        0x0 c:/altera/12.0sp2/nios2eds/bin/gnu/h-i686-mingw32/bin/../lib/gcc/nios2-elf/4.1.2/../../../../nios2-elf/lib\libc.a(lib_a-callocr.o)
 .data          0x01811c18        0x0 c:/altera/12.0sp2/nios2eds/bin/gnu/h-i686-mingw32/bin/../lib/gcc/nios2-elf/4.1.2/../../../../nios2-elf/lib\libc.a(lib_a-closer.o)
 .data          0x01811c18        0x0 c:/altera/12.0sp2/nios2eds/bin/gnu/h-i686-mingw32/bin/../lib/gcc/nios2-elf/4.1.2/../../../../nios2-elf/lib\libc.a(lib_a-fclose.o)
 .data          0x01811c18        0x0 c:/altera/12.0sp2/nios2eds/bin/gnu/h-i686-mingw32/bin/../lib/gcc/nios2-elf/4.1.2/../../../../nios2-elf/lib\libc.a(lib_a-fstatr.o)
 .data          0x01811c18        0x0 c:/altera/12.0sp2/nios2eds/bin/gnu/h-i686-mingw32/bin/../lib/gcc/nios2-elf/4.1.2/../../../../nios2-elf/lib\libc.a(lib_a-int_errno.o)
 .data          0x01811c18        0x0 c:/altera/12.0sp2/nios2eds/bin/gnu/h-i686-mingw32/bin/../lib/gcc/nios2-elf/4.1.2/../../../../nios2-elf/lib\libc.a(lib_a-isattyr.o)
 .data          0x01811c18        0x0 c:/altera/12.0sp2/nios2eds/bin/gnu/h-i686-mingw32/bin/../lib/gcc/nios2-elf/4.1.2/../../../../nios2-elf/lib\libc.a(lib_a-lseekr.o)
 .data          0x01811c18        0x0 c:/altera/12.0sp2/nios2eds/bin/gnu/h-i686-mingw32/bin/../lib/gcc/nios2-elf/4.1.2/../../../../nios2-elf/lib\libc.a(lib_a-readr.o)
 .data          0x01811c18        0x0 c:/altera/12.0sp2/nios2eds/bin/gnu/h-i686-mingw32/bin/../lib/gcc/nios2-elf/4.1.2\libgcc.a(_udivdi3.o)
 .data          0x01811c18        0x0 c:/altera/12.0sp2/nios2eds/bin/gnu/h-i686-mingw32/bin/../lib/gcc/nios2-elf/4.1.2\libgcc.a(_umoddi3.o)
 .data          0x01811c18        0x0 c:/altera/12.0sp2/nios2eds/bin/gnu/h-i686-mingw32/bin/../lib/gcc/nios2-elf/4.1.2\libgcc.a(_addsub_df.o)
 .data          0x01811c18        0x0 c:/altera/12.0sp2/nios2eds/bin/gnu/h-i686-mingw32/bin/../lib/gcc/nios2-elf/4.1.2\libgcc.a(_mul_df.o)
 .data          0x01811c18        0x0 c:/altera/12.0sp2/nios2eds/bin/gnu/h-i686-mingw32/bin/../lib/gcc/nios2-elf/4.1.2\libgcc.a(_div_df.o)
 .data          0x01811c18        0x0 c:/altera/12.0sp2/nios2eds/bin/gnu/h-i686-mingw32/bin/../lib/gcc/nios2-elf/4.1.2\libgcc.a(_eq_df.o)
 .data          0x01811c18        0x0 c:/altera/12.0sp2/nios2eds/bin/gnu/h-i686-mingw32/bin/../lib/gcc/nios2-elf/4.1.2\libgcc.a(_ne_df.o)
 .data          0x01811c18        0x0 c:/altera/12.0sp2/nios2eds/bin/gnu/h-i686-mingw32/bin/../lib/gcc/nios2-elf/4.1.2\libgcc.a(_gt_df.o)
 .data          0x01811c18        0x0 c:/altera/12.0sp2/nios2eds/bin/gnu/h-i686-mingw32/bin/../lib/gcc/nios2-elf/4.1.2\libgcc.a(_ge_df.o)
 .data          0x01811c18        0x0 c:/altera/12.0sp2/nios2eds/bin/gnu/h-i686-mingw32/bin/../lib/gcc/nios2-elf/4.1.2\libgcc.a(_lt_df.o)
 .data          0x01811c18        0x0 c:/altera/12.0sp2/nios2eds/bin/gnu/h-i686-mingw32/bin/../lib/gcc/nios2-elf/4.1.2\libgcc.a(_si_to_df.o)
 .data          0x01811c18        0x0 c:/altera/12.0sp2/nios2eds/bin/gnu/h-i686-mingw32/bin/../lib/gcc/nios2-elf/4.1.2\libgcc.a(_df_to_si.o)
 .data          0x01811c18        0x0 c:/altera/12.0sp2/nios2eds/bin/gnu/h-i686-mingw32/bin/../lib/gcc/nios2-elf/4.1.2\libgcc.a(_thenan_df.o)
 .data          0x01811c18        0x0 c:/altera/12.0sp2/nios2eds/bin/gnu/h-i686-mingw32/bin/../lib/gcc/nios2-elf/4.1.2\libgcc.a(_usi_to_df.o)
 .data          0x01811c18        0x0 c:/altera/12.0sp2/nios2eds/bin/gnu/h-i686-mingw32/bin/../lib/gcc/nios2-elf/4.1.2\libgcc.a(lib2-divmod.o)
 .data          0x01811c18        0x0 c:/altera/12.0sp2/nios2eds/bin/gnu/h-i686-mingw32/bin/../lib/gcc/nios2-elf/4.1.2\libgcc.a(_muldi3.o)
 .data          0x01811c18        0x0 c:/altera/12.0sp2/nios2eds/bin/gnu/h-i686-mingw32/bin/../lib/gcc/nios2-elf/4.1.2\libgcc.a(_pack_df.o)
 .data          0x01811c18        0x0 c:/altera/12.0sp2/nios2eds/bin/gnu/h-i686-mingw32/bin/../lib/gcc/nios2-elf/4.1.2\libgcc.a(_unpack_df.o)
 .data          0x01811c18        0x0 c:/altera/12.0sp2/nios2eds/bin/gnu/h-i686-mingw32/bin/../lib/gcc/nios2-elf/4.1.2\libgcc.a(_fpcmp_parts_df.o)
 .data          0x01811c18        0x0 ../HelloWorldnew_bsp/\libhal_bsp.a(alt_close.o)
 .data          0x01811c18      0x1a8 ../HelloWorldnew_bsp/\libhal_bsp.a(alt_dev.o)
                0x01811c18                alt_dev_null
                0x01811c40                alt_fd_list
 .data          0x01811dc0        0x0 ../HelloWorldnew_bsp/\libhal_bsp.a(alt_errno.o)
 .data          0x01811dc0        0x0 ../HelloWorldnew_bsp/\libhal_bsp.a(alt_fstat.o)
 .data          0x01811dc0        0x0 ../HelloWorldnew_bsp/\libhal_bsp.a(alt_isatty.o)
 .data          0x01811dc0        0x0 ../HelloWorldnew_bsp/\libhal_bsp.a(alt_lseek.o)
 .data          0x01811dc0        0x0 ../HelloWorldnew_bsp/\libhal_bsp.a(alt_main.o)
 .data          0x01811dc0        0x0 ../HelloWorldnew_bsp/\libhal_bsp.a(alt_malloc_lock.o)
 .data          0x01811dc0        0x0 ../HelloWorldnew_bsp/\libhal_bsp.a(alt_read.o)
 .data          0x01811dc0        0x0 ../HelloWorldnew_bsp/\libhal_bsp.a(alt_release_fd.o)
 .data          0x01811dc0        0x0 ../HelloWorldnew_bsp/\libhal_bsp.a(alt_sbrk.o)
 .data          0x01811dc0        0x0 ../HelloWorldnew_bsp/\libhal_bsp.a(alt_usleep.o)
 .data          0x01811dc0        0x0 ../HelloWorldnew_bsp/\libhal_bsp.a(alt_write.o)
 .data          0x01811dc0     0x131c ../HelloWorldnew_bsp/\libhal_bsp.a(alt_sys_init.o)
 .data          0x018130dc        0x0 ../HelloWorldnew_bsp/\libhal_bsp.a(altera_avalon_cfi_flash.o)
 .data          0x018130dc        0x0 ../HelloWorldnew_bsp/\libhal_bsp.a(altera_avalon_cfi_flash_table.o)
 .data          0x018130dc        0x0 ../HelloWorldnew_bsp/\libhal_bsp.a(altera_avalon_jtag_uart_fd.o)
 .data          0x018130dc        0x0 ../HelloWorldnew_bsp/\libhal_bsp.a(altera_avalon_jtag_uart_init.o)
 .data          0x018130dc        0x0 ../HelloWorldnew_bsp/\libhal_bsp.a(altera_avalon_jtag_uart_ioctl.o)
 .data          0x018130dc        0x0 ../HelloWorldnew_bsp/\libhal_bsp.a(altera_avalon_jtag_uart_read.o)
 .data          0x018130dc        0x0 ../HelloWorldnew_bsp/\libhal_bsp.a(altera_avalon_jtag_uart_write.o)
 .data          0x018130dc        0x0 ../HelloWorldnew_bsp/\libhal_bsp.a(altera_avalon_lcd_16207.o)
 .data          0x018130dc        0x0 ../HelloWorldnew_bsp/\libhal_bsp.a(altera_avalon_lcd_16207_fd.o)
 .data          0x018130dc        0x0 ../HelloWorldnew_bsp/\libhal_bsp.a(altera_avalon_timer_sc.o)
 .data          0x018130dc        0x0 ../HelloWorldnew_bsp/\libhal_bsp.a(altera_avalon_uart_fd.o)
 .data          0x018130dc        0x0 ../HelloWorldnew_bsp/\libhal_bsp.a(altera_avalon_uart_init.o)
 .data          0x018130dc        0x0 ../HelloWorldnew_bsp/\libhal_bsp.a(altera_avalon_uart_read.o)
 .data          0x018130dc        0x0 ../HelloWorldnew_bsp/\libhal_bsp.a(altera_avalon_uart_write.o)
 .data          0x018130dc        0x0 ../HelloWorldnew_bsp/\libhal_bsp.a(alt_alarm_start.o)
 .data          0x018130dc        0x0 ../HelloWorldnew_bsp/\libhal_bsp.a(alt_busy_sleep.o)
 .data          0x018130dc        0x0 ../HelloWorldnew_bsp/\libhal_bsp.a(alt_dcache_flush.o)
 .data          0x018130dc        0x0 ../HelloWorldnew_bsp/\libhal_bsp.a(alt_dev_llist_insert.o)
 .data          0x018130dc        0x0 ../HelloWorldnew_bsp/\libhal_bsp.a(alt_do_ctors.o)
 .data          0x018130dc        0x0 ../HelloWorldnew_bsp/\libhal_bsp.a(alt_do_dtors.o)
 .data          0x018130dc        0x0 ../HelloWorldnew_bsp/\libhal_bsp.a(alt_flash_dev.o)
 .data          0x018130dc        0x0 ../HelloWorldnew_bsp/\libhal_bsp.a(alt_iic.o)
 .data          0x018130dc        0x0 ../HelloWorldnew_bsp/\libhal_bsp.a(alt_iic_isr_register.o)
 .data          0x018130dc        0x0 ../HelloWorldnew_bsp/\libhal_bsp.a(alt_io_redirect.o)
 .data          0x018130dc        0x0 ../HelloWorldnew_bsp/\libhal_bsp.a(alt_irq_entry.o)
 .data          0x018130dc        0x0 ../HelloWorldnew_bsp/\libhal_bsp.a(alt_irq_handler.o)
 .data          0x018130dc        0x0 ../HelloWorldnew_bsp/\libhal_bsp.a(alt_irq_vars.o)
 .data          0x018130dc        0x0 ../HelloWorldnew_bsp/\libhal_bsp.a(alt_open.o)
 .data          0x018130dc        0x0 ../HelloWorldnew_bsp/\libhal_bsp.a(alt_tick.o)
 .data          0x018130dc        0x0 ../HelloWorldnew_bsp/\libhal_bsp.a(altera_nios2_irq.o)
 .data          0x018130dc        0x0 ../HelloWorldnew_bsp/\libhal_bsp.a(altera_avalon_cfi_flash_amd.o)
 .data          0x018130dc        0x0 ../HelloWorldnew_bsp/\libhal_bsp.a(altera_avalon_cfi_flash_intel.o)
 .data          0x018130dc        0x0 ../HelloWorldnew_bsp/\libhal_bsp.a(alt_exception_entry.o)
 .data          0x018130dc        0x0 ../HelloWorldnew_bsp/\libhal_bsp.a(alt_find_dev.o)
 .data          0x018130dc        0x0 ../HelloWorldnew_bsp/\libhal_bsp.a(alt_find_file.o)
 .data          0x018130dc        0x0 ../HelloWorldnew_bsp/\libhal_bsp.a(alt_get_fd.o)
 .data          0x018130dc        0x0 ../HelloWorldnew_bsp/\libhal_bsp.a(alt_instruction_exception_entry.o)
 .data          0x018130dc        0x0 c:/altera/12.0sp2/nios2eds/bin/gnu/h-i686-mingw32/bin/../lib/gcc/nios2-elf/4.1.2/../../../../nios2-elf/lib\libc.a(lib_a-atexit.o)
 .data          0x018130dc        0x0 c:/altera/12.0sp2/nios2eds/bin/gnu/h-i686-mingw32/bin/../lib/gcc/nios2-elf/4.1.2/../../../../nios2-elf/lib\libc.a(lib_a-ctype_.o)
 .data          0x018130dc        0x0 c:/altera/12.0sp2/nios2eds/bin/gnu/h-i686-mingw32/bin/../lib/gcc/nios2-elf/4.1.2/../../../../nios2-elf/lib\libc.a(lib_a-exit.o)
 .data          0x018130dc        0x0 c:/altera/12.0sp2/nios2eds/bin/gnu/h-i686-mingw32/bin/../lib/gcc/nios2-elf/4.1.2/../../../../nios2-elf/lib\libc.a(lib_a-memcmp.o)
 .data          0x018130dc        0x0 c:/altera/12.0sp2/nios2eds/bin/gnu/h-i686-mingw32/bin/../lib/gcc/nios2-elf/4.1.2/../../../../nios2-elf/lib\libc.a(lib_a-__atexit.o)
 .data          0x018130dc        0x0 c:/altera/12.0sp2/nios2eds/bin/gnu/h-i686-mingw32/bin/../lib/gcc/nios2-elf/4.1.2/../../../../nios2-elf/lib\libc.a(lib_a-__call_atexit.o)
 .data          0x018130dc        0x0 ../HelloWorldnew_bsp/\libhal_bsp.a(alt_exit.o)
                0x0181b0dc                _gp = ABSOLUTE ((. + 0x8000))
                0x0181b0dc                PROVIDE (gp, _gp)
 *(.rwdata .rwdata.*)
 *(.sdata .sdata.* .gnu.linkonce.s.*)
 .sdata         0x018130dc        0x8 c:/altera/12.0sp2/nios2eds/bin/gnu/h-i686-mingw32/bin/../lib/gcc/nios2-elf/4.1.2/../../../../nios2-elf/lib\libc.a(lib_a-impure.o)
                0x018130dc                _impure_ptr
                0x018130e0                _global_impure_ptr
 .sdata         0x018130e4        0x8 c:/altera/12.0sp2/nios2eds/bin/gnu/h-i686-mingw32/bin/../lib/gcc/nios2-elf/4.1.2/../../../../nios2-elf/lib\libc.a(lib_a-locale.o)
                0x018130e4                __mb_cur_max
 .sdata         0x018130ec        0x8 c:/altera/12.0sp2/nios2eds/bin/gnu/h-i686-mingw32/bin/../lib/gcc/nios2-elf/4.1.2/../../../../nios2-elf/lib\libc.a(lib_a-mallocr.o)
                0x018130ec                __malloc_trim_threshold
                0x018130f0                __malloc_sbrk_base
 .sdata         0x018130f4       0x14 ../HelloWorldnew_bsp/\libhal_bsp.a(alt_dev.o)
                0x018130f4                alt_fs_list
                0x018130fc                alt_dev_list
                0x01813104                alt_max_fd
 .sdata         0x01813108        0x4 ../HelloWorldnew_bsp/\libhal_bsp.a(alt_errno.o)
                0x01813108                alt_errno
 .sdata         0x0181310c        0x4 ../HelloWorldnew_bsp/\libhal_bsp.a(alt_sbrk.o)
 .sdata         0x01813110        0x4 ../HelloWorldnew_bsp/\libhal_bsp.a(altera_avalon_lcd_16207.o)
 .sdata         0x01813114        0x8 ../HelloWorldnew_bsp/\libhal_bsp.a(alt_flash_dev.o)
                0x01813114                alt_flash_dev_list
 .sdata         0x0181311c        0x4 ../HelloWorldnew_bsp/\libhal_bsp.a(alt_irq_vars.o)
                0x0181311c                alt_priority_mask
 .sdata         0x01813120        0x8 ../HelloWorldnew_bsp/\libhal_bsp.a(alt_tick.o)
                0x01813120                alt_alarm_list
 .sdata         0x01813128        0x4 c:/altera/12.0sp2/nios2eds/bin/gnu/h-i686-mingw32/bin/../lib/gcc/nios2-elf/4.1.2/../../../../nios2-elf/lib\libc.a(lib_a-ctype_.o)
                0x01813128                __ctype_ptr
 *(.sdata2 .sdata2.* .gnu.linkonce.s2.*)
                0x0181312c                . = ALIGN (0x4)
                0x0181312c                _edata = ABSOLUTE (.)
                0x0181312c                PROVIDE (edata, ABSOLUTE (.))
                0x0181312c                PROVIDE (__ram_rwdata_end, ABSOLUTE (.))
                0x01811404                PROVIDE (__flash_rwdata_start, LOADADDR (.rwdata))

.bss            0x0181312c      0x2f0
                0x0181312c                __bss_start = ABSOLUTE (.)
                0x0181312c                PROVIDE (__sbss_start, ABSOLUTE (.))
                0x0181312c                PROVIDE (___sbss_start, ABSOLUTE (.))
 *(.dynsbss)
 *(.sbss .sbss.* .gnu.linkonce.sb.*)
 .sbss          0x0181312c        0xc c:/altera/12.0sp2/nios2eds/bin/gnu/h-i686-mingw32/bin/../lib/gcc/nios2-elf/4.1.2/../../../../nios2-elf/lib\libc.a(lib_a-locale.o)
                0x0181312c                __nlocale_changed
                0x01813130                __mlocale_changed
                0x01813134                _PathLocale
 .sbss          0x01813138        0xc c:/altera/12.0sp2/nios2eds/bin/gnu/h-i686-mingw32/bin/../lib/gcc/nios2-elf/4.1.2/../../../../nios2-elf/lib\libc.a(lib_a-mallocr.o)
                0x01813138                __malloc_top_pad
                0x0181313c                __malloc_max_sbrked_mem
                0x01813140                __malloc_max_total_mem
 .sbss          0x01813144        0x4 c:/altera/12.0sp2/nios2eds/bin/gnu/h-i686-mingw32/bin/../lib/gcc/nios2-elf/4.1.2/../../../../nios2-elf/lib\libc.a(lib_a-int_errno.o)
                0x01813144                errno
 .sbss          0x01813148        0xc ../HelloWorldnew_bsp/\libhal_bsp.a(alt_main.o)
                0x01813148                alt_argc
                0x0181314c                alt_argv
                0x01813150                alt_envp
 .sbss          0x01813154        0x4 ../HelloWorldnew_bsp/\libhal_bsp.a(alt_irq_vars.o)
                0x01813154                alt_irq_active
 .sbss          0x01813158        0x8 ../HelloWorldnew_bsp/\libhal_bsp.a(alt_tick.o)
                0x01813158                _alt_tick_rate
                0x0181315c                _alt_nticks
 .sbss          0x01813160        0x4 ../HelloWorldnew_bsp/\libhal_bsp.a(alt_instruction_exception_entry.o)
                0x01813160                alt_instruction_exception_handler
 *(.sbss2 .sbss2.* .gnu.linkonce.sb2.*)
 *(.scommon)
                0x01813164                PROVIDE (__sbss_end, ABSOLUTE (.))
                0x01813164                PROVIDE (___sbss_end, ABSOLUTE (.))
 *(.dynbss)
 *(.bss .bss.* .gnu.linkonce.b.*)
 .bss           0x01813164        0x0 ../HelloWorldnew_bsp//obj/HAL/src/crt0.o
 .bss           0x01813164        0x0 obj/default/hello_world.o
 .bss           0x01813164        0x0 obj/default/pwm.o
 .bss           0x01813164        0x0 obj/default/utilities.o
 .bss           0x01813164        0x0 c:/altera/12.0sp2/nios2eds/bin/gnu/h-i686-mingw32/bin/../lib/gcc/nios2-elf/4.1.2\libgcc.a(_div_sf.o)
 .bss           0x01813164        0x0 c:/altera/12.0sp2/nios2eds/bin/gnu/h-i686-mingw32/bin/../lib/gcc/nios2-elf/4.1.2\libgcc.a(_si_to_sf.o)
 .bss           0x01813164        0x0 c:/altera/12.0sp2/nios2eds/bin/gnu/h-i686-mingw32/bin/../lib/gcc/nios2-elf/4.1.2\libgcc.a(_sf_to_si.o)
 .bss           0x01813164        0x0 c:/altera/12.0sp2/nios2eds/bin/gnu/h-i686-mingw32/bin/../lib/gcc/nios2-elf/4.1.2\libgcc.a(_thenan_sf.o)
 .bss           0x01813164        0x0 c:/altera/12.0sp2/nios2eds/bin/gnu/h-i686-mingw32/bin/../lib/gcc/nios2-elf/4.1.2\libgcc.a(_clzsi2.o)
 .bss           0x01813164        0x0 c:/altera/12.0sp2/nios2eds/bin/gnu/h-i686-mingw32/bin/../lib/gcc/nios2-elf/4.1.2\libgcc.a(_pack_sf.o)
 .bss           0x01813164        0x0 c:/altera/12.0sp2/nios2eds/bin/gnu/h-i686-mingw32/bin/../lib/gcc/nios2-elf/4.1.2\libgcc.a(_unpack_sf.o)
 .bss           0x01813164        0x0 c:/altera/12.0sp2/nios2eds/bin/gnu/h-i686-mingw32/bin/../lib/gcc/nios2-elf/4.1.2\libgcc.a(_clz.o)
 .bss           0x01813164        0x0 c:/altera/12.0sp2/nios2eds/bin/gnu/h-i686-mingw32/bin/../lib/gcc/nios2-elf/4.1.2/../../../../nios2-elf/lib\libc.a(lib_a-printf.o)
 .bss           0x01813164        0x0 c:/altera/12.0sp2/nios2eds/bin/gnu/h-i686-mingw32/bin/../lib/gcc/nios2-elf/4.1.2/../../../../nios2-elf/lib\libc.a(lib_a-puts.o)
 .bss           0x01813164        0x0 c:/altera/12.0sp2/nios2eds/bin/gnu/h-i686-mingw32/bin/../lib/gcc/nios2-elf/4.1.2/../../../../nios2-elf/lib\libc.a(lib_a-strlen.o)
 .bss           0x01813164        0x0 c:/altera/12.0sp2/nios2eds/bin/gnu/h-i686-mingw32/bin/../lib/gcc/nios2-elf/4.1.2/../../../../nios2-elf/lib\libc.a(lib_a-vfprintf.o)
 .bss           0x01813164        0x0 c:/altera/12.0sp2/nios2eds/bin/gnu/h-i686-mingw32/bin/../lib/gcc/nios2-elf/4.1.2/../../../../nios2-elf/lib\libc.a(lib_a-wsetup.o)
 .bss           0x01813164        0x0 c:/altera/12.0sp2/nios2eds/bin/gnu/h-i686-mingw32/bin/../lib/gcc/nios2-elf/4.1.2/../../../../nios2-elf/lib\libc.a(lib_a-dtoa.o)
 .bss           0x01813164        0x0 c:/altera/12.0sp2/nios2eds/bin/gnu/h-i686-mingw32/bin/../lib/gcc/nios2-elf/4.1.2/../../../../nios2-elf/lib\libc.a(lib_a-fflush.o)
 .bss           0x01813164        0x0 c:/altera/12.0sp2/nios2eds/bin/gnu/h-i686-mingw32/bin/../lib/gcc/nios2-elf/4.1.2/../../../../nios2-elf/lib\libc.a(lib_a-findfp.o)
 .bss           0x01813164        0x0 c:/altera/12.0sp2/nios2eds/bin/gnu/h-i686-mingw32/bin/../lib/gcc/nios2-elf/4.1.2/../../../../nios2-elf/lib\libc.a(lib_a-freer.o)
 .bss           0x01813164        0x0 c:/altera/12.0sp2/nios2eds/bin/gnu/h-i686-mingw32/bin/../lib/gcc/nios2-elf/4.1.2/../../../../nios2-elf/lib\libc.a(lib_a-fvwrite.o)
 .bss           0x01813164        0x0 c:/altera/12.0sp2/nios2eds/bin/gnu/h-i686-mingw32/bin/../lib/gcc/nios2-elf/4.1.2/../../../../nios2-elf/lib\libc.a(lib_a-fwalk.o)
 .bss           0x01813164        0x0 c:/altera/12.0sp2/nios2eds/bin/gnu/h-i686-mingw32/bin/../lib/gcc/nios2-elf/4.1.2/../../../../nios2-elf/lib\libc.a(lib_a-impure.o)
 .bss           0x01813164        0x0 c:/altera/12.0sp2/nios2eds/bin/gnu/h-i686-mingw32/bin/../lib/gcc/nios2-elf/4.1.2/../../../../nios2-elf/lib\libc.a(lib_a-locale.o)
 .bss           0x01813164        0x0 c:/altera/12.0sp2/nios2eds/bin/gnu/h-i686-mingw32/bin/../lib/gcc/nios2-elf/4.1.2/../../../../nios2-elf/lib\libc.a(lib_a-makebuf.o)
 .bss           0x01813164       0x28 c:/altera/12.0sp2/nios2eds/bin/gnu/h-i686-mingw32/bin/../lib/gcc/nios2-elf/4.1.2/../../../../nios2-elf/lib\libc.a(lib_a-mallocr.o)
                0x01813164                __malloc_current_mallinfo
 .bss           0x0181318c        0x0 c:/altera/12.0sp2/nios2eds/bin/gnu/h-i686-mingw32/bin/../lib/gcc/nios2-elf/4.1.2/../../../../nios2-elf/lib\libc.a(lib_a-memchr.o)
 .bss           0x0181318c        0x0 c:/altera/12.0sp2/nios2eds/bin/gnu/h-i686-mingw32/bin/../lib/gcc/nios2-elf/4.1.2/../../../../nios2-elf/lib\libc.a(lib_a-memcpy.o)
 .bss           0x0181318c        0x0 c:/altera/12.0sp2/nios2eds/bin/gnu/h-i686-mingw32/bin/../lib/gcc/nios2-elf/4.1.2/../../../../nios2-elf/lib\libc.a(lib_a-memmove.o)
 .bss           0x0181318c        0x0 c:/altera/12.0sp2/nios2eds/bin/gnu/h-i686-mingw32/bin/../lib/gcc/nios2-elf/4.1.2/../../../../nios2-elf/lib\libc.a(lib_a-memset.o)
 .bss           0x0181318c        0x0 c:/altera/12.0sp2/nios2eds/bin/gnu/h-i686-mingw32/bin/../lib/gcc/nios2-elf/4.1.2/../../../../nios2-elf/lib\libc.a(lib_a-mprec.o)
 .bss           0x0181318c        0x0 c:/altera/12.0sp2/nios2eds/bin/gnu/h-i686-mingw32/bin/../lib/gcc/nios2-elf/4.1.2/../../../../nios2-elf/lib\libc.a(lib_a-reallocr.o)
 .bss           0x0181318c        0x0 c:/altera/12.0sp2/nios2eds/bin/gnu/h-i686-mingw32/bin/../lib/gcc/nios2-elf/4.1.2/../../../../nios2-elf/lib\libc.a(lib_a-s_isinfd.o)
 .bss           0x0181318c        0x0 c:/altera/12.0sp2/nios2eds/bin/gnu/h-i686-mingw32/bin/../lib/gcc/nios2-elf/4.1.2/../../../../nios2-elf/lib\libc.a(lib_a-s_isnand.o)
 .bss           0x0181318c        0x0 c:/altera/12.0sp2/nios2eds/bin/gnu/h-i686-mingw32/bin/../lib/gcc/nios2-elf/4.1.2/../../../../nios2-elf/lib\libc.a(lib_a-sbrkr.o)
 .bss           0x0181318c        0x0 c:/altera/12.0sp2/nios2eds/bin/gnu/h-i686-mingw32/bin/../lib/gcc/nios2-elf/4.1.2/../../../../nios2-elf/lib\libc.a(lib_a-stdio.o)
 .bss           0x0181318c        0x0 c:/altera/12.0sp2/nios2eds/bin/gnu/h-i686-mingw32/bin/../lib/gcc/nios2-elf/4.1.2/../../../../nios2-elf/lib\libc.a(lib_a-strcmp.o)
 .bss           0x0181318c        0x0 c:/altera/12.0sp2/nios2eds/bin/gnu/h-i686-mingw32/bin/../lib/gcc/nios2-elf/4.1.2/../../../../nios2-elf/lib\libc.a(lib_a-writer.o)
 .bss           0x0181318c        0x0 c:/altera/12.0sp2/nios2eds/bin/gnu/h-i686-mingw32/bin/../lib/gcc/nios2-elf/4.1.2/../../../../nios2-elf/lib\libc.a(lib_a-callocr.o)
 .bss           0x0181318c        0x0 c:/altera/12.0sp2/nios2eds/bin/gnu/h-i686-mingw32/bin/../lib/gcc/nios2-elf/4.1.2/../../../../nios2-elf/lib\libc.a(lib_a-closer.o)
 .bss           0x0181318c        0x0 c:/altera/12.0sp2/nios2eds/bin/gnu/h-i686-mingw32/bin/../lib/gcc/nios2-elf/4.1.2/../../../../nios2-elf/lib\libc.a(lib_a-fclose.o)
 .bss           0x0181318c        0x0 c:/altera/12.0sp2/nios2eds/bin/gnu/h-i686-mingw32/bin/../lib/gcc/nios2-elf/4.1.2/../../../../nios2-elf/lib\libc.a(lib_a-fstatr.o)
 .bss           0x0181318c        0x0 c:/altera/12.0sp2/nios2eds/bin/gnu/h-i686-mingw32/bin/../lib/gcc/nios2-elf/4.1.2/../../../../nios2-elf/lib\libc.a(lib_a-int_errno.o)
 .bss           0x0181318c        0x0 c:/altera/12.0sp2/nios2eds/bin/gnu/h-i686-mingw32/bin/../lib/gcc/nios2-elf/4.1.2/../../../../nios2-elf/lib\libc.a(lib_a-isattyr.o)
 .bss           0x0181318c        0x0 c:/altera/12.0sp2/nios2eds/bin/gnu/h-i686-mingw32/bin/../lib/gcc/nios2-elf/4.1.2/../../../../nios2-elf/lib\libc.a(lib_a-lseekr.o)
 .bss           0x0181318c        0x0 c:/altera/12.0sp2/nios2eds/bin/gnu/h-i686-mingw32/bin/../lib/gcc/nios2-elf/4.1.2/../../../../nios2-elf/lib\libc.a(lib_a-readr.o)
 .bss           0x0181318c        0x0 c:/altera/12.0sp2/nios2eds/bin/gnu/h-i686-mingw32/bin/../lib/gcc/nios2-elf/4.1.2\libgcc.a(_udivdi3.o)
 .bss           0x0181318c        0x0 c:/altera/12.0sp2/nios2eds/bin/gnu/h-i686-mingw32/bin/../lib/gcc/nios2-elf/4.1.2\libgcc.a(_umoddi3.o)
 .bss           0x0181318c        0x0 c:/altera/12.0sp2/nios2eds/bin/gnu/h-i686-mingw32/bin/../lib/gcc/nios2-elf/4.1.2\libgcc.a(_addsub_df.o)
 .bss           0x0181318c        0x0 c:/altera/12.0sp2/nios2eds/bin/gnu/h-i686-mingw32/bin/../lib/gcc/nios2-elf/4.1.2\libgcc.a(_mul_df.o)
 .bss           0x0181318c        0x0 c:/altera/12.0sp2/nios2eds/bin/gnu/h-i686-mingw32/bin/../lib/gcc/nios2-elf/4.1.2\libgcc.a(_div_df.o)
 .bss           0x0181318c        0x0 c:/altera/12.0sp2/nios2eds/bin/gnu/h-i686-mingw32/bin/../lib/gcc/nios2-elf/4.1.2\libgcc.a(_eq_df.o)
 .bss           0x0181318c        0x0 c:/altera/12.0sp2/nios2eds/bin/gnu/h-i686-mingw32/bin/../lib/gcc/nios2-elf/4.1.2\libgcc.a(_ne_df.o)
 .bss           0x0181318c        0x0 c:/altera/12.0sp2/nios2eds/bin/gnu/h-i686-mingw32/bin/../lib/gcc/nios2-elf/4.1.2\libgcc.a(_gt_df.o)
 .bss           0x0181318c        0x0 c:/altera/12.0sp2/nios2eds/bin/gnu/h-i686-mingw32/bin/../lib/gcc/nios2-elf/4.1.2\libgcc.a(_ge_df.o)
 .bss           0x0181318c        0x0 c:/altera/12.0sp2/nios2eds/bin/gnu/h-i686-mingw32/bin/../lib/gcc/nios2-elf/4.1.2\libgcc.a(_lt_df.o)
 .bss           0x0181318c        0x0 c:/altera/12.0sp2/nios2eds/bin/gnu/h-i686-mingw32/bin/../lib/gcc/nios2-elf/4.1.2\libgcc.a(_si_to_df.o)
 .bss           0x0181318c        0x0 c:/altera/12.0sp2/nios2eds/bin/gnu/h-i686-mingw32/bin/../lib/gcc/nios2-elf/4.1.2\libgcc.a(_df_to_si.o)
 .bss           0x0181318c        0x0 c:/altera/12.0sp2/nios2eds/bin/gnu/h-i686-mingw32/bin/../lib/gcc/nios2-elf/4.1.2\libgcc.a(_thenan_df.o)
 .bss           0x0181318c        0x0 c:/altera/12.0sp2/nios2eds/bin/gnu/h-i686-mingw32/bin/../lib/gcc/nios2-elf/4.1.2\libgcc.a(_usi_to_df.o)
 .bss           0x0181318c        0x0 c:/altera/12.0sp2/nios2eds/bin/gnu/h-i686-mingw32/bin/../lib/gcc/nios2-elf/4.1.2\libgcc.a(lib2-divmod.o)
 .bss           0x0181318c        0x0 c:/altera/12.0sp2/nios2eds/bin/gnu/h-i686-mingw32/bin/../lib/gcc/nios2-elf/4.1.2\libgcc.a(_muldi3.o)
 .bss           0x0181318c        0x0 c:/altera/12.0sp2/nios2eds/bin/gnu/h-i686-mingw32/bin/../lib/gcc/nios2-elf/4.1.2\libgcc.a(_pack_df.o)
 .bss           0x0181318c        0x0 c:/altera/12.0sp2/nios2eds/bin/gnu/h-i686-mingw32/bin/../lib/gcc/nios2-elf/4.1.2\libgcc.a(_unpack_df.o)
 .bss           0x0181318c        0x0 c:/altera/12.0sp2/nios2eds/bin/gnu/h-i686-mingw32/bin/../lib/gcc/nios2-elf/4.1.2\libgcc.a(_fpcmp_parts_df.o)
 .bss           0x0181318c        0x0 ../HelloWorldnew_bsp/\libhal_bsp.a(alt_close.o)
 .bss           0x0181318c        0x0 ../HelloWorldnew_bsp/\libhal_bsp.a(alt_dev.o)
 .bss           0x0181318c        0x0 ../HelloWorldnew_bsp/\libhal_bsp.a(alt_errno.o)
 .bss           0x0181318c        0x0 ../HelloWorldnew_bsp/\libhal_bsp.a(alt_fstat.o)
 .bss           0x0181318c        0x0 ../HelloWorldnew_bsp/\libhal_bsp.a(alt_isatty.o)
 .bss           0x0181318c        0x0 ../HelloWorldnew_bsp/\libhal_bsp.a(alt_lseek.o)
 .bss           0x0181318c        0x0 ../HelloWorldnew_bsp/\libhal_bsp.a(alt_main.o)
 .bss           0x0181318c        0x0 ../HelloWorldnew_bsp/\libhal_bsp.a(alt_malloc_lock.o)
 .bss           0x0181318c        0x0 ../HelloWorldnew_bsp/\libhal_bsp.a(alt_read.o)
 .bss           0x0181318c        0x0 ../HelloWorldnew_bsp/\libhal_bsp.a(alt_release_fd.o)
 .bss           0x0181318c        0x0 ../HelloWorldnew_bsp/\libhal_bsp.a(alt_sbrk.o)
 .bss           0x0181318c        0x0 ../HelloWorldnew_bsp/\libhal_bsp.a(alt_usleep.o)
 .bss           0x0181318c        0x0 ../HelloWorldnew_bsp/\libhal_bsp.a(alt_write.o)
 .bss           0x0181318c        0x0 ../HelloWorldnew_bsp/\libhal_bsp.a(alt_sys_init.o)
 .bss           0x0181318c        0x0 ../HelloWorldnew_bsp/\libhal_bsp.a(altera_avalon_cfi_flash.o)
 .bss           0x0181318c        0x0 ../HelloWorldnew_bsp/\libhal_bsp.a(altera_avalon_cfi_flash_table.o)
 .bss           0x0181318c        0x0 ../HelloWorldnew_bsp/\libhal_bsp.a(altera_avalon_jtag_uart_fd.o)
 .bss           0x0181318c        0x0 ../HelloWorldnew_bsp/\libhal_bsp.a(altera_avalon_jtag_uart_init.o)
 .bss           0x0181318c        0x0 ../HelloWorldnew_bsp/\libhal_bsp.a(altera_avalon_jtag_uart_ioctl.o)
 .bss           0x0181318c        0x0 ../HelloWorldnew_bsp/\libhal_bsp.a(altera_avalon_jtag_uart_read.o)
 .bss           0x0181318c        0x0 ../HelloWorldnew_bsp/\libhal_bsp.a(altera_avalon_jtag_uart_write.o)
 .bss           0x0181318c        0x0 ../HelloWorldnew_bsp/\libhal_bsp.a(altera_avalon_lcd_16207.o)
 .bss           0x0181318c        0x0 ../HelloWorldnew_bsp/\libhal_bsp.a(altera_avalon_lcd_16207_fd.o)
 .bss           0x0181318c        0x0 ../HelloWorldnew_bsp/\libhal_bsp.a(altera_avalon_timer_sc.o)
 .bss           0x0181318c        0x0 ../HelloWorldnew_bsp/\libhal_bsp.a(altera_avalon_uart_fd.o)
 .bss           0x0181318c        0x0 ../HelloWorldnew_bsp/\libhal_bsp.a(altera_avalon_uart_init.o)
 .bss           0x0181318c        0x0 ../HelloWorldnew_bsp/\libhal_bsp.a(altera_avalon_uart_read.o)
 .bss           0x0181318c        0x0 ../HelloWorldnew_bsp/\libhal_bsp.a(altera_avalon_uart_write.o)
 .bss           0x0181318c        0x0 ../HelloWorldnew_bsp/\libhal_bsp.a(alt_alarm_start.o)
 .bss           0x0181318c        0x0 ../HelloWorldnew_bsp/\libhal_bsp.a(alt_busy_sleep.o)
 .bss           0x0181318c        0x0 ../HelloWorldnew_bsp/\libhal_bsp.a(alt_dcache_flush.o)
 .bss           0x0181318c        0x0 ../HelloWorldnew_bsp/\libhal_bsp.a(alt_dev_llist_insert.o)
 .bss           0x0181318c        0x0 ../HelloWorldnew_bsp/\libhal_bsp.a(alt_do_ctors.o)
 .bss           0x0181318c        0x0 ../HelloWorldnew_bsp/\libhal_bsp.a(alt_do_dtors.o)
 .bss           0x0181318c        0x0 ../HelloWorldnew_bsp/\libhal_bsp.a(alt_flash_dev.o)
 .bss           0x0181318c        0x0 ../HelloWorldnew_bsp/\libhal_bsp.a(alt_iic.o)
 .bss           0x0181318c        0x0 ../HelloWorldnew_bsp/\libhal_bsp.a(alt_iic_isr_register.o)
 .bss           0x0181318c        0x0 ../HelloWorldnew_bsp/\libhal_bsp.a(alt_io_redirect.o)
 .bss           0x0181318c        0x0 ../HelloWorldnew_bsp/\libhal_bsp.a(alt_irq_entry.o)
 .bss           0x0181318c        0x0 ../HelloWorldnew_bsp/\libhal_bsp.a(alt_irq_handler.o)
 .bss           0x0181318c        0x0 ../HelloWorldnew_bsp/\libhal_bsp.a(alt_irq_vars.o)
 .bss           0x0181318c        0x0 ../HelloWorldnew_bsp/\libhal_bsp.a(alt_open.o)
 .bss           0x0181318c        0x0 ../HelloWorldnew_bsp/\libhal_bsp.a(alt_tick.o)
 .bss           0x0181318c        0x0 ../HelloWorldnew_bsp/\libhal_bsp.a(altera_nios2_irq.o)
 .bss           0x0181318c        0x0 ../HelloWorldnew_bsp/\libhal_bsp.a(altera_avalon_cfi_flash_amd.o)
 .bss           0x0181318c        0x0 ../HelloWorldnew_bsp/\libhal_bsp.a(altera_avalon_cfi_flash_intel.o)
 .bss           0x0181318c        0x0 ../HelloWorldnew_bsp/\libhal_bsp.a(alt_exception_entry.o)
 .bss           0x0181318c        0x0 ../HelloWorldnew_bsp/\libhal_bsp.a(alt_find_dev.o)
 .bss           0x0181318c        0x0 ../HelloWorldnew_bsp/\libhal_bsp.a(alt_find_file.o)
 .bss           0x0181318c        0x0 ../HelloWorldnew_bsp/\libhal_bsp.a(alt_get_fd.o)
 .bss           0x0181318c        0x0 ../HelloWorldnew_bsp/\libhal_bsp.a(alt_instruction_exception_entry.o)
 .bss           0x0181318c        0x0 c:/altera/12.0sp2/nios2eds/bin/gnu/h-i686-mingw32/bin/../lib/gcc/nios2-elf/4.1.2/../../../../nios2-elf/lib\libc.a(lib_a-atexit.o)
 .bss           0x0181318c        0x0 c:/altera/12.0sp2/nios2eds/bin/gnu/h-i686-mingw32/bin/../lib/gcc/nios2-elf/4.1.2/../../../../nios2-elf/lib\libc.a(lib_a-ctype_.o)
 .bss           0x0181318c        0x0 c:/altera/12.0sp2/nios2eds/bin/gnu/h-i686-mingw32/bin/../lib/gcc/nios2-elf/4.1.2/../../../../nios2-elf/lib\libc.a(lib_a-exit.o)
 .bss           0x0181318c        0x0 c:/altera/12.0sp2/nios2eds/bin/gnu/h-i686-mingw32/bin/../lib/gcc/nios2-elf/4.1.2/../../../../nios2-elf/lib\libc.a(lib_a-memcmp.o)
 .bss           0x0181318c        0x0 c:/altera/12.0sp2/nios2eds/bin/gnu/h-i686-mingw32/bin/../lib/gcc/nios2-elf/4.1.2/../../../../nios2-elf/lib\libc.a(lib_a-__atexit.o)
 .bss           0x0181318c        0x0 c:/altera/12.0sp2/nios2eds/bin/gnu/h-i686-mingw32/bin/../lib/gcc/nios2-elf/4.1.2/../../../../nios2-elf/lib\libc.a(lib_a-__call_atexit.o)
 .bss           0x0181318c        0x0 ../HelloWorldnew_bsp/\libhal_bsp.a(alt_exit.o)
 *(COMMON)
 COMMON         0x0181318c      0x100 ../HelloWorldnew_bsp/\libhal_bsp.a(alt_irq_handler.o)
                0x0181318c                alt_irq
 COMMON         0x0181328c      0x190 c:/altera/12.0sp2/nios2eds/bin/gnu/h-i686-mingw32/bin/../lib/gcc/nios2-elf/4.1.2/../../../../nios2-elf/lib\libc.a(lib_a-atexit.o)
                0x0181328c                _atexit0
                0x0181341c                . = ALIGN (0x4)
                0x0181341c                __bss_end = ABSOLUTE (.)

.sdram          0x0181341c        0x0
                0x0181341c                PROVIDE (_alt_partition_sdram_start, ABSOLUTE (.))
 *(.sdram. sdram.*)
                0x0181341c                . = ALIGN (0x4)
                0x0181341c                PROVIDE (_alt_partition_sdram_end, ABSOLUTE (.))
                0x0181341c                _end = ABSOLUTE (.)
                0x0181341c                end = ABSOLUTE (.)
                0x0181341c                __alt_stack_base = ABSOLUTE (.)
                0x0181341c                PROVIDE (_alt_partition_sdram_load_addr, LOADADDR (.sdram))

.cfi_flash      0x02400020        0x0
                0x02400020                PROVIDE (_alt_partition_cfi_flash_start, ABSOLUTE (.))
 *(.cfi_flash. cfi_flash.*)
                0x02400020                . = ALIGN (0x4)
                0x02400020                PROVIDE (_alt_partition_cfi_flash_end, ABSOLUTE (.))
                0x02400020                PROVIDE (_alt_partition_cfi_flash_load_addr, LOADADDR (.cfi_flash))

.onchip_mem     0x0280822c        0x0
                0x0280822c                PROVIDE (_alt_partition_onchip_mem_start, ABSOLUTE (.))
 *(.onchip_mem. onchip_mem.*)
                0x0280822c                . = ALIGN (0x4)
                0x0280822c                PROVIDE (_alt_partition_onchip_mem_end, ABSOLUTE (.))
                0x0280822c                PROVIDE (_alt_partition_onchip_mem_load_addr, LOADADDR (.onchip_mem))

.stab
 *(.stab)

.stabstr
 *(.stabstr)

.stab.excl
 *(.stab.excl)

.stab.exclstr
 *(.stab.exclstr)

.stab.index
 *(.stab.index)

.stab.indexstr
 *(.stab.indexstr)

.comment        0x00000000       0x26
 *(.comment)
 .comment       0x00000000       0x26 obj/default/hello_world.o
                                 0x27 (size before relaxing)
 .comment       0x00000000       0x27 obj/default/pwm.o
 .comment       0x00000000       0x27 obj/default/utilities.o
 .comment       0x00000000       0x27 c:/altera/12.0sp2/nios2eds/bin/gnu/h-i686-mingw32/bin/../lib/gcc/nios2-elf/4.1.2\libgcc.a(_div_sf.o)
 .comment       0x00000000       0x27 c:/altera/12.0sp2/nios2eds/bin/gnu/h-i686-mingw32/bin/../lib/gcc/nios2-elf/4.1.2\libgcc.a(_si_to_sf.o)
 .comment       0x00000000       0x27 c:/altera/12.0sp2/nios2eds/bin/gnu/h-i686-mingw32/bin/../lib/gcc/nios2-elf/4.1.2\libgcc.a(_sf_to_si.o)
 .comment       0x00000000       0x27 c:/altera/12.0sp2/nios2eds/bin/gnu/h-i686-mingw32/bin/../lib/gcc/nios2-elf/4.1.2\libgcc.a(_thenan_sf.o)
 .comment       0x00000000       0x27 c:/altera/12.0sp2/nios2eds/bin/gnu/h-i686-mingw32/bin/../lib/gcc/nios2-elf/4.1.2\libgcc.a(_clzsi2.o)
 .comment       0x00000000       0x27 c:/altera/12.0sp2/nios2eds/bin/gnu/h-i686-mingw32/bin/../lib/gcc/nios2-elf/4.1.2\libgcc.a(_pack_sf.o)
 .comment       0x00000000       0x27 c:/altera/12.0sp2/nios2eds/bin/gnu/h-i686-mingw32/bin/../lib/gcc/nios2-elf/4.1.2\libgcc.a(_unpack_sf.o)
 .comment       0x00000000       0x27 c:/altera/12.0sp2/nios2eds/bin/gnu/h-i686-mingw32/bin/../lib/gcc/nios2-elf/4.1.2\libgcc.a(_clz.o)
 .comment       0x00000000       0x27 c:/altera/12.0sp2/nios2eds/bin/gnu/h-i686-mingw32/bin/../lib/gcc/nios2-elf/4.1.2/../../../../nios2-elf/lib\libc.a(lib_a-printf.o)
 .comment       0x00000000       0x27 c:/altera/12.0sp2/nios2eds/bin/gnu/h-i686-mingw32/bin/../lib/gcc/nios2-elf/4.1.2/../../../../nios2-elf/lib\libc.a(lib_a-puts.o)
 .comment       0x00000000       0x27 c:/altera/12.0sp2/nios2eds/bin/gnu/h-i686-mingw32/bin/../lib/gcc/nios2-elf/4.1.2/../../../../nios2-elf/lib\libc.a(lib_a-strlen.o)
 .comment       0x00000000       0x27 c:/altera/12.0sp2/nios2eds/bin/gnu/h-i686-mingw32/bin/../lib/gcc/nios2-elf/4.1.2/../../../../nios2-elf/lib\libc.a(lib_a-vfprintf.o)
 .comment       0x00000000       0x27 c:/altera/12.0sp2/nios2eds/bin/gnu/h-i686-mingw32/bin/../lib/gcc/nios2-elf/4.1.2/../../../../nios2-elf/lib\libc.a(lib_a-wsetup.o)
 .comment       0x00000000       0x27 c:/altera/12.0sp2/nios2eds/bin/gnu/h-i686-mingw32/bin/../lib/gcc/nios2-elf/4.1.2/../../../../nios2-elf/lib\libc.a(lib_a-dtoa.o)
 .comment       0x00000000       0x27 c:/altera/12.0sp2/nios2eds/bin/gnu/h-i686-mingw32/bin/../lib/gcc/nios2-elf/4.1.2/../../../../nios2-elf/lib\libc.a(lib_a-fflush.o)
 .comment       0x00000000       0x27 c:/altera/12.0sp2/nios2eds/bin/gnu/h-i686-mingw32/bin/../lib/gcc/nios2-elf/4.1.2/../../../../nios2-elf/lib\libc.a(lib_a-findfp.o)
 .comment       0x00000000       0x27 c:/altera/12.0sp2/nios2eds/bin/gnu/h-i686-mingw32/bin/../lib/gcc/nios2-elf/4.1.2/../../../../nios2-elf/lib\libc.a(lib_a-freer.o)
 .comment       0x00000000       0x27 c:/altera/12.0sp2/nios2eds/bin/gnu/h-i686-mingw32/bin/../lib/gcc/nios2-elf/4.1.2/../../../../nios2-elf/lib\libc.a(lib_a-fvwrite.o)
 .comment       0x00000000       0x27 c:/altera/12.0sp2/nios2eds/bin/gnu/h-i686-mingw32/bin/../lib/gcc/nios2-elf/4.1.2/../../../../nios2-elf/lib\libc.a(lib_a-fwalk.o)
 .comment       0x00000000       0x27 c:/altera/12.0sp2/nios2eds/bin/gnu/h-i686-mingw32/bin/../lib/gcc/nios2-elf/4.1.2/../../../../nios2-elf/lib\libc.a(lib_a-impure.o)
 .comment       0x00000000       0x27 c:/altera/12.0sp2/nios2eds/bin/gnu/h-i686-mingw32/bin/../lib/gcc/nios2-elf/4.1.2/../../../../nios2-elf/lib\libc.a(lib_a-locale.o)
 .comment       0x00000000       0x27 c:/altera/12.0sp2/nios2eds/bin/gnu/h-i686-mingw32/bin/../lib/gcc/nios2-elf/4.1.2/../../../../nios2-elf/lib\libc.a(lib_a-makebuf.o)
 .comment       0x00000000       0x27 c:/altera/12.0sp2/nios2eds/bin/gnu/h-i686-mingw32/bin/../lib/gcc/nios2-elf/4.1.2/../../../../nios2-elf/lib\libc.a(lib_a-mallocr.o)
 .comment       0x00000000       0x27 c:/altera/12.0sp2/nios2eds/bin/gnu/h-i686-mingw32/bin/../lib/gcc/nios2-elf/4.1.2/../../../../nios2-elf/lib\libc.a(lib_a-memchr.o)
 .comment       0x00000000       0x27 c:/altera/12.0sp2/nios2eds/bin/gnu/h-i686-mingw32/bin/../lib/gcc/nios2-elf/4.1.2/../../../../nios2-elf/lib\libc.a(lib_a-memcpy.o)
 .comment       0x00000000       0x27 c:/altera/12.0sp2/nios2eds/bin/gnu/h-i686-mingw32/bin/../lib/gcc/nios2-elf/4.1.2/../../../../nios2-elf/lib\libc.a(lib_a-memmove.o)
 .comment       0x00000000       0x27 c:/altera/12.0sp2/nios2eds/bin/gnu/h-i686-mingw32/bin/../lib/gcc/nios2-elf/4.1.2/../../../../nios2-elf/lib\libc.a(lib_a-memset.o)
 .comment       0x00000000       0x27 c:/altera/12.0sp2/nios2eds/bin/gnu/h-i686-mingw32/bin/../lib/gcc/nios2-elf/4.1.2/../../../../nios2-elf/lib\libc.a(lib_a-mprec.o)
 .comment       0x00000000       0x27 c:/altera/12.0sp2/nios2eds/bin/gnu/h-i686-mingw32/bin/../lib/gcc/nios2-elf/4.1.2/../../../../nios2-elf/lib\libc.a(lib_a-reallocr.o)
 .comment       0x00000000       0x27 c:/altera/12.0sp2/nios2eds/bin/gnu/h-i686-mingw32/bin/../lib/gcc/nios2-elf/4.1.2/../../../../nios2-elf/lib\libc.a(lib_a-s_isinfd.o)
 .comment       0x00000000       0x27 c:/altera/12.0sp2/nios2eds/bin/gnu/h-i686-mingw32/bin/../lib/gcc/nios2-elf/4.1.2/../../../../nios2-elf/lib\libc.a(lib_a-s_isnand.o)
 .comment       0x00000000       0x27 c:/altera/12.0sp2/nios2eds/bin/gnu/h-i686-mingw32/bin/../lib/gcc/nios2-elf/4.1.2/../../../../nios2-elf/lib\libc.a(lib_a-sbrkr.o)
 .comment       0x00000000       0x27 c:/altera/12.0sp2/nios2eds/bin/gnu/h-i686-mingw32/bin/../lib/gcc/nios2-elf/4.1.2/../../../../nios2-elf/lib\libc.a(lib_a-stdio.o)
 .comment       0x00000000       0x27 c:/altera/12.0sp2/nios2eds/bin/gnu/h-i686-mingw32/bin/../lib/gcc/nios2-elf/4.1.2/../../../../nios2-elf/lib\libc.a(lib_a-strcmp.o)
 .comment       0x00000000       0x27 c:/altera/12.0sp2/nios2eds/bin/gnu/h-i686-mingw32/bin/../lib/gcc/nios2-elf/4.1.2/../../../../nios2-elf/lib\libc.a(lib_a-writer.o)
 .comment       0x00000000       0x27 c:/altera/12.0sp2/nios2eds/bin/gnu/h-i686-mingw32/bin/../lib/gcc/nios2-elf/4.1.2/../../../../nios2-elf/lib\libc.a(lib_a-callocr.o)
 .comment       0x00000000       0x27 c:/altera/12.0sp2/nios2eds/bin/gnu/h-i686-mingw32/bin/../lib/gcc/nios2-elf/4.1.2/../../../../nios2-elf/lib\libc.a(lib_a-closer.o)
 .comment       0x00000000       0x27 c:/altera/12.0sp2/nios2eds/bin/gnu/h-i686-mingw32/bin/../lib/gcc/nios2-elf/4.1.2/../../../../nios2-elf/lib\libc.a(lib_a-fclose.o)
 .comment       0x00000000       0x27 c:/altera/12.0sp2/nios2eds/bin/gnu/h-i686-mingw32/bin/../lib/gcc/nios2-elf/4.1.2/../../../../nios2-elf/lib\libc.a(lib_a-fstatr.o)
 .comment       0x00000000       0x27 c:/altera/12.0sp2/nios2eds/bin/gnu/h-i686-mingw32/bin/../lib/gcc/nios2-elf/4.1.2/../../../../nios2-elf/lib\libc.a(lib_a-int_errno.o)
 .comment       0x00000000       0x27 c:/altera/12.0sp2/nios2eds/bin/gnu/h-i686-mingw32/bin/../lib/gcc/nios2-elf/4.1.2/../../../../nios2-elf/lib\libc.a(lib_a-isattyr.o)
 .comment       0x00000000       0x27 c:/altera/12.0sp2/nios2eds/bin/gnu/h-i686-mingw32/bin/../lib/gcc/nios2-elf/4.1.2/../../../../nios2-elf/lib\libc.a(lib_a-lseekr.o)
 .comment       0x00000000       0x27 c:/altera/12.0sp2/nios2eds/bin/gnu/h-i686-mingw32/bin/../lib/gcc/nios2-elf/4.1.2/../../../../nios2-elf/lib\libc.a(lib_a-readr.o)
 .comment       0x00000000       0x27 c:/altera/12.0sp2/nios2eds/bin/gnu/h-i686-mingw32/bin/../lib/gcc/nios2-elf/4.1.2\libgcc.a(_udivdi3.o)
 .comment       0x00000000       0x27 c:/altera/12.0sp2/nios2eds/bin/gnu/h-i686-mingw32/bin/../lib/gcc/nios2-elf/4.1.2\libgcc.a(_umoddi3.o)
 .comment       0x00000000       0x27 c:/altera/12.0sp2/nios2eds/bin/gnu/h-i686-mingw32/bin/../lib/gcc/nios2-elf/4.1.2\libgcc.a(_addsub_df.o)
 .comment       0x00000000       0x27 c:/altera/12.0sp2/nios2eds/bin/gnu/h-i686-mingw32/bin/../lib/gcc/nios2-elf/4.1.2\libgcc.a(_mul_df.o)
 .comment       0x00000000       0x27 c:/altera/12.0sp2/nios2eds/bin/gnu/h-i686-mingw32/bin/../lib/gcc/nios2-elf/4.1.2\libgcc.a(_div_df.o)
 .comment       0x00000000       0x27 c:/altera/12.0sp2/nios2eds/bin/gnu/h-i686-mingw32/bin/../lib/gcc/nios2-elf/4.1.2\libgcc.a(_eq_df.o)
 .comment       0x00000000       0x27 c:/altera/12.0sp2/nios2eds/bin/gnu/h-i686-mingw32/bin/../lib/gcc/nios2-elf/4.1.2\libgcc.a(_ne_df.o)
 .comment       0x00000000       0x27 c:/altera/12.0sp2/nios2eds/bin/gnu/h-i686-mingw32/bin/../lib/gcc/nios2-elf/4.1.2\libgcc.a(_gt_df.o)
 .comment       0x00000000       0x27 c:/altera/12.0sp2/nios2eds/bin/gnu/h-i686-mingw32/bin/../lib/gcc/nios2-elf/4.1.2\libgcc.a(_ge_df.o)
 .comment       0x00000000       0x27 c:/altera/12.0sp2/nios2eds/bin/gnu/h-i686-mingw32/bin/../lib/gcc/nios2-elf/4.1.2\libgcc.a(_lt_df.o)
 .comment       0x00000000       0x27 c:/altera/12.0sp2/nios2eds/bin/gnu/h-i686-mingw32/bin/../lib/gcc/nios2-elf/4.1.2\libgcc.a(_si_to_df.o)
 .comment       0x00000000       0x27 c:/altera/12.0sp2/nios2eds/bin/gnu/h-i686-mingw32/bin/../lib/gcc/nios2-elf/4.1.2\libgcc.a(_df_to_si.o)
 .comment       0x00000000       0x27 c:/altera/12.0sp2/nios2eds/bin/gnu/h-i686-mingw32/bin/../lib/gcc/nios2-elf/4.1.2\libgcc.a(_thenan_df.o)
 .comment       0x00000000       0x27 c:/altera/12.0sp2/nios2eds/bin/gnu/h-i686-mingw32/bin/../lib/gcc/nios2-elf/4.1.2\libgcc.a(_usi_to_df.o)
 .comment       0x00000000       0x27 c:/altera/12.0sp2/nios2eds/bin/gnu/h-i686-mingw32/bin/../lib/gcc/nios2-elf/4.1.2\libgcc.a(lib2-divmod.o)
 .comment       0x00000000       0x27 c:/altera/12.0sp2/nios2eds/bin/gnu/h-i686-mingw32/bin/../lib/gcc/nios2-elf/4.1.2\libgcc.a(_muldi3.o)
 .comment       0x00000000       0x27 c:/altera/12.0sp2/nios2eds/bin/gnu/h-i686-mingw32/bin/../lib/gcc/nios2-elf/4.1.2\libgcc.a(_pack_df.o)
 .comment       0x00000000       0x27 c:/altera/12.0sp2/nios2eds/bin/gnu/h-i686-mingw32/bin/../lib/gcc/nios2-elf/4.1.2\libgcc.a(_unpack_df.o)
 .comment       0x00000000       0x27 c:/altera/12.0sp2/nios2eds/bin/gnu/h-i686-mingw32/bin/../lib/gcc/nios2-elf/4.1.2\libgcc.a(_fpcmp_parts_df.o)
 .comment       0x00000000       0x27 ../HelloWorldnew_bsp/\libhal_bsp.a(alt_close.o)
 .comment       0x00000000       0x27 ../HelloWorldnew_bsp/\libhal_bsp.a(alt_dev.o)
 .comment       0x00000000       0x27 ../HelloWorldnew_bsp/\libhal_bsp.a(alt_errno.o)
 .comment       0x00000000       0x27 ../HelloWorldnew_bsp/\libhal_bsp.a(alt_fstat.o)
 .comment       0x00000000       0x27 ../HelloWorldnew_bsp/\libhal_bsp.a(alt_isatty.o)
 .comment       0x00000000       0x27 ../HelloWorldnew_bsp/\libhal_bsp.a(alt_lseek.o)
 .comment       0x00000000       0x27 ../HelloWorldnew_bsp/\libhal_bsp.a(alt_main.o)
 .comment       0x00000000       0x27 ../HelloWorldnew_bsp/\libhal_bsp.a(alt_malloc_lock.o)
 .comment       0x00000000       0x27 ../HelloWorldnew_bsp/\libhal_bsp.a(alt_read.o)
 .comment       0x00000000       0x27 ../HelloWorldnew_bsp/\libhal_bsp.a(alt_release_fd.o)
 .comment       0x00000000       0x27 ../HelloWorldnew_bsp/\libhal_bsp.a(alt_sbrk.o)
 .comment       0x00000000       0x27 ../HelloWorldnew_bsp/\libhal_bsp.a(alt_usleep.o)
 .comment       0x00000000       0x27 ../HelloWorldnew_bsp/\libhal_bsp.a(alt_write.o)
 .comment       0x00000000       0x27 ../HelloWorldnew_bsp/\libhal_bsp.a(alt_sys_init.o)
 .comment       0x00000000       0x27 ../HelloWorldnew_bsp/\libhal_bsp.a(altera_avalon_cfi_flash.o)
 .comment       0x00000000       0x27 ../HelloWorldnew_bsp/\libhal_bsp.a(altera_avalon_cfi_flash_table.o)
 .comment       0x00000000       0x27 ../HelloWorldnew_bsp/\libhal_bsp.a(altera_avalon_jtag_uart_fd.o)
 .comment       0x00000000       0x27 ../HelloWorldnew_bsp/\libhal_bsp.a(altera_avalon_jtag_uart_init.o)
 .comment       0x00000000       0x27 ../HelloWorldnew_bsp/\libhal_bsp.a(altera_avalon_jtag_uart_ioctl.o)
 .comment       0x00000000       0x27 ../HelloWorldnew_bsp/\libhal_bsp.a(altera_avalon_jtag_uart_read.o)
 .comment       0x00000000       0x27 ../HelloWorldnew_bsp/\libhal_bsp.a(altera_avalon_jtag_uart_write.o)
 .comment       0x00000000       0x27 ../HelloWorldnew_bsp/\libhal_bsp.a(altera_avalon_lcd_16207.o)
 .comment       0x00000000       0x27 ../HelloWorldnew_bsp/\libhal_bsp.a(altera_avalon_lcd_16207_fd.o)
 .comment       0x00000000       0x27 ../HelloWorldnew_bsp/\libhal_bsp.a(altera_avalon_timer_sc.o)
 .comment       0x00000000       0x27 ../HelloWorldnew_bsp/\libhal_bsp.a(altera_avalon_uart_fd.o)
 .comment       0x00000000       0x27 ../HelloWorldnew_bsp/\libhal_bsp.a(altera_avalon_uart_init.o)
 .comment       0x00000000       0x27 ../HelloWorldnew_bsp/\libhal_bsp.a(altera_avalon_uart_read.o)
 .comment       0x00000000       0x27 ../HelloWorldnew_bsp/\libhal_bsp.a(altera_avalon_uart_write.o)
 .comment       0x00000000       0x27 ../HelloWorldnew_bsp/\libhal_bsp.a(alt_alarm_start.o)
 .comment       0x00000000       0x27 ../HelloWorldnew_bsp/\libhal_bsp.a(alt_busy_sleep.o)
 .comment       0x00000000       0x27 ../HelloWorldnew_bsp/\libhal_bsp.a(alt_dcache_flush.o)
 .comment       0x00000000       0x27 ../HelloWorldnew_bsp/\libhal_bsp.a(alt_dev_llist_insert.o)
 .comment       0x00000000       0x27 ../HelloWorldnew_bsp/\libhal_bsp.a(alt_do_ctors.o)
 .comment       0x00000000       0x27 ../HelloWorldnew_bsp/\libhal_bsp.a(alt_do_dtors.o)
 .comment       0x00000000       0x27 ../HelloWorldnew_bsp/\libhal_bsp.a(alt_flash_dev.o)
 .comment       0x00000000       0x27 ../HelloWorldnew_bsp/\libhal_bsp.a(alt_iic.o)
 .comment       0x00000000       0x27 ../HelloWorldnew_bsp/\libhal_bsp.a(alt_iic_isr_register.o)
 .comment       0x00000000       0x27 ../HelloWorldnew_bsp/\libhal_bsp.a(alt_io_redirect.o)
 .comment       0x00000000       0x27 ../HelloWorldnew_bsp/\libhal_bsp.a(alt_irq_handler.o)
 .comment       0x00000000       0x27 ../HelloWorldnew_bsp/\libhal_bsp.a(alt_irq_vars.o)
 .comment       0x00000000       0x27 ../HelloWorldnew_bsp/\libhal_bsp.a(alt_open.o)
 .comment       0x00000000       0x27 ../HelloWorldnew_bsp/\libhal_bsp.a(alt_tick.o)
 .comment       0x00000000       0x27 ../HelloWorldnew_bsp/\libhal_bsp.a(altera_nios2_irq.o)
 .comment       0x00000000       0x27 ../HelloWorldnew_bsp/\libhal_bsp.a(altera_avalon_cfi_flash_amd.o)
 .comment       0x00000000       0x27 ../HelloWorldnew_bsp/\libhal_bsp.a(altera_avalon_cfi_flash_intel.o)
 .comment       0x00000000       0x27 ../HelloWorldnew_bsp/\libhal_bsp.a(alt_find_dev.o)
 .comment       0x00000000       0x27 ../HelloWorldnew_bsp/\libhal_bsp.a(alt_find_file.o)
 .comment       0x00000000       0x27 ../HelloWorldnew_bsp/\libhal_bsp.a(alt_get_fd.o)
 .comment       0x00000000       0x27 ../HelloWorldnew_bsp/\libhal_bsp.a(alt_instruction_exception_entry.o)
 .comment       0x00000000       0x27 c:/altera/12.0sp2/nios2eds/bin/gnu/h-i686-mingw32/bin/../lib/gcc/nios2-elf/4.1.2/../../../../nios2-elf/lib\libc.a(lib_a-atexit.o)
 .comment       0x00000000       0x27 c:/altera/12.0sp2/nios2eds/bin/gnu/h-i686-mingw32/bin/../lib/gcc/nios2-elf/4.1.2/../../../../nios2-elf/lib\libc.a(lib_a-ctype_.o)
 .comment       0x00000000       0x27 c:/altera/12.0sp2/nios2eds/bin/gnu/h-i686-mingw32/bin/../lib/gcc/nios2-elf/4.1.2/../../../../nios2-elf/lib\libc.a(lib_a-exit.o)
 .comment       0x00000000       0x27 c:/altera/12.0sp2/nios2eds/bin/gnu/h-i686-mingw32/bin/../lib/gcc/nios2-elf/4.1.2/../../../../nios2-elf/lib\libc.a(lib_a-memcmp.o)
 .comment       0x00000000       0x27 c:/altera/12.0sp2/nios2eds/bin/gnu/h-i686-mingw32/bin/../lib/gcc/nios2-elf/4.1.2/../../../../nios2-elf/lib\libc.a(lib_a-__atexit.o)
 .comment       0x00000000       0x27 c:/altera/12.0sp2/nios2eds/bin/gnu/h-i686-mingw32/bin/../lib/gcc/nios2-elf/4.1.2/../../../../nios2-elf/lib\libc.a(lib_a-__call_atexit.o)
 .comment       0x00000000       0x27 ../HelloWorldnew_bsp/\libhal_bsp.a(alt_exit.o)

.debug
 *(.debug)

.line
 *(.line)

.debug_srcinfo
 *(.debug_srcinfo)

.debug_sfnames
 *(.debug_sfnames)

.debug_aranges  0x00000000      0xeb8
 *(.debug_aranges)
 .debug_aranges
                0x00000000       0x20 ../HelloWorldnew_bsp//obj/HAL/src/crt0.o
 .debug_aranges
                0x00000020       0x20 obj/default/hello_world.o
 .debug_aranges
                0x00000040       0x20 obj/default/pwm.o
 .debug_aranges
                0x00000060       0x20 obj/default/utilities.o
 .debug_aranges
                0x00000080       0x20 c:/altera/12.0sp2/nios2eds/bin/gnu/h-i686-mingw32/bin/../lib/gcc/nios2-elf/4.1.2\libgcc.a(_div_sf.o)
 .debug_aranges
                0x000000a0       0x20 c:/altera/12.0sp2/nios2eds/bin/gnu/h-i686-mingw32/bin/../lib/gcc/nios2-elf/4.1.2\libgcc.a(_si_to_sf.o)
 .debug_aranges
                0x000000c0       0x20 c:/altera/12.0sp2/nios2eds/bin/gnu/h-i686-mingw32/bin/../lib/gcc/nios2-elf/4.1.2\libgcc.a(_sf_to_si.o)
 .debug_aranges
                0x000000e0       0x20 c:/altera/12.0sp2/nios2eds/bin/gnu/h-i686-mingw32/bin/../lib/gcc/nios2-elf/4.1.2\libgcc.a(_clzsi2.o)
 .debug_aranges
                0x00000100       0x20 c:/altera/12.0sp2/nios2eds/bin/gnu/h-i686-mingw32/bin/../lib/gcc/nios2-elf/4.1.2\libgcc.a(_pack_sf.o)
 .debug_aranges
                0x00000120       0x20 c:/altera/12.0sp2/nios2eds/bin/gnu/h-i686-mingw32/bin/../lib/gcc/nios2-elf/4.1.2\libgcc.a(_unpack_sf.o)
 .debug_aranges